../Core/Src/main.c:88:5:main	24	static
../Core/Src/main.c:226:6:SystemClock_Config	88	static
../Core/Src/main.c:272:13:MX_SPI1_Init	8	static
../Core/Src/main.c:312:13:MX_USART2_UART_Init	8	static
../Core/Src/main.c:360:13:MX_GPIO_Init	40	static
../Core/Src/main.c:386:6:UWriteData	16	static
../Core/Src/main.c:394:5:__io_putchar	16	static
../Core/Src/main.c:400:6:PHYStatusCheck	16	static
../Core/Src/main.c:421:6:PrintPHYConf	16	static
../Core/Src/main.c:464:13:simpleClientExample	32	static
../Core/Src/main.c:530:6:Error_Handler	4	static,ignoring_inline_asm
