Archive member included to satisfy reference by file (symbol)

C:/ST/STM32CubeIDE_1.16.0/STM32CubeIDE/plugins/com.st.stm32cube.ide.mcu.externaltools.gnu-tools-for-stm32.12.3.rel1.win32_1.0.200.202406191623/tools/bin/../lib/gcc/arm-none-eabi/12.3.1/../../../../arm-none-eabi/lib/thumb/v7e-m+fp/hard\libc_nano.a(libc_a-exit.o)
                              C:/ST/STM32CubeIDE_1.16.0/STM32CubeIDE/plugins/com.st.stm32cube.ide.mcu.externaltools.gnu-tools-for-stm32.12.3.rel1.win32_1.0.200.202406191623/tools/bin/../lib/gcc/arm-none-eabi/12.3.1/../../../../arm-none-eabi/lib/thumb/v7e-m+fp/hard/crt0.o (exit)
C:/ST/STM32CubeIDE_1.16.0/STM32CubeIDE/plugins/com.st.stm32cube.ide.mcu.externaltools.gnu-tools-for-stm32.12.3.rel1.win32_1.0.200.202406191623/tools/bin/../lib/gcc/arm-none-eabi/12.3.1/../../../../arm-none-eabi/lib/thumb/v7e-m+fp/hard\libc_nano.a(libc_a-findfp.o)
                              C:/ST/STM32CubeIDE_1.16.0/STM32CubeIDE/plugins/com.st.stm32cube.ide.mcu.externaltools.gnu-tools-for-stm32.12.3.rel1.win32_1.0.200.202406191623/tools/bin/../lib/gcc/arm-none-eabi/12.3.1/../../../../arm-none-eabi/lib/thumb/v7e-m+fp/hard\libc_nano.a(libc_a-exit.o) (__stdio_exit_handler)
C:/ST/STM32CubeIDE_1.16.0/STM32CubeIDE/plugins/com.st.stm32cube.ide.mcu.externaltools.gnu-tools-for-stm32.12.3.rel1.win32_1.0.200.202406191623/tools/bin/../lib/gcc/arm-none-eabi/12.3.1/../../../../arm-none-eabi/lib/thumb/v7e-m+fp/hard\libc_nano.a(libc_a-fwalk.o)
                              C:/ST/STM32CubeIDE_1.16.0/STM32CubeIDE/plugins/com.st.stm32cube.ide.mcu.externaltools.gnu-tools-for-stm32.12.3.rel1.win32_1.0.200.202406191623/tools/bin/../lib/gcc/arm-none-eabi/12.3.1/../../../../arm-none-eabi/lib/thumb/v7e-m+fp/hard\libc_nano.a(libc_a-findfp.o) (_fwalk_sglue)
C:/ST/STM32CubeIDE_1.16.0/STM32CubeIDE/plugins/com.st.stm32cube.ide.mcu.externaltools.gnu-tools-for-stm32.12.3.rel1.win32_1.0.200.202406191623/tools/bin/../lib/gcc/arm-none-eabi/12.3.1/../../../../arm-none-eabi/lib/thumb/v7e-m+fp/hard\libc_nano.a(libc_a-printf.o)
                              ./Core/Src/main.o (printf)
C:/ST/STM32CubeIDE_1.16.0/STM32CubeIDE/plugins/com.st.stm32cube.ide.mcu.externaltools.gnu-tools-for-stm32.12.3.rel1.win32_1.0.200.202406191623/tools/bin/../lib/gcc/arm-none-eabi/12.3.1/../../../../arm-none-eabi/lib/thumb/v7e-m+fp/hard\libc_nano.a(libc_a-puts.o)
                              ./Core/Src/main.o (puts)
C:/ST/STM32CubeIDE_1.16.0/STM32CubeIDE/plugins/com.st.stm32cube.ide.mcu.externaltools.gnu-tools-for-stm32.12.3.rel1.win32_1.0.200.202406191623/tools/bin/../lib/gcc/arm-none-eabi/12.3.1/../../../../arm-none-eabi/lib/thumb/v7e-m+fp/hard\libc_nano.a(libc_a-setbuf.o)
                              ./Core/Src/main.o (setbuf)
C:/ST/STM32CubeIDE_1.16.0/STM32CubeIDE/plugins/com.st.stm32cube.ide.mcu.externaltools.gnu-tools-for-stm32.12.3.rel1.win32_1.0.200.202406191623/tools/bin/../lib/gcc/arm-none-eabi/12.3.1/../../../../arm-none-eabi/lib/thumb/v7e-m+fp/hard\libc_nano.a(libc_a-setvbuf.o)
                              C:/ST/STM32CubeIDE_1.16.0/STM32CubeIDE/plugins/com.st.stm32cube.ide.mcu.externaltools.gnu-tools-for-stm32.12.3.rel1.win32_1.0.200.202406191623/tools/bin/../lib/gcc/arm-none-eabi/12.3.1/../../../../arm-none-eabi/lib/thumb/v7e-m+fp/hard\libc_nano.a(libc_a-setbuf.o) (setvbuf)
C:/ST/STM32CubeIDE_1.16.0/STM32CubeIDE/plugins/com.st.stm32cube.ide.mcu.externaltools.gnu-tools-for-stm32.12.3.rel1.win32_1.0.200.202406191623/tools/bin/../lib/gcc/arm-none-eabi/12.3.1/../../../../arm-none-eabi/lib/thumb/v7e-m+fp/hard\libc_nano.a(libc_a-snprintf.o)
                              ./Core/Src/w5500/MQTTC/MQTTPacket/MQTTFormat.o (snprintf)
C:/ST/STM32CubeIDE_1.16.0/STM32CubeIDE/plugins/com.st.stm32cube.ide.mcu.externaltools.gnu-tools-for-stm32.12.3.rel1.win32_1.0.200.202406191623/tools/bin/../lib/gcc/arm-none-eabi/12.3.1/../../../../arm-none-eabi/lib/thumb/v7e-m+fp/hard\libc_nano.a(libc_a-stdio.o)
                              C:/ST/STM32CubeIDE_1.16.0/STM32CubeIDE/plugins/com.st.stm32cube.ide.mcu.externaltools.gnu-tools-for-stm32.12.3.rel1.win32_1.0.200.202406191623/tools/bin/../lib/gcc/arm-none-eabi/12.3.1/../../../../arm-none-eabi/lib/thumb/v7e-m+fp/hard\libc_nano.a(libc_a-findfp.o) (__sread)
C:/ST/STM32CubeIDE_1.16.0/STM32CubeIDE/plugins/com.st.stm32cube.ide.mcu.externaltools.gnu-tools-for-stm32.12.3.rel1.win32_1.0.200.202406191623/tools/bin/../lib/gcc/arm-none-eabi/12.3.1/../../../../arm-none-eabi/lib/thumb/v7e-m+fp/hard\libc_nano.a(libc_a-wbuf.o)
                              C:/ST/STM32CubeIDE_1.16.0/STM32CubeIDE/plugins/com.st.stm32cube.ide.mcu.externaltools.gnu-tools-for-stm32.12.3.rel1.win32_1.0.200.202406191623/tools/bin/../lib/gcc/arm-none-eabi/12.3.1/../../../../arm-none-eabi/lib/thumb/v7e-m+fp/hard\libc_nano.a(libc_a-puts.o) (__swbuf_r)
[...]
Memory Configuration

Name             Origin             Length             Attributes
RAM              0x20000000         0x00020000         xrw
FLASH            0x08000000         0x00080000         xr
*default*        0x00000000         0xffffffff

Linker script and memory map

LOAD C:/ST/STM32CubeIDE_1.16.0/STM32CubeIDE/plugins/com.st.stm32cube.ide.mcu.externaltools.gnu-tools-for-stm32.12.3.rel1.win32_1.0.200.202406191623/tools/bin/../lib/gcc/arm-none-eabi/12.3.1/thumb/v7e-m+fp/hard/crti.o
LOAD C:/ST/STM32CubeIDE_1.16.0/STM32CubeIDE/plugins/com.st.stm32cube.ide.mcu.externaltools.gnu-tools-for-stm32.12.3.rel1.win32_1.0.200.202406191623/tools/bin/../lib/gcc/arm-none-eabi/12.3.1/thumb/v7e-m+fp/hard/crtbegin.o
LOAD C:/ST/STM32CubeIDE_1.16.0/STM32CubeIDE/plugins/com.st.stm32cube.ide.mcu.externaltools.gnu-tools-for-stm32.12.3.rel1.win32_1.0.200.202406191623/tools/bin/../lib/gcc/arm-none-eabi/12.3.1/../../../../arm-none-eabi/lib/thumb/v7e-m+fp/hard/crt0.o
LOAD ./Core/Src/main.o
LOAD ./Core/Src/stm32g4xx_hal_msp.o
LOAD ./Core/Src/stm32g4xx_it.o
LOAD ./Core/Src/syscalls.o
LOAD ./Core/Src/sysmem.o
LOAD ./Core/Src/system_stm32g4xx.o
LOAD ./Core/Src/w5500/MQTTC/MQTTClient.o
LOAD ./Core/Src/w5500/MQTTC/mqtt_interface.o
LOAD ./Core/Src/w5500/MQTTC/MQTTPacket/MQTTConnectClient.o
LOAD ./Core/Src/w5500/MQTTC/MQTTPacket/MQTTConnectServer.o
LOAD ./Core/Src/w5500/MQTTC/MQTTPacket/MQTTDeserializePublish.o
LOAD ./Core/Src/w5500/MQTTC/MQTTPacket/MQTTFormat.o
LOAD ./Core/Src/w5500/MQTTC/MQTTPacket/MQTTPacket.o
LOAD ./Core/Src/w5500/MQTTC/MQTTPacket/MQTTSerializePublish.o
LOAD ./Core/Src/w5500/MQTTC/MQTTPacket/MQTTSubscribeClient.o
LOAD ./Core/Src/w5500/MQTTC/MQTTPacket/MQTTSubscribeServer.o
LOAD ./Core/Src/w5500/MQTTC/MQTTPacket/MQTTUnsubscribeClient.o
LOAD ./Core/Src/w5500/MQTTC/MQTTPacket/MQTTUnsubscribeServer.o
LOAD ./Core/Src/w5500/W5500/w5500.o
LOAD ./Core/Src/w5500/socket.o
LOAD ./Core/Src/w5500/w5500_spi.o
LOAD ./Core/Src/w5500/wizchip_conf.o
LOAD ./Core/Startup/startup_stm32g474retx.o
LOAD ./Drivers/BSP/STM32G4xx_Nucleo/stm32g4xx_nucleo.o
LOAD ./Drivers/STM32G4xx_HAL_Driver/Src/stm32g4xx_hal.o
LOAD ./Drivers/STM32G4xx_HAL_Driver/Src/stm32g4xx_hal_cortex.o
LOAD ./Drivers/STM32G4xx_HAL_Driver/Src/stm32g4xx_hal_dma.o
LOAD ./Drivers/STM32G4xx_HAL_Driver/Src/stm32g4xx_hal_dma_ex.o
LOAD ./Drivers/STM32G4xx_HAL_Driver/Src/stm32g4xx_hal_exti.o
LOAD ./Drivers/STM32G4xx_HAL_Driver/Src/stm32g4xx_hal_flash.o
LOAD ./Drivers/STM32G4xx_HAL_Driver/Src/stm32g4xx_hal_flash_ex.o
LOAD ./Drivers/STM32G4xx_HAL_Driver/Src/stm32g4xx_hal_flash_ramfunc.o
LOAD ./Drivers/STM32G4xx_HAL_Driver/Src/stm32g4xx_hal_gpio.o
LOAD ./Drivers/STM32G4xx_HAL_Driver/Src/stm32g4xx_hal_pwr.o
LOAD ./Drivers/STM32G4xx_HAL_Driver/Src/stm32g4xx_hal_pwr_ex.o
LOAD ./Drivers/STM32G4xx_HAL_Driver/Src/stm32g4xx_hal_rcc.o
LOAD ./Drivers/STM32G4xx_HAL_Driver/Src/stm32g4xx_hal_rcc_ex.o
LOAD ./Drivers/STM32G4xx_HAL_Driver/Src/stm32g4xx_hal_spi.o
LOAD ./Drivers/STM32G4xx_HAL_Driver/Src/stm32g4xx_hal_spi_ex.o
LOAD ./Drivers/STM32G4xx_HAL_Driver/Src/stm32g4xx_hal_tim.o
LOAD ./Drivers/STM32G4xx_HAL_Driver/Src/stm32g4xx_hal_tim_ex.o
LOAD ./Drivers/STM32G4xx_HAL_Driver/Src/stm32g4xx_hal_uart.o
LOAD ./Drivers/STM32G4xx_HAL_Driver/Src/stm32g4xx_hal_uart_ex.o
LOAD ./Drivers/STM32G4xx_HAL_Driver/Src/stm32g4xx_hal_usart.o
LOAD ./Drivers/STM32G4xx_HAL_Driver/Src/stm32g4xx_hal_usart_ex.o
START GROUP
LOAD C:/ST/STM32CubeIDE_1.16.0/STM32CubeIDE/plugins/com.st.stm32cube.ide.mcu.externaltools.gnu-tools-for-stm32.12.3.rel1.win32_1.0.200.202406191623/tools/bin/../lib/gcc/arm-none-eabi/12.3.1/../../../../arm-none-eabi/lib/thumb/v7e-m+fp/hard\libc_nano.a
LOAD C:/ST/STM32CubeIDE_1.16.0/STM32CubeIDE/plugins/com.st.stm32cube.ide.mcu.externaltools.gnu-tools-for-stm32.12.3.rel1.win32_1.0.200.202406191623/tools/bin/../lib/gcc/arm-none-eabi/12.3.1/../../../../arm-none-eabi/lib/thumb/v7e-m+fp/hard\libm.a
END GROUP
START GROUP
LOAD C:/ST/STM32CubeIDE_1.16.0/STM32CubeIDE/plugins/com.st.stm32cube.ide.mcu.externaltools.gnu-tools-for-stm32.12.3.rel1.win32_1.0.200.202406191623/tools/bin/../lib/gcc/arm-none-eabi/12.3.1/thumb/v7e-m+fp/hard\libgcc.a
LOAD C:/ST/STM32CubeIDE_1.16.0/STM32CubeIDE/plugins/com.st.stm32cube.ide.mcu.externaltools.gnu-tools-for-stm32.12.3.rel1.win32_1.0.200.202406191623/tools/bin/../lib/gcc/arm-none-eabi/12.3.1/../../../../arm-none-eabi/lib/thumb/v7e-m+fp/hard\libc_nano.a
END GROUP
START GROUP
LOAD C:/ST/STM32CubeIDE_1.16.0/STM32CubeIDE/plugins/com.st.stm32cube.ide.mcu.externaltools.gnu-tools-for-stm32.12.3.rel1.win32_1.0.200.202406191623/tools/bin/../lib/gcc/arm-none-eabi/12.3.1/thumb/v7e-m+fp/hard\libgcc.a
LOAD C:/ST/STM32CubeIDE_1.16.0/STM32CubeIDE/plugins/com.st.stm32cube.ide.mcu.externaltools.gnu-tools-for-stm32.12.3.rel1.win32_1.0.200.202406191623/tools/bin/../lib/gcc/arm-none-eabi/12.3.1/../../../../arm-none-eabi/lib/thumb/v7e-m+fp/hard\libc_nano.a
LOAD C:/ST/STM32CubeIDE_1.16.0/STM32CubeIDE/plugins/com.st.stm32cube.ide.mcu.externaltools.gnu-tools-for-stm32.12.3.rel1.win32_1.0.200.202406191623/tools/bin/../lib/gcc/arm-none-eabi/12.3.1/../../../../arm-none-eabi/lib/thumb/v7e-m+fp/hard\libnosys.a
END GROUP
START GROUP
LOAD C:/ST/STM32CubeIDE_1.16.0/STM32CubeIDE/plugins/com.st.stm32cube.ide.mcu.externaltools.gnu-tools-for-stm32.12.3.rel1.win32_1.0.200.202406191623/tools/bin/../lib/gcc/arm-none-eabi/12.3.1/thumb/v7e-m+fp/hard\libgcc.a
LOAD C:/ST/STM32CubeIDE_1.16.0/STM32CubeIDE/plugins/com.st.stm32cube.ide.mcu.externaltools.gnu-tools-for-stm32.12.3.rel1.win32_1.0.200.202406191623/tools/bin/../lib/gcc/arm-none-eabi/12.3.1/../../../../arm-none-eabi/lib/thumb/v7e-m+fp/hard\libc_nano.a
LOAD C:/ST/STM32CubeIDE_1.16.0/STM32CubeIDE/plugins/com.st.stm32cube.ide.mcu.externaltools.gnu-tools-for-stm32.12.3.rel1.win32_1.0.200.202406191623/tools/bin/../lib/gcc/arm-none-eabi/12.3.1/../../../../arm-none-eabi/lib/thumb/v7e-m+fp/hard\libnosys.a
END GROUP
LOAD C:/ST/STM32CubeIDE_1.16.0/STM32CubeIDE/plugins/com.st.stm32cube.ide.mcu.externaltools.gnu-tools-for-stm32.12.3.rel1.win32_1.0.200.202406191623/tools/bin/../lib/gcc/arm-none-eabi/12.3.1/thumb/v7e-m+fp/hard/crtend.o
LOAD C:/ST/STM32CubeIDE_1.16.0/STM32CubeIDE/plugins/com.st.stm32cube.ide.mcu.externaltools.gnu-tools-for-stm32.12.3.rel1.win32_1.0.200.202406191623/tools/bin/../lib/gcc/arm-none-eabi/12.3.1/thumb/v7e-m+fp/hard/crtn.o
                0x20020000                        _estack = (ORIGIN (RAM) + LENGTH (RAM))
                0x00000200                        _Min_Heap_Size = 0x200
                0x00000400                        _Min_Stack_Size = 0x400

.isr_vector     0x08000000      0x1d8
                0x08000000                        . = ALIGN (0x4)
 *(.isr_vector)
 .isr_vector    0x08000000      0x1d8 ./Core/Startup/startup_stm32g474retx.o
                0x08000000                g_pfnVectors
                0x080001d8                        . = ALIGN (0x4)

.text           0x080001e0     0x78b8
                0x080001e0                        . = ALIGN (0x4)
 *(.text)
 .text          0x080001e0       0x40 C:/ST/STM32CubeIDE_1.16.0/STM32CubeIDE/plugins/com.st.stm32cube.ide.mcu.externaltools.gnu-tools-for-stm32.12.3.rel1.win32_1.0.200.202406191623/tools/bin/../lib/gcc/arm-none-eabi/12.3.1/thumb/v7e-m+fp/hard/crtbegin.o
 .text          0x08000220       0x14 C:/ST/STM32CubeIDE_1.16.0/STM32CubeIDE/plugins/com.st.stm32cube.ide.mcu.externaltools.gnu-tools-for-stm32.12.3.rel1.win32_1.0.200.202406191623/tools/bin/../lib/gcc/arm-none-eabi/12.3.1/../../../../arm-none-eabi/lib/thumb/v7e-m+fp/hard\libc_nano.a(libc_a-strcmp.o)
                0x08000220                strcmp
 .text          0x08000234       0x10 C:/ST/STM32CubeIDE_1.16.0/STM32CubeIDE/plugins/com.st.stm32cube.ide.mcu.externaltools.gnu-tools-for-stm32.12.3.rel1.win32_1.0.200.202406191623/tools/bin/../lib/gcc/arm-none-eabi/12.3.1/../../../../arm-none-eabi/lib/thumb/v7e-m+fp/hard\libc_nano.a(libc_a-strlen.o)
                0x08000234                strlen
 *fill*         0x08000244        0xc 
 .text          0x08000250       0xa0 C:/ST/STM32CubeIDE_1.16.0/STM32CubeIDE/plugins/com.st.stm32cube.ide.mcu.externaltools.gnu-tools-for-stm32.12.3.rel1.win32_1.0.200.202406191623/tools/bin/../lib/gcc/arm-none-eabi/12.3.1/../../../../arm-none-eabi/lib/thumb/v7e-m+fp/hard\libc_nano.a(libc_a-memchr.o)
                0x08000250                memchr
 .text          0x080002f0       0x30 C:/ST/STM32CubeIDE_1.16.0/STM32CubeIDE/plugins/com.st.stm32cube.ide.mcu.externaltools.gnu-tools-for-stm32.12.3.rel1.win32_1.0.200.202406191623/tools/bin/../lib/gcc/arm-none-eabi/12.3.1/thumb/v7e-m+fp/hard\libgcc.a(_aeabi_uldivmod.o)
                0x080002f0                __aeabi_uldivmod
 .text          0x08000320      0x2bc C:/ST/STM32CubeIDE_1.16.0/STM32CubeIDE/plugins/com.st.stm32cube.ide.mcu.externaltools.gnu-tools-for-stm32.12.3.rel1.win32_1.0.200.202406191623/tools/bin/../lib/gcc/arm-none-eabi/12.3.1/thumb/v7e-m+fp/hard\libgcc.a(_udivmoddi4.o)
                0x08000320                __udivmoddi4
 .text          0x080005dc        0x4 C:/ST/STM32CubeIDE_1.16.0/STM32CubeIDE/plugins/com.st.stm32cube.ide.mcu.externaltools.gnu-tools-for-stm32.12.3.rel1.win32_1.0.200.202406191623/tools/bin/../lib/gcc/arm-none-eabi/12.3.1/thumb/v7e-m+fp/hard\libgcc.a(_dvmd_tls.o)
                0x080005dc                __aeabi_idiv0
                0x080005dc                __aeabi_ldiv0
 *(.text*)
 .text.main     0x080005e0      0x184 ./Core/Src/main.o
                0x080005e0                main
 .text.SystemClock_Config
                0x08000764       0x94 ./Core/Src/main.o
                0x08000764                SystemClock_Config
 .text.MX_SPI1_Init
                0x080007f8       0x8c ./Core/Src/main.o
 .text.MX_USART2_UART_Init
                0x08000884       0x98 ./Core/Src/main.o
 .text.MX_GPIO_Init
                0x0800091c       0x94 ./Core/Src/main.o
 .text.UWriteData
                0x080009b0       0x34 ./Core/Src/main.o
 .text.__io_putchar
                0x080009e4       0x1c ./Core/Src/main.o
                0x080009e4                __io_putchar
 .text.PHYStatusCheck
                0x08000a00       0x4c ./Core/Src/main.o
 .text.PrintPHYConf
                0x08000a4c       0x88 ./Core/Src/main.o
 .text.PrintBrokerIP
                0x08000ad4       0x34 ./Core/Src/main.o
 .text.OnTopicTemperature
                0x08000b08       0x1c ./Core/Src/main.o
 .text.OnTopicHumidity
                0x08000b24       0x1c ./Core/Src/main.o
 .text.Error_Handler
                0x08000b40        0xc ./Core/Src/main.o
                0x08000b40                Error_Handler
 .text.HAL_MspInit
                0x08000b4c       0x48 ./Core/Src/stm32g4xx_hal_msp.o
                0x08000b4c                HAL_MspInit
 .text.HAL_SPI_MspInit
                0x08000b94       0xc0 ./Core/Src/stm32g4xx_hal_msp.o
                0x08000b94                HAL_SPI_MspInit
 .text.HAL_UART_MspInit
                0x08000c54       0xb0 ./Core/Src/stm32g4xx_hal_msp.o
                0x08000c54                HAL_UART_MspInit
 .text.NMI_Handler
                0x08000d04        0x8 ./Core/Src/stm32g4xx_it.o
                0x08000d04                NMI_Handler
 .text.HardFault_Handler
                0x08000d0c        0x8 ./Core/Src/stm32g4xx_it.o
                0x08000d0c                HardFault_Handler
 .text.MemManage_Handler
                0x08000d14        0x8 ./Core/Src/stm32g4xx_it.o
                0x08000d14                MemManage_Handler
 .text.BusFault_Handler
                0x08000d1c        0x8 ./Core/Src/stm32g4xx_it.o
                0x08000d1c                BusFault_Handler
 .text.UsageFault_Handler
                0x08000d24        0x8 ./Core/Src/stm32g4xx_it.o
                0x08000d24                UsageFault_Handler
 .text.SVC_Handler
                0x08000d2c        0xe ./Core/Src/stm32g4xx_it.o
                0x08000d2c                SVC_Handler
 .text.DebugMon_Handler
                0x08000d3a        0xe ./Core/Src/stm32g4xx_it.o
                0x08000d3a                DebugMon_Handler
 .text.PendSV_Handler
                0x08000d48        0xe ./Core/Src/stm32g4xx_it.o
                0x08000d48                PendSV_Handler
 .text.SysTick_Handler
                0x08000d56       0x10 ./Core/Src/stm32g4xx_it.o
                0x08000d56                SysTick_Handler
 .text.EXTI15_10_IRQHandler
                0x08000d66        0xe ./Core/Src/stm32g4xx_it.o
                0x08000d66                EXTI15_10_IRQHandler
 .text._read    0x08000d74       0x3a ./Core/Src/syscalls.o
                0x08000d74                _read
 .text._write   0x08000dae       0x38 ./Core/Src/syscalls.o
                0x08000dae                _write
 .text._close   0x08000de6       0x18 ./Core/Src/syscalls.o
                0x08000de6                _close
 .text._fstat   0x08000dfe       0x20 ./Core/Src/syscalls.o
                0x08000dfe                _fstat
 .text._isatty  0x08000e1e       0x16 ./Core/Src/syscalls.o
                0x08000e1e                _isatty
 .text._lseek   0x08000e34       0x1a ./Core/Src/syscalls.o
                0x08000e34                _lseek
 *fill*         0x08000e4e        0x2 
 .text._sbrk    0x08000e50       0x6c ./Core/Src/sysmem.o
                0x08000e50                _sbrk
 .text.SystemInit
                0x08000ebc       0x24 ./Core/Src/system_stm32g4xx.o
                0x08000ebc                SystemInit
 .text.NewMessageData
                0x08000ee0       0x24 ./Core/Src/w5500/MQTTC/MQTTClient.o
 .text.getNextPacketId
                0x08000f04       0x32 ./Core/Src/w5500/MQTTC/MQTTClient.o
 .text.sendPacket
                0x08000f36       0x92 ./Core/Src/w5500/MQTTC/MQTTClient.o
 .text.MQTTClientInit
                0x08000fc8       0x8a ./Core/Src/w5500/MQTTC/MQTTClient.o
                0x08000fc8                MQTTClientInit
 .text.decodePacket
                0x08001052       0x88 ./Core/Src/w5500/MQTTC/MQTTClient.o
 .text.readPacket
                0x080010da      0x108 ./Core/Src/w5500/MQTTC/MQTTClient.o
 .text.isTopicMatched
                0x080011e2       0xd2 ./Core/Src/w5500/MQTTC/MQTTClient.o
 .text.deliverMessage
                0x080012b4       0xd0 ./Core/Src/w5500/MQTTC/MQTTClient.o
                0x080012b4                deliverMessage
 .text.keepalive
                0x08001384       0xa2 ./Core/Src/w5500/MQTTC/MQTTClient.o
                0x08001384                keepalive
 .text.MQTTCleanSession
                0x08001426       0x38 ./Core/Src/w5500/MQTTC/MQTTClient.o
                0x08001426                MQTTCleanSession
 .text.MQTTCloseSession
                0x0800145e       0x2a ./Core/Src/w5500/MQTTC/MQTTClient.o
                0x0800145e                MQTTCloseSession
 .text.cycle    0x08001488      0x200 ./Core/Src/w5500/MQTTC/MQTTClient.o
                0x08001488                cycle
 .text.MQTTYield
                0x08001688       0x5a ./Core/Src/w5500/MQTTC/MQTTClient.o
                0x08001688                MQTTYield
 .text.waitfor  0x080016e2       0x44 ./Core/Src/w5500/MQTTC/MQTTClient.o
                0x080016e2                waitfor
 *fill*         0x08001726        0x2 
 .text.MQTTConnectWithResults
                0x08001728      0x124 ./Core/Src/w5500/MQTTC/MQTTClient.o
                0x08001728                MQTTConnectWithResults
 .text.MQTTConnect
                0x0800184c       0x22 ./Core/Src/w5500/MQTTC/MQTTClient.o
                0x0800184c                MQTTConnect
 .text.MQTTSetMessageHandler
                0x0800186e       0xd4 ./Core/Src/w5500/MQTTC/MQTTClient.o
                0x0800186e                MQTTSetMessageHandler
 .text.MQTTSubscribeWithResults
                0x08001942      0x11c ./Core/Src/w5500/MQTTC/MQTTClient.o
                0x08001942                MQTTSubscribeWithResults
 .text.MQTTSubscribe
                0x08001a5e       0x2c ./Core/Src/w5500/MQTTC/MQTTClient.o
                0x08001a5e                MQTTSubscribe
 *fill*         0x08001a8a        0x2 
 .text.MilliTimer_Handler
                0x08001a8c       0x1c ./Core/Src/w5500/MQTTC/mqtt_interface.o
                0x08001a8c                MilliTimer_Handler
 .text.TimerInit
                0x08001aa8       0x1a ./Core/Src/w5500/MQTTC/mqtt_interface.o
                0x08001aa8                TimerInit
 *fill*         0x08001ac2        0x2 
 .text.TimerIsExpired
                0x08001ac4       0x2c ./Core/Src/w5500/MQTTC/mqtt_interface.o
                0x08001ac4                TimerIsExpired
 .text.TimerCountdownMS
                0x08001af0       0x28 ./Core/Src/w5500/MQTTC/mqtt_interface.o
                0x08001af0                TimerCountdownMS
 .text.TimerCountdown
                0x08001b18       0x30 ./Core/Src/w5500/MQTTC/mqtt_interface.o
                0x08001b18                TimerCountdown
 .text.TimerLeftMS
                0x08001b48       0x2c ./Core/Src/w5500/MQTTC/mqtt_interface.o
                0x08001b48                TimerLeftMS
 .text.NewNetwork
                0x08001b74       0x3c ./Core/Src/w5500/MQTTC/mqtt_interface.o
                0x08001b74                NewNetwork
 .text.w5x00_read
                0x08001bb0       0x5a ./Core/Src/w5500/MQTTC/mqtt_interface.o
                0x08001bb0                w5x00_read
 .text.w5x00_write
                0x08001c0a       0x48 ./Core/Src/w5500/MQTTC/mqtt_interface.o
                0x08001c0a                w5x00_write
 .text.w5x00_disconnect
                0x08001c52       0x1c ./Core/Src/w5500/MQTTC/mqtt_interface.o
                0x08001c52                w5x00_disconnect
 .text.ConnectNetwork
                0x08001c6e       0x58 ./Core/Src/w5500/MQTTC/mqtt_interface.o
                0x08001c6e                ConnectNetwork
 .text.MQTTSerialize_connectLength
                0x08001cc6       0xc2 ./Core/Src/w5500/MQTTC/MQTTPacket/MQTTConnectClient.o
                0x08001cc6                MQTTSerialize_connectLength
 .text.MQTTSerialize_connect
                0x08001d88      0x1d8 ./Core/Src/w5500/MQTTC/MQTTPacket/MQTTConnectClient.o
                0x08001d88                MQTTSerialize_connect
 .text.MQTTDeserialize_connack
                0x08001f60       0xaa ./Core/Src/w5500/MQTTC/MQTTPacket/MQTTConnectClient.o
                0x08001f60                MQTTDeserialize_connack
 .text.MQTTSerialize_zero
                0x0800200a       0x70 ./Core/Src/w5500/MQTTC/MQTTPacket/MQTTConnectClient.o
                0x0800200a                MQTTSerialize_zero
 .text.MQTTSerialize_pingreq
                0x0800207a       0x1e ./Core/Src/w5500/MQTTC/MQTTPacket/MQTTConnectClient.o
                0x0800207a                MQTTSerialize_pingreq
 .text.MQTTDeserialize_publish
                0x08002098       0xe4 ./Core/Src/w5500/MQTTC/MQTTPacket/MQTTDeserializePublish.o
                0x08002098                MQTTDeserialize_publish
 .text.MQTTDeserialize_ack
                0x0800217c       0x96 ./Core/Src/w5500/MQTTC/MQTTPacket/MQTTDeserializePublish.o
                0x0800217c                MQTTDeserialize_ack
 .text.MQTTPacket_encode
                0x08002212       0x5e ./Core/Src/w5500/MQTTC/MQTTPacket/MQTTPacket.o
                0x08002212                MQTTPacket_encode
 .text.MQTTPacket_decode
                0x08002270       0x78 ./Core/Src/w5500/MQTTC/MQTTPacket/MQTTPacket.o
                0x08002270                MQTTPacket_decode
 .text.MQTTPacket_len
                0x080022e8       0x54 ./Core/Src/w5500/MQTTC/MQTTPacket/MQTTPacket.o
                0x080022e8                MQTTPacket_len
 .text.bufchar  0x0800233c       0x40 ./Core/Src/w5500/MQTTC/MQTTPacket/MQTTPacket.o
                0x0800233c                bufchar
 .text.MQTTPacket_decodeBuf
                0x0800237c       0x2c ./Core/Src/w5500/MQTTC/MQTTPacket/MQTTPacket.o
                0x0800237c                MQTTPacket_decodeBuf
 .text.readInt  0x080023a8       0x36 ./Core/Src/w5500/MQTTC/MQTTPacket/MQTTPacket.o
                0x080023a8                readInt
 .text.readChar
                0x080023de       0x28 ./Core/Src/w5500/MQTTC/MQTTPacket/MQTTPacket.o
                0x080023de                readChar
 .text.writeChar
                0x08002406       0x2a ./Core/Src/w5500/MQTTC/MQTTPacket/MQTTPacket.o
                0x08002406                writeChar
 .text.writeInt
                0x08002430       0x52 ./Core/Src/w5500/MQTTC/MQTTPacket/MQTTPacket.o
                0x08002430                writeInt
 .text.writeCString
                0x08002482       0x3e ./Core/Src/w5500/MQTTC/MQTTPacket/MQTTPacket.o
                0x08002482                writeCString
 .text.writeMQTTString
                0x080024c0       0x5c ./Core/Src/w5500/MQTTC/MQTTPacket/MQTTPacket.o
                0x080024c0                writeMQTTString
 .text.readMQTTLenString
                0x0800251c       0x62 ./Core/Src/w5500/MQTTC/MQTTPacket/MQTTPacket.o
                0x0800251c                readMQTTLenString
 .text.MQTTstrlen
                0x0800257e       0x32 ./Core/Src/w5500/MQTTC/MQTTPacket/MQTTPacket.o
                0x0800257e                MQTTstrlen
 .text.MQTTPacket_equals
                0x080025b0       0x6e ./Core/Src/w5500/MQTTC/MQTTPacket/MQTTPacket.o
                0x080025b0                MQTTPacket_equals
 .text.MQTTSerialize_ack
                0x0800261e       0xaa ./Core/Src/w5500/MQTTC/MQTTPacket/MQTTSerializePublish.o
                0x0800261e                MQTTSerialize_ack
 .text.MQTTSerialize_subscribeLength
                0x080026c8       0x4e ./Core/Src/w5500/MQTTC/MQTTPacket/MQTTSubscribeClient.o
                0x080026c8                MQTTSerialize_subscribeLength
 .text.MQTTSerialize_subscribe
                0x08002716       0xf8 ./Core/Src/w5500/MQTTC/MQTTPacket/MQTTSubscribeClient.o
                0x08002716                MQTTSerialize_subscribe
 .text.MQTTDeserialize_suback
                0x0800280e       0xce ./Core/Src/w5500/MQTTC/MQTTPacket/MQTTSubscribeClient.o
                0x0800280e                MQTTDeserialize_suback
 .text.WIZCHIP_READ
                0x080028dc       0x98 ./Core/Src/w5500/W5500/w5500.o
                0x080028dc                WIZCHIP_READ
 .text.WIZCHIP_WRITE
                0x08002974       0x9c ./Core/Src/w5500/W5500/w5500.o
                0x08002974                WIZCHIP_WRITE
 .text.WIZCHIP_READ_BUF
                0x08002a10       0xc0 ./Core/Src/w5500/W5500/w5500.o
                0x08002a10                WIZCHIP_READ_BUF
 .text.WIZCHIP_WRITE_BUF
                0x08002ad0       0xc0 ./Core/Src/w5500/W5500/w5500.o
                0x08002ad0                WIZCHIP_WRITE_BUF
 .text.getSn_TX_FSR
                0x08002b90       0x92 ./Core/Src/w5500/W5500/w5500.o
                0x08002b90                getSn_TX_FSR
 .text.getSn_RX_RSR
                0x08002c22       0x92 ./Core/Src/w5500/W5500/w5500.o
                0x08002c22                getSn_RX_RSR
 .text.wiz_send_data
                0x08002cb4       0xb4 ./Core/Src/w5500/W5500/w5500.o
                0x08002cb4                wiz_send_data
 .text.wiz_recv_data
                0x08002d68       0xb4 ./Core/Src/w5500/W5500/w5500.o
                0x08002d68                wiz_recv_data
 .text.socket   0x08002e1c      0x228 ./Core/Src/w5500/socket.o
                0x08002e1c                socket
 .text.close    0x08003044       0xdc ./Core/Src/w5500/socket.o
                0x08003044                close
 .text.connect  0x08003120      0x1b8 ./Core/Src/w5500/socket.o
                0x08003120                connect
 .text.disconnect
                0x080032d8       0xec ./Core/Src/w5500/socket.o
                0x080032d8                disconnect
 .text.send     0x080033c4      0x1f0 ./Core/Src/w5500/socket.o
                0x080033c4                send
 .text.recv     0x080035b4      0x168 ./Core/Src/w5500/socket.o
                0x080035b4                recv
 .text.SPIReadWrite
                0x0800371c       0x50 ./Core/Src/w5500/w5500_spi.o
                0x0800371c                SPIReadWrite
 .text.wizchip_select
                0x0800376c       0x14 ./Core/Src/w5500/w5500_spi.o
                0x0800376c                wizchip_select
 .text.wizchip_deselect
                0x08003780       0x14 ./Core/Src/w5500/w5500_spi.o
                0x08003780                wizchip_deselect
 .text.wizchip_read
                0x08003794       0x1a ./Core/Src/w5500/w5500_spi.o
                0x08003794                wizchip_read
 .text.wizchip_write
                0x080037ae       0x1a ./Core/Src/w5500/w5500_spi.o
                0x080037ae                wizchip_write
 .text.wizchip_readburst
                0x080037c8       0x3e ./Core/Src/w5500/w5500_spi.o
                0x080037c8                wizchip_readburst
 .text.wizchip_writeburst
                0x08003806       0x3a ./Core/Src/w5500/w5500_spi.o
                0x08003806                wizchip_writeburst
 .text.W5500IOInit
                0x08003840       0x54 ./Core/Src/w5500/w5500_spi.o
                0x08003840                W5500IOInit
 .text.W5500Init
                0x08003894       0xb0 ./Core/Src/w5500/w5500_spi.o
                0x08003894                W5500Init
 .text.wizchip_cris_enter
                0x08003944        0xe ./Core/Src/w5500/wizchip_conf.o
                0x08003944                wizchip_cris_enter
 .text.wizchip_cris_exit
                0x08003952        0xe ./Core/Src/w5500/wizchip_conf.o
                0x08003952                wizchip_cris_exit
 .text.wizchip_cs_select
                0x08003960        0xe ./Core/Src/w5500/wizchip_conf.o
                0x08003960                wizchip_cs_select
 .text.wizchip_cs_deselect
                0x0800396e        0xe ./Core/Src/w5500/wizchip_conf.o
                0x0800396e                wizchip_cs_deselect
 .text.wizchip_bus_readdata
                0x0800397c       0x1a ./Core/Src/w5500/wizchip_conf.o
                0x0800397c                wizchip_bus_readdata
 .text.wizchip_bus_writedata
                0x08003996       0x1e ./Core/Src/w5500/wizchip_conf.o
                0x08003996                wizchip_bus_writedata
 .text.wizchip_spi_readbyte
                0x080039b4       0x10 ./Core/Src/w5500/wizchip_conf.o
                0x080039b4                wizchip_spi_readbyte
 .text.wizchip_spi_writebyte
                0x080039c4       0x16 ./Core/Src/w5500/wizchip_conf.o
                0x080039c4                wizchip_spi_writebyte
 .text.wizchip_spi_readburst
                0x080039da       0x18 ./Core/Src/w5500/wizchip_conf.o
                0x080039da                wizchip_spi_readburst
 .text.wizchip_spi_writeburst
                0x080039f2       0x18 ./Core/Src/w5500/wizchip_conf.o
                0x080039f2                wizchip_spi_writeburst
 *fill*         0x08003a0a        0x2 
 .text.reg_wizchip_cs_cbfunc
                0x08003a0c       0x4c ./Core/Src/w5500/wizchip_conf.o
                0x08003a0c                reg_wizchip_cs_cbfunc
 .text.reg_wizchip_spi_cbfunc
                0x08003a58       0x58 ./Core/Src/w5500/wizchip_conf.o
                0x08003a58                reg_wizchip_spi_cbfunc
 .text.reg_wizchip_spiburst_cbfunc
                0x08003ab0       0x58 ./Core/Src/w5500/wizchip_conf.o
                0x08003ab0                reg_wizchip_spiburst_cbfunc
 .text.ctlwizchip
                0x08003b08      0x1c0 ./Core/Src/w5500/wizchip_conf.o
                0x08003b08                ctlwizchip
 .text.ctlnetwork
                0x08003cc8       0x7c ./Core/Src/w5500/wizchip_conf.o
                0x08003cc8                ctlnetwork
 .text.wizchip_sw_reset
                0x08003d44       0x98 ./Core/Src/w5500/wizchip_conf.o
                0x08003d44                wizchip_sw_reset
 .text.wizchip_init
                0x08003ddc      0x118 ./Core/Src/w5500/wizchip_conf.o
                0x08003ddc                wizchip_init
 .text.wizchip_clrinterrupt
                0x08003ef4       0x68 ./Core/Src/w5500/wizchip_conf.o
                0x08003ef4                wizchip_clrinterrupt
 .text.wizchip_getinterrupt
                0x08003f5c       0x4a ./Core/Src/w5500/wizchip_conf.o
                0x08003f5c                wizchip_getinterrupt
 .text.wizchip_setinterruptmask
                0x08003fa6       0x36 ./Core/Src/w5500/wizchip_conf.o
                0x08003fa6                wizchip_setinterruptmask
 .text.wizchip_getinterruptmask
                0x08003fdc       0x46 ./Core/Src/w5500/wizchip_conf.o
                0x08003fdc                wizchip_getinterruptmask
 .text.wizphy_getphylink
                0x08004022       0x2c ./Core/Src/w5500/wizchip_conf.o
                0x08004022                wizphy_getphylink
 .text.wizphy_getphypmode
                0x0800404e       0x32 ./Core/Src/w5500/wizchip_conf.o
                0x0800404e                wizphy_getphypmode
 .text.wizphy_reset
                0x08004080       0x4e ./Core/Src/w5500/wizchip_conf.o
                0x08004080                wizphy_reset
 .text.wizphy_setphyconf
                0x080040ce       0x84 ./Core/Src/w5500/wizchip_conf.o
                0x080040ce                wizphy_setphyconf
 *fill*         0x08004152        0x2 
 .text.wizphy_getphyconf
                0x08004154       0xd4 ./Core/Src/w5500/wizchip_conf.o
                0x08004154                wizphy_getphyconf
 .text.wizphy_setphypmode
                0x08004228       0x94 ./Core/Src/w5500/wizchip_conf.o
                0x08004228                wizphy_setphypmode
 .text.wizchip_setnetinfo
                0x080042bc       0x80 ./Core/Src/w5500/wizchip_conf.o
                0x080042bc                wizchip_setnetinfo
 .text.wizchip_getnetinfo
                0x0800433c       0x80 ./Core/Src/w5500/wizchip_conf.o
                0x0800433c                wizchip_getnetinfo
 .text.wizchip_setnetmode
                0x080043bc       0x44 ./Core/Src/w5500/wizchip_conf.o
                0x080043bc                wizchip_setnetmode
 .text.wizchip_getnetmode
                0x08004400       0x10 ./Core/Src/w5500/wizchip_conf.o
                0x08004400                wizchip_getnetmode
 .text.wizchip_settimeout
                0x08004410       0x42 ./Core/Src/w5500/wizchip_conf.o
                0x08004410                wizchip_settimeout
 .text.wizchip_gettimeout
                0x08004452       0x40 ./Core/Src/w5500/wizchip_conf.o
                0x08004452                wizchip_gettimeout
 *fill*         0x08004492        0x2 
 .text.Reset_Handler
                0x08004494       0x50 ./Core/Startup/startup_stm32g474retx.o
                0x08004494                Reset_Handler
 .text.Default_Handler
                0x080044e4        0x2 ./Core/Startup/startup_stm32g474retx.o
                0x080044e4                RTC_Alarm_IRQHandler
                0x080044e4                EXTI2_IRQHandler
                0x080044e4                TIM8_TRG_COM_IRQHandler
                0x080044e4                TIM8_CC_IRQHandler
                0x080044e4                HRTIM1_Master_IRQHandler
                0x080044e4                SPI4_IRQHandler
                0x080044e4                FDCAN3_IT0_IRQHandler
                0x080044e4                TIM1_CC_IRQHandler
                0x080044e4                HRTIM1_FLT_IRQHandler
                0x080044e4                HRTIM1_TIMF_IRQHandler
                0x080044e4                USB_HP_IRQHandler
                0x080044e4                CORDIC_IRQHandler
                0x080044e4                HRTIM1_TIMD_IRQHandler
                0x080044e4                DMA2_Channel8_IRQHandler
                0x080044e4                EXTI3_IRQHandler
                0x080044e4                I2C3_ER_IRQHandler
                0x080044e4                EXTI0_IRQHandler
                0x080044e4                I2C2_EV_IRQHandler
                0x080044e4                FPU_IRQHandler
                0x080044e4                FDCAN1_IT1_IRQHandler
                0x080044e4                TIM1_UP_TIM16_IRQHandler
                0x080044e4                ADC1_2_IRQHandler
                0x080044e4                HRTIM1_TIME_IRQHandler
                0x080044e4                SPI1_IRQHandler
                0x080044e4                TIM6_DAC_IRQHandler
                0x080044e4                HRTIM1_TIMC_IRQHandler
                0x080044e4                TIM8_UP_IRQHandler
                0x080044e4                DMA2_Channel2_IRQHandler
                0x080044e4                DMA1_Channel4_IRQHandler
                0x080044e4                TIM20_TRG_COM_IRQHandler
                0x080044e4                USART3_IRQHandler
                0x080044e4                DMA1_Channel7_IRQHandler
                0x080044e4                UART5_IRQHandler
                0x080044e4                ADC3_IRQHandler
                0x080044e4                TIM4_IRQHandler
                0x080044e4                DMA2_Channel1_IRQHandler
                0x080044e4                QUADSPI_IRQHandler
                0x080044e4                I2C1_EV_IRQHandler
                0x080044e4                DMA1_Channel6_IRQHandler
                0x080044e4                UART4_IRQHandler
                0x080044e4                DMA2_Channel4_IRQHandler
                0x080044e4                TIM3_IRQHandler
                0x080044e4                RCC_IRQHandler
                0x080044e4                TIM20_UP_IRQHandler
                0x080044e4                DMA1_Channel1_IRQHandler
                0x080044e4                Default_Handler
                0x080044e4                DMA2_Channel7_IRQHandler
                0x080044e4                RTC_TAMP_LSECSS_IRQHandler
                0x080044e4                FMAC_IRQHandler
                0x080044e4                DMA1_Channel8_IRQHandler
                0x080044e4                HRTIM1_TIMA_IRQHandler
                0x080044e4                TIM7_DAC_IRQHandler
                0x080044e4                FDCAN3_IT1_IRQHandler
                0x080044e4                TIM5_IRQHandler
                0x080044e4                UCPD1_IRQHandler
                0x080044e4                I2C3_EV_IRQHandler
                0x080044e4                EXTI9_5_IRQHandler
                0x080044e4                RTC_WKUP_IRQHandler
                0x080044e4                PVD_PVM_IRQHandler
                0x080044e4                SPI2_IRQHandler
                0x080044e4                ADC5_IRQHandler
                0x080044e4                DMA2_Channel5_IRQHandler
                0x080044e4                CRS_IRQHandler
                0x080044e4                DMA1_Channel5_IRQHandler
                0x080044e4                USB_LP_IRQHandler
                0x080044e4                EXTI4_IRQHandler
                0x080044e4                RNG_IRQHandler
                0x080044e4                HRTIM1_TIMB_IRQHandler
                0x080044e4                TIM1_TRG_COM_TIM17_IRQHandler
                0x080044e4                FDCAN2_IT1_IRQHandler
                0x080044e4                DMA1_Channel3_IRQHandler
                0x080044e4                ADC4_IRQHandler
                0x080044e4                WWDG_IRQHandler
                0x080044e4                I2C4_EV_IRQHandler
                0x080044e4                FDCAN2_IT0_IRQHandler
                0x080044e4                LPUART1_IRQHandler
                0x080044e4                DMA2_Channel6_IRQHandler
                0x080044e4                FDCAN1_IT0_IRQHandler
                0x080044e4                TIM2_IRQHandler
                0x080044e4                COMP7_IRQHandler
                0x080044e4                COMP1_2_3_IRQHandler
                0x080044e4                EXTI1_IRQHandler
                0x080044e4                USART2_IRQHandler
                0x080044e4                COMP4_5_6_IRQHandler
                0x080044e4                TIM20_BRK_IRQHandler
                0x080044e4                I2C2_ER_IRQHandler
                0x080044e4                DMA1_Channel2_IRQHandler
                0x080044e4                TIM8_BRK_IRQHandler
                0x080044e4                FLASH_IRQHandler
                0x080044e4                TIM20_CC_IRQHandler
                0x080044e4                USART1_IRQHandler
                0x080044e4                SPI3_IRQHandler
                0x080044e4                I2C1_ER_IRQHandler
                0x080044e4                FMC_IRQHandler
                0x080044e4                LPTIM1_IRQHandler
                0x080044e4                DMAMUX_OVR_IRQHandler
                0x080044e4                I2C4_ER_IRQHandler
                0x080044e4                USBWakeUp_IRQHandler
                0x080044e4                SAI1_IRQHandler
                0x080044e4                DMA2_Channel3_IRQHandler
                0x080044e4                TIM1_BRK_TIM15_IRQHandler
 .text.HAL_Init
                0x080044e6       0x30 ./Drivers/STM32G4xx_HAL_Driver/Src/stm32g4xx_hal.o
                0x080044e6                HAL_Init
 *fill*         0x08004516        0x2 
 .text.HAL_InitTick
                0x08004518       0x74 ./Drivers/STM32G4xx_HAL_Driver/Src/stm32g4xx_hal.o
                0x08004518                HAL_InitTick
 .text.HAL_IncTick
                0x0800458c       0x24 ./Drivers/STM32G4xx_HAL_Driver/Src/stm32g4xx_hal.o
                0x0800458c                HAL_IncTick
 .text.HAL_GetTick
                0x080045b0       0x18 ./Drivers/STM32G4xx_HAL_Driver/Src/stm32g4xx_hal.o
                0x080045b0                HAL_GetTick
 .text.HAL_Delay
                0x080045c8       0x44 ./Drivers/STM32G4xx_HAL_Driver/Src/stm32g4xx_hal.o
                0x080045c8                HAL_Delay
 .text.__NVIC_SetPriorityGrouping
                0x0800460c       0x48 ./Drivers/STM32G4xx_HAL_Driver/Src/stm32g4xx_hal_cortex.o
 .text.__NVIC_GetPriorityGrouping
                0x08004654       0x1c ./Drivers/STM32G4xx_HAL_Driver/Src/stm32g4xx_hal_cortex.o
 .text.__NVIC_SetPriority
                0x08004670       0x54 ./Drivers/STM32G4xx_HAL_Driver/Src/stm32g4xx_hal_cortex.o
 .text.NVIC_EncodePriority
                0x080046c4       0x66 ./Drivers/STM32G4xx_HAL_Driver/Src/stm32g4xx_hal_cortex.o
 *fill*         0x0800472a        0x2 
 .text.SysTick_Config
                0x0800472c       0x44 ./Drivers/STM32G4xx_HAL_Driver/Src/stm32g4xx_hal_cortex.o
 .text.HAL_NVIC_SetPriorityGrouping
                0x08004770       0x16 ./Drivers/STM32G4xx_HAL_Driver/Src/stm32g4xx_hal_cortex.o
                0x08004770                HAL_NVIC_SetPriorityGrouping
 .text.HAL_NVIC_SetPriority
                0x08004786       0x34 ./Drivers/STM32G4xx_HAL_Driver/Src/stm32g4xx_hal_cortex.o
                0x08004786                HAL_NVIC_SetPriority
 .text.HAL_SYSTICK_Config
                0x080047ba       0x18 ./Drivers/STM32G4xx_HAL_Driver/Src/stm32g4xx_hal_cortex.o
                0x080047ba                HAL_SYSTICK_Config
 *fill*         0x080047d2        0x2 
 .text.HAL_GPIO_Init
                0x080047d4      0x304 ./Drivers/STM32G4xx_HAL_Driver/Src/stm32g4xx_hal_gpio.o
                0x080047d4                HAL_GPIO_Init
 .text.HAL_GPIO_WritePin
                0x08004ad8       0x30 ./Drivers/STM32G4xx_HAL_Driver/Src/stm32g4xx_hal_gpio.o
                0x08004ad8                HAL_GPIO_WritePin
 .text.HAL_PWREx_ControlVoltageScaling
                0x08004b08      0x148 ./Drivers/STM32G4xx_HAL_Driver/Src/stm32g4xx_hal_pwr_ex.o
                0x08004b08                HAL_PWREx_ControlVoltageScaling
 .text.HAL_PWREx_DisableUCPDDeadBattery
                0x08004c50       0x20 ./Drivers/STM32G4xx_HAL_Driver/Src/stm32g4xx_hal_pwr_ex.o
                0x08004c50                HAL_PWREx_DisableUCPDDeadBattery
 .text.HAL_RCC_OscConfig
                0x08004c70      0x624 ./Drivers/STM32G4xx_HAL_Driver/Src/stm32g4xx_hal_rcc.o
                0x08004c70                HAL_RCC_OscConfig
 .text.HAL_RCC_ClockConfig
                0x08005294      0x278 ./Drivers/STM32G4xx_HAL_Driver/Src/stm32g4xx_hal_rcc.o
                0x08005294                HAL_RCC_ClockConfig
 .text.HAL_RCC_GetSysClockFreq
                0x0800550c       0xc4 ./Drivers/STM32G4xx_HAL_Driver/Src/stm32g4xx_hal_rcc.o
                0x0800550c                HAL_RCC_GetSysClockFreq
 .text.HAL_RCC_GetHCLKFreq
                0x080055d0       0x18 ./Drivers/STM32G4xx_HAL_Driver/Src/stm32g4xx_hal_rcc.o
                0x080055d0                HAL_RCC_GetHCLKFreq
 .text.HAL_RCC_GetPCLK1Freq
                0x080055e8       0x2c ./Drivers/STM32G4xx_HAL_Driver/Src/stm32g4xx_hal_rcc.o
                0x080055e8                HAL_RCC_GetPCLK1Freq
 .text.HAL_RCC_GetPCLK2Freq
                0x08005614       0x2c ./Drivers/STM32G4xx_HAL_Driver/Src/stm32g4xx_hal_rcc.o
                0x08005614                HAL_RCC_GetPCLK2Freq
 .text.RCC_GetSysClockFreqFromPLLSource
                0x08005640       0x8c ./Drivers/STM32G4xx_HAL_Driver/Src/stm32g4xx_hal_rcc.o
 .text.HAL_RCCEx_PeriphCLKConfig
                0x080056cc      0x49c ./Drivers/STM32G4xx_HAL_Driver/Src/stm32g4xx_hal_rcc_ex.o
                0x080056cc                HAL_RCCEx_PeriphCLKConfig
 .text.HAL_SPI_Init
                0x08005b68      0x156 ./Drivers/STM32G4xx_HAL_Driver/Src/stm32g4xx_hal_spi.o
                0x08005b68                HAL_SPI_Init
 .text.HAL_UART_Init
                0x08005cbe       0xa0 ./Drivers/STM32G4xx_HAL_Driver/Src/stm32g4xx_hal_uart.o
                0x08005cbe                HAL_UART_Init
 *fill*         0x08005d5e        0x2 
 .text.UART_SetConfig
                0x08005d60      0x5f8 ./Drivers/STM32G4xx_HAL_Driver/Src/stm32g4xx_hal_uart.o
                0x08005d60                UART_SetConfig
 .text.UART_AdvFeatureConfig
                0x08006358      0x144 ./Drivers/STM32G4xx_HAL_Driver/Src/stm32g4xx_hal_uart.o
                0x08006358                UART_AdvFeatureConfig
 .text.UART_CheckIdleState
                0x0800649c      0x154 ./Drivers/STM32G4xx_HAL_Driver/Src/stm32g4xx_hal_uart.o
                0x0800649c                UART_CheckIdleState
 .text.UART_WaitOnFlagUntilTimeout
                0x080065f0       0xda ./Drivers/STM32G4xx_HAL_Driver/Src/stm32g4xx_hal_uart.o
                0x080065f0                UART_WaitOnFlagUntilTimeout
 .text.UART_EndRxTransfer
                0x080066ca       0xcc ./Drivers/STM32G4xx_HAL_Driver/Src/stm32g4xx_hal_uart.o
 .text.HAL_UARTEx_DisableFifoMode
                0x08006796       0x72 ./Drivers/STM32G4xx_HAL_Driver/Src/stm32g4xx_hal_uart_ex.o
                0x08006796                HAL_UARTEx_DisableFifoMode
 .text.HAL_UARTEx_SetTxFifoThreshold
                0x08006808       0x7c ./Drivers/STM32G4xx_HAL_Driver/Src/stm32g4xx_hal_uart_ex.o
                0x08006808                HAL_UARTEx_SetTxFifoThreshold
 .text.HAL_UARTEx_SetRxFifoThreshold
                0x08006884       0x7c ./Drivers/STM32G4xx_HAL_Driver/Src/stm32g4xx_hal_uart_ex.o
                0x08006884                HAL_UARTEx_SetRxFifoThreshold
 .text.UARTEx_SetNbDataToProcess
                0x08006900       0x9c ./Drivers/STM32G4xx_HAL_Driver/Src/stm32g4xx_hal_uart_ex.o
 .text.std      0x0800699c       0x6c C:/ST/STM32CubeIDE_1.16.0/STM32CubeIDE/plugins/com.st.stm32cube.ide.mcu.externaltools.gnu-tools-for-stm32.12.3.rel1.win32_1.0.200.202406191623/tools/bin/../lib/gcc/arm-none-eabi/12.3.1/../../../../arm-none-eabi/lib/thumb/v7e-m+fp/hard\libc_nano.a(libc_a-findfp.o)
 .text.stdio_exit_handler
                0x08006a08       0x18 C:/ST/STM32CubeIDE_1.16.0/STM32CubeIDE/plugins/com.st.stm32cube.ide.mcu.externaltools.gnu-tools-for-stm32.12.3.rel1.win32_1.0.200.202406191623/tools/bin/../lib/gcc/arm-none-eabi/12.3.1/../../../../arm-none-eabi/lib/thumb/v7e-m+fp/hard\libc_nano.a(libc_a-findfp.o)
 .text.cleanup_stdio
                0x08006a20       0x40 C:/ST/STM32CubeIDE_1.16.0/STM32CubeIDE/plugins/com.st.stm32cube.ide.mcu.externaltools.gnu-tools-for-stm32.12.3.rel1.win32_1.0.200.202406191623/tools/bin/../lib/gcc/arm-none-eabi/12.3.1/../../../../arm-none-eabi/lib/thumb/v7e-m+fp/hard\libc_nano.a(libc_a-findfp.o)
 .text.global_stdio_init.part.0
                0x08006a60       0x3c C:/ST/STM32CubeIDE_1.16.0/STM32CubeIDE/plugins/com.st.stm32cube.ide.mcu.externaltools.gnu-tools-for-stm32.12.3.rel1.win32_1.0.200.202406191623/tools/bin/../lib/gcc/arm-none-eabi/12.3.1/../../../../arm-none-eabi/lib/thumb/v7e-m+fp/hard\libc_nano.a(libc_a-findfp.o)
 .text.__sfp_lock_acquire
                0x08006a9c        0xc C:/ST/STM32CubeIDE_1.16.0/STM32CubeIDE/plugins/com.st.stm32cube.ide.mcu.externaltools.gnu-tools-for-stm32.12.3.rel1.win32_1.0.200.202406191623/tools/bin/../lib/gcc/arm-none-eabi/12.3.1/../../../../arm-none-eabi/lib/thumb/v7e-m+fp/hard\libc_nano.a(libc_a-findfp.o)
                0x08006a9c                __sfp_lock_acquire
 .text.__sfp_lock_release
                0x08006aa8        0xc C:/ST/STM32CubeIDE_1.16.0/STM32CubeIDE/plugins/com.st.stm32cube.ide.mcu.externaltools.gnu-tools-for-stm32.12.3.rel1.win32_1.0.200.202406191623/tools/bin/../lib/gcc/arm-none-eabi/12.3.1/../../../../arm-none-eabi/lib/thumb/v7e-m+fp/hard\libc_nano.a(libc_a-findfp.o)
                0x08006aa8                __sfp_lock_release
 .text.__sinit  0x08006ab4       0x30 C:/ST/STM32CubeIDE_1.16.0/STM32CubeIDE/plugins/com.st.stm32cube.ide.mcu.externaltools.gnu-tools-for-stm32.12.3.rel1.win32_1.0.200.202406191623/tools/bin/../lib/gcc/arm-none-eabi/12.3.1/../../../../arm-none-eabi/lib/thumb/v7e-m+fp/hard\libc_nano.a(libc_a-findfp.o)
                0x08006ab4                __sinit
 .text._fwalk_sglue
                0x08006ae4       0x3c C:/ST/STM32CubeIDE_1.16.0/STM32CubeIDE/plugins/com.st.stm32cube.ide.mcu.externaltools.gnu-tools-for-stm32.12.3.rel1.win32_1.0.200.202406191623/tools/bin/../lib/gcc/arm-none-eabi/12.3.1/../../../../arm-none-eabi/lib/thumb/v7e-m+fp/hard\libc_nano.a(libc_a-fwalk.o)
                0x08006ae4                _fwalk_sglue
 .text.printf   0x08006b20       0x24 C:/ST/STM32CubeIDE_1.16.0/STM32CubeIDE/plugins/com.st.stm32cube.ide.mcu.externaltools.gnu-tools-for-stm32.12.3.rel1.win32_1.0.200.202406191623/tools/bin/../lib/gcc/arm-none-eabi/12.3.1/../../../../arm-none-eabi/lib/thumb/v7e-m+fp/hard\libc_nano.a(libc_a-printf.o)
                0x08006b20                iprintf
                0x08006b20                printf
 .text._puts_r  0x08006b44       0xaa C:/ST/STM32CubeIDE_1.16.0/STM32CubeIDE/plugins/com.st.stm32cube.ide.mcu.externaltools.gnu-tools-for-stm32.12.3.rel1.win32_1.0.200.202406191623/tools/bin/../lib/gcc/arm-none-eabi/12.3.1/../../../../arm-none-eabi/lib/thumb/v7e-m+fp/hard\libc_nano.a(libc_a-puts.o)
                0x08006b44                _puts_r
 *fill*         0x08006bee        0x2 
 .text.puts     0x08006bf0       0x10 C:/ST/STM32CubeIDE_1.16.0/STM32CubeIDE/plugins/com.st.stm32cube.ide.mcu.externaltools.gnu-tools-for-stm32.12.3.rel1.win32_1.0.200.202406191623/tools/bin/../lib/gcc/arm-none-eabi/12.3.1/../../../../arm-none-eabi/lib/thumb/v7e-m+fp/hard\libc_nano.a(libc_a-puts.o)
                0x08006bf0                puts
 .text.setbuf   0x08006c00       0x10 C:/ST/STM32CubeIDE_1.16.0/STM32CubeIDE/plugins/com.st.stm32cube.ide.mcu.externaltools.gnu-tools-for-stm32.12.3.rel1.win32_1.0.200.202406191623/tools/bin/../lib/gcc/arm-none-eabi/12.3.1/../../../../arm-none-eabi/lib/thumb/v7e-m+fp/hard\libc_nano.a(libc_a-setbuf.o)
                0x08006c00                setbuf
 .text.setvbuf  0x08006c10      0x168 C:/ST/STM32CubeIDE_1.16.0/STM32CubeIDE/plugins/com.st.stm32cube.ide.mcu.externaltools.gnu-tools-for-stm32.12.3.rel1.win32_1.0.200.202406191623/tools/bin/../lib/gcc/arm-none-eabi/12.3.1/../../../../arm-none-eabi/lib/thumb/v7e-m+fp/hard\libc_nano.a(libc_a-setvbuf.o)
                0x08006c10                setvbuf
 .text.__sread  0x08006d78       0x22 C:/ST/STM32CubeIDE_1.16.0/STM32CubeIDE/plugins/com.st.stm32cube.ide.mcu.externaltools.gnu-tools-for-stm32.12.3.rel1.win32_1.0.200.202406191623/tools/bin/../lib/gcc/arm-none-eabi/12.3.1/../../../../arm-none-eabi/lib/thumb/v7e-m+fp/hard\libc_nano.a(libc_a-stdio.o)
                0x08006d78                __sread
 .text.__swrite
                0x08006d9a       0x38 C:/ST/STM32CubeIDE_1.16.0/STM32CubeIDE/plugins/com.st.stm32cube.ide.mcu.externaltools.gnu-tools-for-stm32.12.3.rel1.win32_1.0.200.202406191623/tools/bin/../lib/gcc/arm-none-eabi/12.3.1/../../../../arm-none-eabi/lib/thumb/v7e-m+fp/hard\libc_nano.a(libc_a-stdio.o)
                0x08006d9a                __swrite
 .text.__sseek  0x08006dd2       0x24 C:/ST/STM32CubeIDE_1.16.0/STM32CubeIDE/plugins/com.st.stm32cube.ide.mcu.externaltools.gnu-tools-for-stm32.12.3.rel1.win32_1.0.200.202406191623/tools/bin/../lib/gcc/arm-none-eabi/12.3.1/../../../../arm-none-eabi/lib/thumb/v7e-m+fp/hard\libc_nano.a(libc_a-stdio.o)
                0x08006dd2                __sseek
 .text.__sclose
                0x08006df6        0x8 C:/ST/STM32CubeIDE_1.16.0/STM32CubeIDE/plugins/com.st.stm32cube.ide.mcu.externaltools.gnu-tools-for-stm32.12.3.rel1.win32_1.0.200.202406191623/tools/bin/../lib/gcc/arm-none-eabi/12.3.1/../../../../arm-none-eabi/lib/thumb/v7e-m+fp/hard\libc_nano.a(libc_a-stdio.o)
                0x08006df6                __sclose
 .text.__swbuf_r
                0x08006dfe       0x7c C:/ST/STM32CubeIDE_1.16.0/STM32CubeIDE/plugins/com.st.stm32cube.ide.mcu.externaltools.gnu-tools-for-stm32.12.3.rel1.win32_1.0.200.202406191623/tools/bin/../lib/gcc/arm-none-eabi/12.3.1/../../../../arm-none-eabi/lib/thumb/v7e-m+fp/hard\libc_nano.a(libc_a-wbuf.o)
                0x08006dfe                __swbuf_r
 *fill*         0x08006e7a        0x2 
 .text.__swsetup_r
                0x08006e7c       0xac C:/ST/STM32CubeIDE_1.16.0/STM32CubeIDE/plugins/com.st.stm32cube.ide.mcu.externaltools.gnu-tools-for-stm32.12.3.rel1.win32_1.0.200.202406191623/tools/bin/../lib/gcc/arm-none-eabi/12.3.1/../../../../arm-none-eabi/lib/thumb/v7e-m+fp/hard\libc_nano.a(libc_a-wsetup.o)
                0x08006e7c                __swsetup_r
 .text.memset   0x08006f28       0x10 C:/ST/STM32CubeIDE_1.16.0/STM32CubeIDE/plugins/com.st.stm32cube.ide.mcu.externaltools.gnu-tools-for-stm32.12.3.rel1.win32_1.0.200.202406191623/tools/bin/../lib/gcc/arm-none-eabi/12.3.1/../../../../arm-none-eabi/lib/thumb/v7e-m+fp/hard\libc_nano.a(libc_a-memset.o)
                0x08006f28                memset
 .text.strncmp  0x08006f38       0x24 C:/ST/STM32CubeIDE_1.16.0/STM32CubeIDE/plugins/com.st.stm32cube.ide.mcu.externaltools.gnu-tools-for-stm32.12.3.rel1.win32_1.0.200.202406191623/tools/bin/../lib/gcc/arm-none-eabi/12.3.1/../../../../arm-none-eabi/lib/thumb/v7e-m+fp/hard\libc_nano.a(libc_a-strncmp.o)
                0x08006f38                strncmp
 .text._close_r
                0x08006f5c       0x20 C:/ST/STM32CubeIDE_1.16.0/STM32CubeIDE/plugins/com.st.stm32cube.ide.mcu.externaltools.gnu-tools-for-stm32.12.3.rel1.win32_1.0.200.202406191623/tools/bin/../lib/gcc/arm-none-eabi/12.3.1/../../../../arm-none-eabi/lib/thumb/v7e-m+fp/hard\libc_nano.a(libc_a-closer.o)
                0x08006f5c                _close_r
 .text._lseek_r
                0x08006f7c       0x24 C:/ST/STM32CubeIDE_1.16.0/STM32CubeIDE/plugins/com.st.stm32cube.ide.mcu.externaltools.gnu-tools-for-stm32.12.3.rel1.win32_1.0.200.202406191623/tools/bin/../lib/gcc/arm-none-eabi/12.3.1/../../../../arm-none-eabi/lib/thumb/v7e-m+fp/hard\libc_nano.a(libc_a-lseekr.o)
                0x08006f7c                _lseek_r
 .text._read_r  0x08006fa0       0x24 C:/ST/STM32CubeIDE_1.16.0/STM32CubeIDE/plugins/com.st.stm32cube.ide.mcu.externaltools.gnu-tools-for-stm32.12.3.rel1.win32_1.0.200.202406191623/tools/bin/../lib/gcc/arm-none-eabi/12.3.1/../../../../arm-none-eabi/lib/thumb/v7e-m+fp/hard\libc_nano.a(libc_a-readr.o)
                0x08006fa0                _read_r
 .text._write_r
                0x08006fc4       0x24 C:/ST/STM32CubeIDE_1.16.0/STM32CubeIDE/plugins/com.st.stm32cube.ide.mcu.externaltools.gnu-tools-for-stm32.12.3.rel1.win32_1.0.200.202406191623/tools/bin/../lib/gcc/arm-none-eabi/12.3.1/../../../../arm-none-eabi/lib/thumb/v7e-m+fp/hard\libc_nano.a(libc_a-writer.o)
                0x08006fc4                _write_r
 .text.__errno  0x08006fe8        0xc C:/ST/STM32CubeIDE_1.16.0/STM32CubeIDE/plugins/com.st.stm32cube.ide.mcu.externaltools.gnu-tools-for-stm32.12.3.rel1.win32_1.0.200.202406191623/tools/bin/../lib/gcc/arm-none-eabi/12.3.1/../../../../arm-none-eabi/lib/thumb/v7e-m+fp/hard\libc_nano.a(libc_a-errno.o)
                0x08006fe8                __errno
 .text.__libc_init_array
                0x08006ff4       0x48 C:/ST/STM32CubeIDE_1.16.0/STM32CubeIDE/plugins/com.st.stm32cube.ide.mcu.externaltools.gnu-tools-for-stm32.12.3.rel1.win32_1.0.200.202406191623/tools/bin/../lib/gcc/arm-none-eabi/12.3.1/../../../../arm-none-eabi/lib/thumb/v7e-m+fp/hard\libc_nano.a(libc_a-init.o)
                0x08006ff4                __libc_init_array
 .text.__retarget_lock_init_recursive
                0x0800703c        0x2 C:/ST/STM32CubeIDE_1.16.0/STM32CubeIDE/plugins/com.st.stm32cube.ide.mcu.externaltools.gnu-tools-for-stm32.12.3.rel1.win32_1.0.200.202406191623/tools/bin/../lib/gcc/arm-none-eabi/12.3.1/../../../../arm-none-eabi/lib/thumb/v7e-m+fp/hard\libc_nano.a(libc_a-lock.o)
                0x0800703c                __retarget_lock_init_recursive
 .text.__retarget_lock_acquire_recursive
                0x0800703e        0x2 C:/ST/STM32CubeIDE_1.16.0/STM32CubeIDE/plugins/com.st.stm32cube.ide.mcu.externaltools.gnu-tools-for-stm32.12.3.rel1.win32_1.0.200.202406191623/tools/bin/../lib/gcc/arm-none-eabi/12.3.1/../../../../arm-none-eabi/lib/thumb/v7e-m+fp/hard\libc_nano.a(libc_a-lock.o)
                0x0800703e                __retarget_lock_acquire_recursive
 .text.__retarget_lock_release_recursive
                0x08007040        0x2 C:/ST/STM32CubeIDE_1.16.0/STM32CubeIDE/plugins/com.st.stm32cube.ide.mcu.externaltools.gnu-tools-for-stm32.12.3.rel1.win32_1.0.200.202406191623/tools/bin/../lib/gcc/arm-none-eabi/12.3.1/../../../../arm-none-eabi/lib/thumb/v7e-m+fp/hard\libc_nano.a(libc_a-lock.o)
                0x08007040                __retarget_lock_release_recursive
 .text.memcpy   0x08007042       0x1c C:/ST/STM32CubeIDE_1.16.0/STM32CubeIDE/plugins/com.st.stm32cube.ide.mcu.externaltools.gnu-tools-for-stm32.12.3.rel1.win32_1.0.200.202406191623/tools/bin/../lib/gcc/arm-none-eabi/12.3.1/../../../../arm-none-eabi/lib/thumb/v7e-m+fp/hard\libc_nano.a(libc_a-memcpy-stub.o)
                0x08007042                memcpy
 *fill*         0x0800705e        0x2 
 .text._free_r  0x08007060       0x94 C:/ST/STM32CubeIDE_1.16.0/STM32CubeIDE/plugins/com.st.stm32cube.ide.mcu.externaltools.gnu-tools-for-stm32.12.3.rel1.win32_1.0.200.202406191623/tools/bin/../lib/gcc/arm-none-eabi/12.3.1/../../../../arm-none-eabi/lib/thumb/v7e-m+fp/hard\libc_nano.a(libc_a-freer.o)
                0x08007060                _free_r
 .text.malloc   0x080070f4       0x10 C:/ST/STM32CubeIDE_1.16.0/STM32CubeIDE/plugins/com.st.stm32cube.ide.mcu.externaltools.gnu-tools-for-stm32.12.3.rel1.win32_1.0.200.202406191623/tools/bin/../lib/gcc/arm-none-eabi/12.3.1/../../../../arm-none-eabi/lib/thumb/v7e-m+fp/hard\libc_nano.a(libc_a-malloc.o)
                0x080070f4                malloc
 .text.sbrk_aligned
                0x08007104       0x44 C:/ST/STM32CubeIDE_1.16.0/STM32CubeIDE/plugins/com.st.stm32cube.ide.mcu.externaltools.gnu-tools-for-stm32.12.3.rel1.win32_1.0.200.202406191623/tools/bin/../lib/gcc/arm-none-eabi/12.3.1/../../../../arm-none-eabi/lib/thumb/v7e-m+fp/hard\libc_nano.a(libc_a-mallocr.o)
 .text._malloc_r
                0x08007148      0x100 C:/ST/STM32CubeIDE_1.16.0/STM32CubeIDE/plugins/com.st.stm32cube.ide.mcu.externaltools.gnu-tools-for-stm32.12.3.rel1.win32_1.0.200.202406191623/tools/bin/../lib/gcc/arm-none-eabi/12.3.1/../../../../arm-none-eabi/lib/thumb/v7e-m+fp/hard\libc_nano.a(libc_a-mallocr.o)
                0x08007148                _malloc_r
 .text.__malloc_lock
                0x08007248        0xc C:/ST/STM32CubeIDE_1.16.0/STM32CubeIDE/plugins/com.st.stm32cube.ide.mcu.externaltools.gnu-tools-for-stm32.12.3.rel1.win32_1.0.200.202406191623/tools/bin/../lib/gcc/arm-none-eabi/12.3.1/../../../../arm-none-eabi/lib/thumb/v7e-m+fp/hard\libc_nano.a(libc_a-mlock.o)
                0x08007248                __malloc_lock
 .text.__malloc_unlock
                0x08007254        0xc C:/ST/STM32CubeIDE_1.16.0/STM32CubeIDE/plugins/com.st.stm32cube.ide.mcu.externaltools.gnu-tools-for-stm32.12.3.rel1.win32_1.0.200.202406191623/tools/bin/../lib/gcc/arm-none-eabi/12.3.1/../../../../arm-none-eabi/lib/thumb/v7e-m+fp/hard\libc_nano.a(libc_a-mlock.o)
                0x08007254                __malloc_unlock
 .text.__sfputc_r
                0x08007260       0x2e C:/ST/STM32CubeIDE_1.16.0/STM32CubeIDE/plugins/com.st.stm32cube.ide.mcu.externaltools.gnu-tools-for-stm32.12.3.rel1.win32_1.0.200.202406191623/tools/bin/../lib/gcc/arm-none-eabi/12.3.1/../../../../arm-none-eabi/lib/thumb/v7e-m+fp/hard\libc_nano.a(libc_a-nano-vfprintf.o)
 .text.__sfputs_r
                0x0800728e       0x24 C:/ST/STM32CubeIDE_1.16.0/STM32CubeIDE/plugins/com.st.stm32cube.ide.mcu.externaltools.gnu-tools-for-stm32.12.3.rel1.win32_1.0.200.202406191623/tools/bin/../lib/gcc/arm-none-eabi/12.3.1/../../../../arm-none-eabi/lib/thumb/v7e-m+fp/hard\libc_nano.a(libc_a-nano-vfprintf.o)
                0x0800728e                __sfputs_r
 *fill*         0x080072b2        0x2 
 .text._vfprintf_r
                0x080072b4      0x230 C:/ST/STM32CubeIDE_1.16.0/STM32CubeIDE/plugins/com.st.stm32cube.ide.mcu.externaltools.gnu-tools-for-stm32.12.3.rel1.win32_1.0.200.202406191623/tools/bin/../lib/gcc/arm-none-eabi/12.3.1/../../../../arm-none-eabi/lib/thumb/v7e-m+fp/hard\libc_nano.a(libc_a-nano-vfprintf.o)
                0x080072b4                _vfprintf_r
                0x080072b4                _vfiprintf_r
 .text._printf_common
                0x080074e4       0xda C:/ST/STM32CubeIDE_1.16.0/STM32CubeIDE/plugins/com.st.stm32cube.ide.mcu.externaltools.gnu-tools-for-stm32.12.3.rel1.win32_1.0.200.202406191623/tools/bin/../lib/gcc/arm-none-eabi/12.3.1/../../../../arm-none-eabi/lib/thumb/v7e-m+fp/hard\libc_nano.a(libc_a-nano-vfprintf_i.o)
                0x080074e4                _printf_common
 *fill*         0x080075be        0x2 
 .text._printf_i
                0x080075c0      0x240 C:/ST/STM32CubeIDE_1.16.0/STM32CubeIDE/plugins/com.st.stm32cube.ide.mcu.externaltools.gnu-tools-for-stm32.12.3.rel1.win32_1.0.200.202406191623/tools/bin/../lib/gcc/arm-none-eabi/12.3.1/../../../../arm-none-eabi/lib/thumb/v7e-m+fp/hard\libc_nano.a(libc_a-nano-vfprintf_i.o)
                0x080075c0                _printf_i
 .text.__sflush_r
                0x08007800      0x108 C:/ST/STM32CubeIDE_1.16.0/STM32CubeIDE/plugins/com.st.stm32cube.ide.mcu.externaltools.gnu-tools-for-stm32.12.3.rel1.win32_1.0.200.202406191623/tools/bin/../lib/gcc/arm-none-eabi/12.3.1/../../../../arm-none-eabi/lib/thumb/v7e-m+fp/hard\libc_nano.a(libc_a-fflush.o)
                0x08007800                __sflush_r
 .text._fflush_r
                0x08007908       0x50 C:/ST/STM32CubeIDE_1.16.0/STM32CubeIDE/plugins/com.st.stm32cube.ide.mcu.externaltools.gnu-tools-for-stm32.12.3.rel1.win32_1.0.200.202406191623/tools/bin/../lib/gcc/arm-none-eabi/12.3.1/../../../../arm-none-eabi/lib/thumb/v7e-m+fp/hard\libc_nano.a(libc_a-fflush.o)
                0x08007908                _fflush_r
 .text.__swhatbuf_r
                0x08007958       0x4c C:/ST/STM32CubeIDE_1.16.0/STM32CubeIDE/plugins/com.st.stm32cube.ide.mcu.externaltools.gnu-tools-for-stm32.12.3.rel1.win32_1.0.200.202406191623/tools/bin/../lib/gcc/arm-none-eabi/12.3.1/../../../../arm-none-eabi/lib/thumb/v7e-m+fp/hard\libc_nano.a(libc_a-makebuf.o)
                0x08007958                __swhatbuf_r
 .text.__smakebuf_r
                0x080079a4       0x78 C:/ST/STM32CubeIDE_1.16.0/STM32CubeIDE/plugins/com.st.stm32cube.ide.mcu.externaltools.gnu-tools-for-stm32.12.3.rel1.win32_1.0.200.202406191623/tools/bin/../lib/gcc/arm-none-eabi/12.3.1/../../../../arm-none-eabi/lib/thumb/v7e-m+fp/hard\libc_nano.a(libc_a-makebuf.o)
                0x080079a4                __smakebuf_r
 .text._fstat_r
                0x08007a1c       0x24 C:/ST/STM32CubeIDE_1.16.0/STM32CubeIDE/plugins/com.st.stm32cube.ide.mcu.externaltools.gnu-tools-for-stm32.12.3.rel1.win32_1.0.200.202406191623/tools/bin/../lib/gcc/arm-none-eabi/12.3.1/../../../../arm-none-eabi/lib/thumb/v7e-m+fp/hard\libc_nano.a(libc_a-fstatr.o)
                0x08007a1c                _fstat_r
 .text._isatty_r
                0x08007a40       0x20 C:/ST/STM32CubeIDE_1.16.0/STM32CubeIDE/plugins/com.st.stm32cube.ide.mcu.externaltools.gnu-tools-for-stm32.12.3.rel1.win32_1.0.200.202406191623/tools/bin/../lib/gcc/arm-none-eabi/12.3.1/../../../../arm-none-eabi/lib/thumb/v7e-m+fp/hard\libc_nano.a(libc_a-isattyr.o)
                0x08007a40                _isatty_r
 .text._sbrk_r  0x08007a60       0x20 C:/ST/STM32CubeIDE_1.16.0/STM32CubeIDE/plugins/com.st.stm32cube.ide.mcu.externaltools.gnu-tools-for-stm32.12.3.rel1.win32_1.0.200.202406191623/tools/bin/../lib/gcc/arm-none-eabi/12.3.1/../../../../arm-none-eabi/lib/thumb/v7e-m+fp/hard\libc_nano.a(libc_a-sbrkr.o)
                0x08007a60                _sbrk_r
 *(.glue_7)
 .glue_7        0x08007a80        0x0 linker stubs
 *(.glue_7t)
 .glue_7t       0x08007a80        0x0 linker stubs
 *(.eh_frame)
 .eh_frame      0x08007a80        0x0 C:/ST/STM32CubeIDE_1.16.0/STM32CubeIDE/plugins/com.st.stm32cube.ide.mcu.externaltools.gnu-tools-for-stm32.12.3.rel1.win32_1.0.200.202406191623/tools/bin/../lib/gcc/arm-none-eabi/12.3.1/thumb/v7e-m+fp/hard/crtbegin.o
 *(.init)
 .init          0x08007a80        0x4 C:/ST/STM32CubeIDE_1.16.0/STM32CubeIDE/plugins/com.st.stm32cube.ide.mcu.externaltools.gnu-tools-for-stm32.12.3.rel1.win32_1.0.200.202406191623/tools/bin/../lib/gcc/arm-none-eabi/12.3.1/thumb/v7e-m+fp/hard/crti.o
                0x08007a80                _init
 .init          0x08007a84        0x8 C:/ST/STM32CubeIDE_1.16.0/STM32CubeIDE/plugins/com.st.stm32cube.ide.mcu.externaltools.gnu-tools-for-stm32.12.3.rel1.win32_1.0.200.202406191623/tools/bin/../lib/gcc/arm-none-eabi/12.3.1/thumb/v7e-m+fp/hard/crtn.o
 *(.fini)
 .fini          0x08007a8c        0x4 C:/ST/STM32CubeIDE_1.16.0/STM32CubeIDE/plugins/com.st.stm32cube.ide.mcu.externaltools.gnu-tools-for-stm32.12.3.rel1.win32_1.0.200.202406191623/tools/bin/../lib/gcc/arm-none-eabi/12.3.1/thumb/v7e-m+fp/hard/crti.o
                0x08007a8c                _fini
 .fini          0x08007a90        0x8 C:/ST/STM32CubeIDE_1.16.0/STM32CubeIDE/plugins/com.st.stm32cube.ide.mcu.externaltools.gnu-tools-for-stm32.12.3.rel1.win32_1.0.200.202406191623/tools/bin/../lib/gcc/arm-none-eabi/12.3.1/thumb/v7e-m+fp/hard/crtn.o
                0x08007a98                        . = ALIGN (0x4)
                0x08007a98                        _etext = .

.vfp11_veneer   0x08007a98        0x0
 .vfp11_veneer  0x08007a98        0x0 linker stubs

.v4_bx          0x08007a98        0x0
 .v4_bx         0x08007a98        0x0 linker stubs

.iplt           0x08007a98        0x0
 .iplt          0x08007a98        0x0 C:/ST/STM32CubeIDE_1.16.0/STM32CubeIDE/plugins/com.st.stm32cube.ide.mcu.externaltools.gnu-tools-for-stm32.12.3.rel1.win32_1.0.200.202406191623/tools/bin/../lib/gcc/arm-none-eabi/12.3.1/thumb/v7e-m+fp/hard/crtbegin.o

.rodata         0x08007a98      0x430
                0x08007a98                        . = ALIGN (0x4)
 *(.rodata)
 .rodata        0x08007a98      0x2ff ./Core/Src/main.o
 *fill*         0x08007d97        0x1 
 .rodata        0x08007d98       0x58 ./Core/Src/w5500/MQTTC/MQTTClient.o
 .rodata        0x08007df0        0xf ./Core/Src/w5500/MQTTC/MQTTPacket/MQTTConnectClient.o
 *fill*         0x08007dff        0x1 
 .rodata        0x08007e00       0x54 ./Core/Src/w5500/w5500_spi.o
 *(.rodata*)
 .rodata.AHBPrescTable
                0x08007e54       0x10 ./Core/Src/system_stm32g4xx.o
                0x08007e54                AHBPrescTable
 .rodata.APBPrescTable
                0x08007e64        0x8 ./Core/Src/system_stm32g4xx.o
                0x08007e64                APBPrescTable
 .rodata.UARTPrescTable
                0x08007e6c       0x18 ./Drivers/STM32G4xx_HAL_Driver/Src/stm32g4xx_hal_uart.o
                0x08007e6c                UARTPrescTable
 .rodata.numerator.1
                0x08007e84        0x8 ./Drivers/STM32G4xx_HAL_Driver/Src/stm32g4xx_hal_uart_ex.o
 .rodata.denominator.0
                0x08007e8c        0x8 ./Drivers/STM32G4xx_HAL_Driver/Src/stm32g4xx_hal_uart_ex.o
 .rodata._vfprintf_r.str1.1
                0x08007e94       0x11 C:/ST/STM32CubeIDE_1.16.0/STM32CubeIDE/plugins/com.st.stm32cube.ide.mcu.externaltools.gnu-tools-for-stm32.12.3.rel1.win32_1.0.200.202406191623/tools/bin/../lib/gcc/arm-none-eabi/12.3.1/../../../../arm-none-eabi/lib/thumb/v7e-m+fp/hard\libc_nano.a(libc_a-nano-vfprintf.o)
 .rodata._printf_i.str1.1
                0x08007ea5       0x22 C:/ST/STM32CubeIDE_1.16.0/STM32CubeIDE/plugins/com.st.stm32cube.ide.mcu.externaltools.gnu-tools-for-stm32.12.3.rel1.win32_1.0.200.202406191623/tools/bin/../lib/gcc/arm-none-eabi/12.3.1/../../../../arm-none-eabi/lib/thumb/v7e-m+fp/hard\libc_nano.a(libc_a-nano-vfprintf_i.o)
                0x08007ec8                        . = ALIGN (0x4)
 *fill*         0x08007ec7        0x1 

.ARM.extab      0x08007ec8        0x0
                0x08007ec8                        . = ALIGN (0x4)
 *(.ARM.extab* .gnu.linkonce.armextab.*)
                0x08007ec8                        . = ALIGN (0x4)

.ARM            0x08007ec8        0x8
                0x08007ec8                        . = ALIGN (0x4)
                0x08007ec8                        __exidx_start = .
 *(.ARM.exidx*)
 .ARM.exidx     0x08007ec8        0x8 C:/ST/STM32CubeIDE_1.16.0/STM32CubeIDE/plugins/com.st.stm32cube.ide.mcu.externaltools.gnu-tools-for-stm32.12.3.rel1.win32_1.0.200.202406191623/tools/bin/../lib/gcc/arm-none-eabi/12.3.1/../../../../arm-none-eabi/lib/thumb/v7e-m+fp/hard\libc_nano.a(libc_a-strcmp.o)
 .ARM.exidx     0x08007ed0        0x0 C:/ST/STM32CubeIDE_1.16.0/STM32CubeIDE/plugins/com.st.stm32cube.ide.mcu.externaltools.gnu-tools-for-stm32.12.3.rel1.win32_1.0.200.202406191623/tools/bin/../lib/gcc/arm-none-eabi/12.3.1/../../../../arm-none-eabi/lib/thumb/v7e-m+fp/hard\libc_nano.a(libc_a-strlen.o)
                                  0x8 (size before relaxing)
 .ARM.exidx     0x08007ed0        0x0 C:/ST/STM32CubeIDE_1.16.0/STM32CubeIDE/plugins/com.st.stm32cube.ide.mcu.externaltools.gnu-tools-for-stm32.12.3.rel1.win32_1.0.200.202406191623/tools/bin/../lib/gcc/arm-none-eabi/12.3.1/../../../../arm-none-eabi/lib/thumb/v7e-m+fp/hard\libc_nano.a(libc_a-memchr.o)
                                  0x8 (size before relaxing)
 .ARM.exidx     0x08007ed0        0x0 C:/ST/STM32CubeIDE_1.16.0/STM32CubeIDE/plugins/com.st.stm32cube.ide.mcu.externaltools.gnu-tools-for-stm32.12.3.rel1.win32_1.0.200.202406191623/tools/bin/../lib/gcc/arm-none-eabi/12.3.1/thumb/v7e-m+fp/hard\libgcc.a(_udivmoddi4.o)
                                  0x8 (size before relaxing)
                0x08007ed0                        __exidx_end = .
                0x08007ed0                        . = ALIGN (0x4)

.preinit_array  0x08007ed0        0x0
                0x08007ed0                        . = ALIGN (0x4)
                0x08007ed0                        PROVIDE (__preinit_array_start = .)
 *(.preinit_array*)
                0x08007ed0                        PROVIDE (__preinit_array_end = .)
                0x08007ed0                        . = ALIGN (0x4)

.init_array     0x08007ed0        0x4
                0x08007ed0                        . = ALIGN (0x4)
                0x08007ed0                        PROVIDE (__init_array_start = .)
 *(SORT_BY_NAME(.init_array.*))
 *(.init_array*)
 .init_array    0x08007ed0        0x4 C:/ST/STM32CubeIDE_1.16.0/STM32CubeIDE/plugins/com.st.stm32cube.ide.mcu.externaltools.gnu-tools-for-stm32.12.3.rel1.win32_1.0.200.202406191623/tools/bin/../lib/gcc/arm-none-eabi/12.3.1/thumb/v7e-m+fp/hard/crtbegin.o
                0x08007ed4                        PROVIDE (__init_array_end = .)
                0x08007ed4                        . = ALIGN (0x4)

.fini_array     0x08007ed4        0x4
                0x08007ed4                        . = ALIGN (0x4)
                [!provide]                        PROVIDE (__fini_array_start = .)
 *(SORT_BY_NAME(.fini_array.*))
 *(.fini_array*)
 .fini_array    0x08007ed4        0x4 C:/ST/STM32CubeIDE_1.16.0/STM32CubeIDE/plugins/com.st.stm32cube.ide.mcu.externaltools.gnu-tools-for-stm32.12.3.rel1.win32_1.0.200.202406191623/tools/bin/../lib/gcc/arm-none-eabi/12.3.1/thumb/v7e-m+fp/hard/crtbegin.o
                [!provide]                        PROVIDE (__fini_array_end = .)
                0x08007ed8                        . = ALIGN (0x4)
                0x08007ed8                        _sidata = LOADADDR (.data)

.rel.dyn        0x08007ed8        0x0
 .rel.iplt      0x08007ed8        0x0 C:/ST/STM32CubeIDE_1.16.0/STM32CubeIDE/plugins/com.st.stm32cube.ide.mcu.externaltools.gnu-tools-for-stm32.12.3.rel1.win32_1.0.200.202406191623/tools/bin/../lib/gcc/arm-none-eabi/12.3.1/thumb/v7e-m+fp/hard/crtbegin.o

.data           0x20000000      0x110 load address 0x08007ed8
                0x20000000                        . = ALIGN (0x4)
                0x20000000                        _sdata = .
 *(.data)
 *(.data*)
 .data.gWIZNETINFO2
                0x20000000       0x17 ./Core/Src/main.o
                0x20000000                gWIZNETINFO2
 *fill*         0x20000017        0x1 
 .data.destination_ip
                0x20000018        0x4 ./Core/Src/main.o
                0x20000018                destination_ip
 .data.destination_port
                0x2000001c        0x2 ./Core/Src/main.o
                0x2000001c                destination_port
 *fill*         0x2000001e        0x2 
 .data.connect_data
                0x20000020       0x58 ./Core/Src/main.o
                0x20000020                connect_data
 .data.SystemCoreClock
                0x20000078        0x4 ./Core/Src/system_stm32g4xx.o
                0x20000078                SystemCoreClock
 .data.sock_any_port
                0x2000007c        0x2 ./Core/Src/w5500/socket.o
 *fill*         0x2000007e        0x2 
 .data.WIZCHIP  0x20000080       0x2c ./Core/Src/w5500/wizchip_conf.o
                0x20000080                WIZCHIP
 .data.uwTickPrio
                0x200000ac        0x4 ./Drivers/STM32G4xx_HAL_Driver/Src/stm32g4xx_hal.o
                0x200000ac                uwTickPrio
 .data.uwTickFreq
                0x200000b0        0x4 ./Drivers/STM32G4xx_HAL_Driver/Src/stm32g4xx_hal.o
                0x200000b0                uwTickFreq
 .data.__sglue  0x200000b4        0xc C:/ST/STM32CubeIDE_1.16.0/STM32CubeIDE/plugins/com.st.stm32cube.ide.mcu.externaltools.gnu-tools-for-stm32.12.3.rel1.win32_1.0.200.202406191623/tools/bin/../lib/gcc/arm-none-eabi/12.3.1/../../../../arm-none-eabi/lib/thumb/v7e-m+fp/hard\libc_nano.a(libc_a-findfp.o)
                0x200000b4                __sglue
 .data._impure_ptr
                0x200000c0        0x4 C:/ST/STM32CubeIDE_1.16.0/STM32CubeIDE/plugins/com.st.stm32cube.ide.mcu.externaltools.gnu-tools-for-stm32.12.3.rel1.win32_1.0.200.202406191623/tools/bin/../lib/gcc/arm-none-eabi/12.3.1/../../../../arm-none-eabi/lib/thumb/v7e-m+fp/hard\libc_nano.a(libc_a-impure.o)
                0x200000c0                _impure_ptr
 .data._impure_data
                0x200000c4       0x4c C:/ST/STM32CubeIDE_1.16.0/STM32CubeIDE/plugins/com.st.stm32cube.ide.mcu.externaltools.gnu-tools-for-stm32.12.3.rel1.win32_1.0.200.202406191623/tools/bin/../lib/gcc/arm-none-eabi/12.3.1/../../../../arm-none-eabi/lib/thumb/v7e-m+fp/hard\libc_nano.a(libc_a-impure.o)
                0x200000c4                _impure_data
 *(.RamFunc)
 *(.RamFunc*)
                0x20000110                        . = ALIGN (0x4)
                0x20000110                        _edata = .

.igot.plt       0x20000110        0x0 load address 0x08007fe8
 .igot.plt      0x20000110        0x0 C:/ST/STM32CubeIDE_1.16.0/STM32CubeIDE/plugins/com.st.stm32cube.ide.mcu.externaltools.gnu-tools-for-stm32.12.3.rel1.win32_1.0.200.202406191623/tools/bin/../lib/gcc/arm-none-eabi/12.3.1/thumb/v7e-m+fp/hard/crtbegin.o
                0x20000110                        . = ALIGN (0x4)

.bss            0x20000110      0x50c load address 0x08007fe8
                0x20000110                        _sbss = .
                0x20000110                        __bss_start__ = _sbss
 *(.bss)
 .bss           0x20000110       0x1c C:/ST/STM32CubeIDE_1.16.0/STM32CubeIDE/plugins/com.st.stm32cube.ide.mcu.externaltools.gnu-tools-for-stm32.12.3.rel1.win32_1.0.200.202406191623/tools/bin/../lib/gcc/arm-none-eabi/12.3.1/thumb/v7e-m+fp/hard/crtbegin.o
 *(.bss*)
 .bss.hspi1     0x2000012c       0x64 ./Core/Src/main.o
                0x2000012c                hspi1
 .bss.huart2    0x20000190       0x94 ./Core/Src/main.o
                0x20000190                huart2
 .bss.mqtt_client
                0x20000224       0x68 ./Core/Src/main.o
                0x20000224                mqtt_client
 .bss.network   0x2000028c       0x10 ./Core/Src/main.o
                0x2000028c                network
 .bss.sendbuff  0x2000029c      0x100 ./Core/Src/main.o
                0x2000029c                sendbuff
 .bss.receivebuff
                0x2000039c      0x100 ./Core/Src/main.o
                0x2000039c                receivebuff
 .bss.__sbrk_heap_end
                0x2000049c        0x4 ./Core/Src/sysmem.o
 .bss.MilliTimer
                0x200004a0        0x4 ./Core/Src/w5500/MQTTC/mqtt_interface.o
                0x200004a0                MilliTimer
 .bss.bufptr    0x200004a4        0x4 ./Core/Src/w5500/MQTTC/MQTTPacket/MQTTPacket.o
 .bss.sock_io_mode
                0x200004a8        0x2 ./Core/Src/w5500/socket.o
 .bss.sock_is_sending
                0x200004aa        0x2 ./Core/Src/w5500/socket.o
 .bss.sock_remained_size
                0x200004ac       0x10 ./Core/Src/w5500/socket.o
 .bss.sock_pack_info
                0x200004bc        0x8 ./Core/Src/w5500/socket.o
                0x200004bc                sock_pack_info
 .bss._DNS_     0x200004c4        0x4 ./Core/Src/w5500/wizchip_conf.o
 .bss._DHCP_    0x200004c8        0x1 ./Core/Src/w5500/wizchip_conf.o
 *fill*         0x200004c9        0x3 
 .bss.uwTick    0x200004cc        0x4 ./Drivers/STM32G4xx_HAL_Driver/Src/stm32g4xx_hal.o
                0x200004cc                uwTick
 .bss.__sf      0x200004d0      0x138 C:/ST/STM32CubeIDE_1.16.0/STM32CubeIDE/plugins/com.st.stm32cube.ide.mcu.externaltools.gnu-tools-for-stm32.12.3.rel1.win32_1.0.200.202406191623/tools/bin/../lib/gcc/arm-none-eabi/12.3.1/../../../../arm-none-eabi/lib/thumb/v7e-m+fp/hard\libc_nano.a(libc_a-findfp.o)
                0x200004d0                __sf
 .bss.__stdio_exit_handler
                0x20000608        0x4 C:/ST/STM32CubeIDE_1.16.0/STM32CubeIDE/plugins/com.st.stm32cube.ide.mcu.externaltools.gnu-tools-for-stm32.12.3.rel1.win32_1.0.200.202406191623/tools/bin/../lib/gcc/arm-none-eabi/12.3.1/../../../../arm-none-eabi/lib/thumb/v7e-m+fp/hard\libc_nano.a(libc_a-findfp.o)
                0x20000608                __stdio_exit_handler
 .bss.errno     0x2000060c        0x4 C:/ST/STM32CubeIDE_1.16.0/STM32CubeIDE/plugins/com.st.stm32cube.ide.mcu.externaltools.gnu-tools-for-stm32.12.3.rel1.win32_1.0.200.202406191623/tools/bin/../lib/gcc/arm-none-eabi/12.3.1/../../../../arm-none-eabi/lib/thumb/v7e-m+fp/hard\libc_nano.a(libc_a-reent.o)
                0x2000060c                errno
 .bss.__lock___malloc_recursive_mutex
                0x20000610        0x1 C:/ST/STM32CubeIDE_1.16.0/STM32CubeIDE/plugins/com.st.stm32cube.ide.mcu.externaltools.gnu-tools-for-stm32.12.3.rel1.win32_1.0.200.202406191623/tools/bin/../lib/gcc/arm-none-eabi/12.3.1/../../../../arm-none-eabi/lib/thumb/v7e-m+fp/hard\libc_nano.a(libc_a-lock.o)
                0x20000610                __lock___malloc_recursive_mutex
 .bss.__lock___sfp_recursive_mutex
                0x20000611        0x1 C:/ST/STM32CubeIDE_1.16.0/STM32CubeIDE/plugins/com.st.stm32cube.ide.mcu.externaltools.gnu-tools-for-stm32.12.3.rel1.win32_1.0.200.202406191623/tools/bin/../lib/gcc/arm-none-eabi/12.3.1/../../../../arm-none-eabi/lib/thumb/v7e-m+fp/hard\libc_nano.a(libc_a-lock.o)
                0x20000611                __lock___sfp_recursive_mutex
 *fill*         0x20000612        0x2 
 .bss.__malloc_sbrk_start
                0x20000614        0x4 C:/ST/STM32CubeIDE_1.16.0/STM32CubeIDE/plugins/com.st.stm32cube.ide.mcu.externaltools.gnu-tools-for-stm32.12.3.rel1.win32_1.0.200.202406191623/tools/bin/../lib/gcc/arm-none-eabi/12.3.1/../../../../arm-none-eabi/lib/thumb/v7e-m+fp/hard\libc_nano.a(libc_a-mallocr.o)
                0x20000614                __malloc_sbrk_start
 .bss.__malloc_free_list
                0x20000618        0x4 C:/ST/STM32CubeIDE_1.16.0/STM32CubeIDE/plugins/com.st.stm32cube.ide.mcu.externaltools.gnu-tools-for-stm32.12.3.rel1.win32_1.0.200.202406191623/tools/bin/../lib/gcc/arm-none-eabi/12.3.1/../../../../arm-none-eabi/lib/thumb/v7e-m+fp/hard\libc_nano.a(libc_a-mallocr.o)
                0x20000618                __malloc_free_list
 *(COMMON)
                0x2000061c                        . = ALIGN (0x4)
                0x2000061c                        _ebss = .
                0x2000061c                        __bss_end__ = _ebss

._user_heap_stack
                0x2000061c      0x604 load address 0x08007fe8
                0x20000620                        . = ALIGN (0x8)
 *fill*         0x2000061c        0x4 
                [!provide]                        PROVIDE (end = .)
                0x20000620                        PROVIDE (_end = .)
                0x20000820                        . = (. + _Min_Heap_Size)
 *fill*         0x20000620      0x200 
                0x20000c20                        . = (. + _Min_Stack_Size)
 *fill*         0x20000820      0x400 
                0x20000c20                        . = ALIGN (0x8)

/DISCARD/
 libc.a(*)
 libm.a(*)
 libgcc.a(*)

.ARM.attributes
                0x00000000       0x30
 *(.ARM.attributes)
 .ARM.attributes
                0x00000000       0x22 C:/ST/STM32CubeIDE_1.16.0/STM32CubeIDE/plugins/com.st.stm32cube.ide.mcu.externaltools.gnu-tools-for-stm32.12.3.rel1.win32_1.0.200.202406191623/tools/bin/../lib/gcc/arm-none-eabi/12.3.1/thumb/v7e-m+fp/hard/crti.o
 .ARM.attributes
                0x00000022       0x34 C:/ST/STM32CubeIDE_1.16.0/STM32CubeIDE/plugins/com.st.stm32cube.ide.mcu.externaltools.gnu-tools-for-stm32.12.3.rel1.win32_1.0.200.202406191623/tools/bin/../lib/gcc/arm-none-eabi/12.3.1/thumb/v7e-m+fp/hard/crtbegin.o
 .ARM.attributes
                0x00000056       0x34 ./Core/Src/main.o
 .ARM.attributes
                0x0000008a       0x34 ./Core/Src/stm32g4xx_hal_msp.o
 .ARM.attributes
                0x000000be       0x34 ./Core/Src/stm32g4xx_it.o
 .ARM.attributes
                0x000000f2       0x34 ./Core/Src/syscalls.o
 .ARM.attributes
                0x00000126       0x34 ./Core/Src/sysmem.o
 .ARM.attributes
                0x0000015a       0x34 ./Core/Src/system_stm32g4xx.o
 .ARM.attributes
                0x0000018e       0x34 ./Core/Src/w5500/MQTTC/MQTTClient.o
 .ARM.attributes
                0x000001c2       0x34 ./Core/Src/w5500/MQTTC/mqtt_interface.o
 .ARM.attributes
                0x000001f6       0x34 ./Core/Src/w5500/MQTTC/MQTTPacket/MQTTConnectClient.o
 .ARM.attributes
                0x0000022a       0x34 ./Core/Src/w5500/MQTTC/MQTTPacket/MQTTDeserializePublish.o
 .ARM.attributes
                0x0000025e       0x34 ./Core/Src/w5500/MQTTC/MQTTPacket/MQTTPacket.o
 .ARM.attributes
                0x00000292       0x34 ./Core/Src/w5500/MQTTC/MQTTPacket/MQTTSerializePublish.o
 .ARM.attributes
                0x000002c6       0x34 ./Core/Src/w5500/MQTTC/MQTTPacket/MQTTSubscribeClient.o
 .ARM.attributes
                0x000002fa       0x34 ./Core/Src/w5500/W5500/w5500.o
 .ARM.attributes
                0x0000032e       0x34 ./Core/Src/w5500/socket.o
 .ARM.attributes
                0x00000362       0x34 ./Core/Src/w5500/w5500_spi.o
 .ARM.attributes
                0x00000396       0x34 ./Core/Src/w5500/wizchip_conf.o
 .ARM.attributes
                0x000003ca       0x21 ./Core/Startup/startup_stm32g474retx.o
 .ARM.attributes
                0x000003eb       0x34 ./Drivers/STM32G4xx_HAL_Driver/Src/stm32g4xx_hal.o
 .ARM.attributes
                0x0000041f       0x34 ./Drivers/STM32G4xx_HAL_Driver/Src/stm32g4xx_hal_cortex.o
 .ARM.attributes
                0x00000453       0x34 ./Drivers/STM32G4xx_HAL_Driver/Src/stm32g4xx_hal_gpio.o
 .ARM.attributes
                0x00000487       0x34 ./Drivers/STM32G4xx_HAL_Driver/Src/stm32g4xx_hal_pwr_ex.o
 .ARM.attributes
                0x000004bb       0x34 ./Drivers/STM32G4xx_HAL_Driver/Src/stm32g4xx_hal_rcc.o
 .ARM.attributes
                0x000004ef       0x34 ./Drivers/STM32G4xx_HAL_Driver/Src/stm32g4xx_hal_rcc_ex.o
 .ARM.attributes
                0x00000523       0x34 ./Drivers/STM32G4xx_HAL_Driver/Src/stm32g4xx_hal_spi.o
 .ARM.attributes
                0x00000557       0x34 ./Drivers/STM32G4xx_HAL_Driver/Src/stm32g4xx_hal_uart.o
 .ARM.attributes
                0x0000058b       0x34 ./Drivers/STM32G4xx_HAL_Driver/Src/stm32g4xx_hal_uart_ex.o
 .ARM.attributes
                0x000005bf       0x34 C:/ST/STM32CubeIDE_1.16.0/STM32CubeIDE/plugins/com.st.stm32cube.ide.mcu.externaltools.gnu-tools-for-stm32.12.3.rel1.win32_1.0.200.202406191623/tools/bin/../lib/gcc/arm-none-eabi/12.3.1/../../../../arm-none-eabi/lib/thumb/v7e-m+fp/hard\libc_nano.a(libc_a-findfp.o)
 .ARM.attributes
                0x000005f3       0x34 C:/ST/STM32CubeIDE_1.16.0/STM32CubeIDE/plugins/com.st.stm32cube.ide.mcu.externaltools.gnu-tools-for-stm32.12.3.rel1.win32_1.0.200.202406191623/tools/bin/../lib/gcc/arm-none-eabi/12.3.1/../../../../arm-none-eabi/lib/thumb/v7e-m+fp/hard\libc_nano.a(libc_a-fwalk.o)
 .ARM.attributes
                0x00000627       0x34 C:/ST/STM32CubeIDE_1.16.0/STM32CubeIDE/plugins/com.st.stm32cube.ide.mcu.externaltools.gnu-tools-for-stm32.12.3.rel1.win32_1.0.200.202406191623/tools/bin/../lib/gcc/arm-none-eabi/12.3.1/../../../../arm-none-eabi/lib/thumb/v7e-m+fp/hard\libc_nano.a(libc_a-printf.o)
 .ARM.attributes
                0x0000065b       0x34 C:/ST/STM32CubeIDE_1.16.0/STM32CubeIDE/plugins/com.st.stm32cube.ide.mcu.externaltools.gnu-tools-for-stm32.12.3.rel1.win32_1.0.200.202406191623/tools/bin/../lib/gcc/arm-none-eabi/12.3.1/../../../../arm-none-eabi/lib/thumb/v7e-m+fp/hard\libc_nano.a(libc_a-puts.o)
 .ARM.attributes
                0x0000068f       0x34 C:/ST/STM32CubeIDE_1.16.0/STM32CubeIDE/plugins/com.st.stm32cube.ide.mcu.externaltools.gnu-tools-for-stm32.12.3.rel1.win32_1.0.200.202406191623/tools/bin/../lib/gcc/arm-none-eabi/12.3.1/../../../../arm-none-eabi/lib/thumb/v7e-m+fp/hard\libc_nano.a(libc_a-setbuf.o)
 .ARM.attributes
                0x000006c3       0x34 C:/ST/STM32CubeIDE_1.16.0/STM32CubeIDE/plugins/com.st.stm32cube.ide.mcu.externaltools.gnu-tools-for-stm32.12.3.rel1.win32_1.0.200.202406191623/tools/bin/../lib/gcc/arm-none-eabi/12.3.1/../../../../arm-none-eabi/lib/thumb/v7e-m+fp/hard\libc_nano.a(libc_a-setvbuf.o)
 .ARM.attributes
                0x000006f7       0x34 C:/ST/STM32CubeIDE_1.16.0/STM32CubeIDE/plugins/com.st.stm32cube.ide.mcu.externaltools.gnu-tools-for-stm32.12.3.rel1.win32_1.0.200.202406191623/tools/bin/../lib/gcc/arm-none-eabi/12.3.1/../../../../arm-none-eabi/lib/thumb/v7e-m+fp/hard\libc_nano.a(libc_a-stdio.o)
 .ARM.attributes
                0x0000072b       0x34 C:/ST/STM32CubeIDE_1.16.0/STM32CubeIDE/plugins/com.st.stm32cube.ide.mcu.externaltools.gnu-tools-for-stm32.12.3.rel1.win32_1.0.200.202406191623/tools/bin/../lib/gcc/arm-none-eabi/12.3.1/../../../../arm-none-eabi/lib/thumb/v7e-m+fp/hard\libc_nano.a(libc_a-wbuf.o)
 .ARM.attributes
                0x0000075f       0x34 C:/ST/STM32CubeIDE_1.16.0/STM32CubeIDE/plugins/com.st.stm32cube.ide.mcu.externaltools.gnu-tools-for-stm32.12.3.rel1.win32_1.0.200.202406191623/tools/bin/../lib/gcc/arm-none-eabi/12.3.1/../../../../arm-none-eabi/lib/thumb/v7e-m+fp/hard\libc_nano.a(libc_a-wsetup.o)
 .ARM.attributes
                0x00000793       0x34 C:/ST/STM32CubeIDE_1.16.0/STM32CubeIDE/plugins/com.st.stm32cube.ide.mcu.externaltools.gnu-tools-for-stm32.12.3.rel1.win32_1.0.200.202406191623/tools/bin/../lib/gcc/arm-none-eabi/12.3.1/../../../../arm-none-eabi/lib/thumb/v7e-m+fp/hard\libc_nano.a(libc_a-memset.o)
 .ARM.attributes
                0x000007c7       0x34 C:/ST/STM32CubeIDE_1.16.0/STM32CubeIDE/plugins/com.st.stm32cube.ide.mcu.externaltools.gnu-tools-for-stm32.12.3.rel1.win32_1.0.200.202406191623/tools/bin/../lib/gcc/arm-none-eabi/12.3.1/../../../../arm-none-eabi/lib/thumb/v7e-m+fp/hard\libc_nano.a(libc_a-strncmp.o)
 .ARM.attributes
                0x000007fb       0x34 C:/ST/STM32CubeIDE_1.16.0/STM32CubeIDE/plugins/com.st.stm32cube.ide.mcu.externaltools.gnu-tools-for-stm32.12.3.rel1.win32_1.0.200.202406191623/tools/bin/../lib/gcc/arm-none-eabi/12.3.1/../../../../arm-none-eabi/lib/thumb/v7e-m+fp/hard\libc_nano.a(libc_a-closer.o)
 .ARM.attributes
                0x0000082f       0x34 C:/ST/STM32CubeIDE_1.16.0/STM32CubeIDE/plugins/com.st.stm32cube.ide.mcu.externaltools.gnu-tools-for-stm32.12.3.rel1.win32_1.0.200.202406191623/tools/bin/../lib/gcc/arm-none-eabi/12.3.1/../../../../arm-none-eabi/lib/thumb/v7e-m+fp/hard\libc_nano.a(libc_a-reent.o)
 .ARM.attributes
                0x00000863       0x34 C:/ST/STM32CubeIDE_1.16.0/STM32CubeIDE/plugins/com.st.stm32cube.ide.mcu.externaltools.gnu-tools-for-stm32.12.3.rel1.win32_1.0.200.202406191623/tools/bin/../lib/gcc/arm-none-eabi/12.3.1/../../../../arm-none-eabi/lib/thumb/v7e-m+fp/hard\libc_nano.a(libc_a-impure.o)
 .ARM.attributes
                0x00000897       0x34 C:/ST/STM32CubeIDE_1.16.0/STM32CubeIDE/plugins/com.st.stm32cube.ide.mcu.externaltools.gnu-tools-for-stm32.12.3.rel1.win32_1.0.200.202406191623/tools/bin/../lib/gcc/arm-none-eabi/12.3.1/../../../../arm-none-eabi/lib/thumb/v7e-m+fp/hard\libc_nano.a(libc_a-lseekr.o)
 .ARM.attributes
                0x000008cb       0x34 C:/ST/STM32CubeIDE_1.16.0/STM32CubeIDE/plugins/com.st.stm32cube.ide.mcu.externaltools.gnu-tools-for-stm32.12.3.rel1.win32_1.0.200.202406191623/tools/bin/../lib/gcc/arm-none-eabi/12.3.1/../../../../arm-none-eabi/lib/thumb/v7e-m+fp/hard\libc_nano.a(libc_a-readr.o)
 .ARM.attributes
                0x000008ff       0x34 C:/ST/STM32CubeIDE_1.16.0/STM32CubeIDE/plugins/com.st.stm32cube.ide.mcu.externaltools.gnu-tools-for-stm32.12.3.rel1.win32_1.0.200.202406191623/tools/bin/../lib/gcc/arm-none-eabi/12.3.1/../../../../arm-none-eabi/lib/thumb/v7e-m+fp/hard\libc_nano.a(libc_a-writer.o)
 .ARM.attributes
                0x00000933       0x34 C:/ST/STM32CubeIDE_1.16.0/STM32CubeIDE/plugins/com.st.stm32cube.ide.mcu.externaltools.gnu-tools-for-stm32.12.3.rel1.win32_1.0.200.202406191623/tools/bin/../lib/gcc/arm-none-eabi/12.3.1/../../../../arm-none-eabi/lib/thumb/v7e-m+fp/hard\libc_nano.a(libc_a-errno.o)
 .ARM.attributes
                0x00000967       0x34 C:/ST/STM32CubeIDE_1.16.0/STM32CubeIDE/plugins/com.st.stm32cube.ide.mcu.externaltools.gnu-tools-for-stm32.12.3.rel1.win32_1.0.200.202406191623/tools/bin/../lib/gcc/arm-none-eabi/12.3.1/../../../../arm-none-eabi/lib/thumb/v7e-m+fp/hard\libc_nano.a(libc_a-init.o)
 .ARM.attributes
                0x0000099b       0x34 C:/ST/STM32CubeIDE_1.16.0/STM32CubeIDE/plugins/com.st.stm32cube.ide.mcu.externaltools.gnu-tools-for-stm32.12.3.rel1.win32_1.0.200.202406191623/tools/bin/../lib/gcc/arm-none-eabi/12.3.1/../../../../arm-none-eabi/lib/thumb/v7e-m+fp/hard\libc_nano.a(libc_a-lock.o)
 .ARM.attributes
                0x000009cf       0x20 C:/ST/STM32CubeIDE_1.16.0/STM32CubeIDE/plugins/com.st.stm32cube.ide.mcu.externaltools.gnu-tools-for-stm32.12.3.rel1.win32_1.0.200.202406191623/tools/bin/../lib/gcc/arm-none-eabi/12.3.1/../../../../arm-none-eabi/lib/thumb/v7e-m+fp/hard\libc_nano.a(libc_a-strcmp.o)
 .ARM.attributes
                0x000009ef       0x34 C:/ST/STM32CubeIDE_1.16.0/STM32CubeIDE/plugins/com.st.stm32cube.ide.mcu.externaltools.gnu-tools-for-stm32.12.3.rel1.win32_1.0.200.202406191623/tools/bin/../lib/gcc/arm-none-eabi/12.3.1/../../../../arm-none-eabi/lib/thumb/v7e-m+fp/hard\libc_nano.a(libc_a-memcpy-stub.o)
 .ARM.attributes
                0x00000a23       0x17 C:/ST/STM32CubeIDE_1.16.0/STM32CubeIDE/plugins/com.st.stm32cube.ide.mcu.externaltools.gnu-tools-for-stm32.12.3.rel1.win32_1.0.200.202406191623/tools/bin/../lib/gcc/arm-none-eabi/12.3.1/../../../../arm-none-eabi/lib/thumb/v7e-m+fp/hard\libc_nano.a(libc_a-strlen.o)
 .ARM.attributes
                0x00000a3a       0x34 C:/ST/STM32CubeIDE_1.16.0/STM32CubeIDE/plugins/com.st.stm32cube.ide.mcu.externaltools.gnu-tools-for-stm32.12.3.rel1.win32_1.0.200.202406191623/tools/bin/../lib/gcc/arm-none-eabi/12.3.1/../../../../arm-none-eabi/lib/thumb/v7e-m+fp/hard\libc_nano.a(libc_a-freer.o)
 .ARM.attributes
                0x00000a6e       0x34 C:/ST/STM32CubeIDE_1.16.0/STM32CubeIDE/plugins/com.st.stm32cube.ide.mcu.externaltools.gnu-tools-for-stm32.12.3.rel1.win32_1.0.200.202406191623/tools/bin/../lib/gcc/arm-none-eabi/12.3.1/../../../../arm-none-eabi/lib/thumb/v7e-m+fp/hard\libc_nano.a(libc_a-malloc.o)
 .ARM.attributes
                0x00000aa2       0x34 C:/ST/STM32CubeIDE_1.16.0/STM32CubeIDE/plugins/com.st.stm32cube.ide.mcu.externaltools.gnu-tools-for-stm32.12.3.rel1.win32_1.0.200.202406191623/tools/bin/../lib/gcc/arm-none-eabi/12.3.1/../../../../arm-none-eabi/lib/thumb/v7e-m+fp/hard\libc_nano.a(libc_a-mallocr.o)
 .ARM.attributes
                0x00000ad6       0x34 C:/ST/STM32CubeIDE_1.16.0/STM32CubeIDE/plugins/com.st.stm32cube.ide.mcu.externaltools.gnu-tools-for-stm32.12.3.rel1.win32_1.0.200.202406191623/tools/bin/../lib/gcc/arm-none-eabi/12.3.1/../../../../arm-none-eabi/lib/thumb/v7e-m+fp/hard\libc_nano.a(libc_a-mlock.o)
 .ARM.attributes
                0x00000b0a       0x34 C:/ST/STM32CubeIDE_1.16.0/STM32CubeIDE/plugins/com.st.stm32cube.ide.mcu.externaltools.gnu-tools-for-stm32.12.3.rel1.win32_1.0.200.202406191623/tools/bin/../lib/gcc/arm-none-eabi/12.3.1/../../../../arm-none-eabi/lib/thumb/v7e-m+fp/hard\libc_nano.a(libc_a-nano-vfprintf.o)
 .ARM.attributes
                0x00000b3e       0x34 C:/ST/STM32CubeIDE_1.16.0/STM32CubeIDE/plugins/com.st.stm32cube.ide.mcu.externaltools.gnu-tools-for-stm32.12.3.rel1.win32_1.0.200.202406191623/tools/bin/../lib/gcc/arm-none-eabi/12.3.1/../../../../arm-none-eabi/lib/thumb/v7e-m+fp/hard\libc_nano.a(libc_a-nano-vfprintf_i.o)
 .ARM.attributes
                0x00000b72       0x34 C:/ST/STM32CubeIDE_1.16.0/STM32CubeIDE/plugins/com.st.stm32cube.ide.mcu.externaltools.gnu-tools-for-stm32.12.3.rel1.win32_1.0.200.202406191623/tools/bin/../lib/gcc/arm-none-eabi/12.3.1/../../../../arm-none-eabi/lib/thumb/v7e-m+fp/hard\libc_nano.a(libc_a-fflush.o)
 .ARM.attributes
                0x00000ba6       0x34 C:/ST/STM32CubeIDE_1.16.0/STM32CubeIDE/plugins/com.st.stm32cube.ide.mcu.externaltools.gnu-tools-for-stm32.12.3.rel1.win32_1.0.200.202406191623/tools/bin/../lib/gcc/arm-none-eabi/12.3.1/../../../../arm-none-eabi/lib/thumb/v7e-m+fp/hard\libc_nano.a(libc_a-makebuf.o)
 .ARM.attributes
                0x00000bda       0x34 C:/ST/STM32CubeIDE_1.16.0/STM32CubeIDE/plugins/com.st.stm32cube.ide.mcu.externaltools.gnu-tools-for-stm32.12.3.rel1.win32_1.0.200.202406191623/tools/bin/../lib/gcc/arm-none-eabi/12.3.1/../../../../arm-none-eabi/lib/thumb/v7e-m+fp/hard\libc_nano.a(libc_a-fstatr.o)
 .ARM.attributes
                0x00000c0e       0x34 C:/ST/STM32CubeIDE_1.16.0/STM32CubeIDE/plugins/com.st.stm32cube.ide.mcu.externaltools.gnu-tools-for-stm32.12.3.rel1.win32_1.0.200.202406191623/tools/bin/../lib/gcc/arm-none-eabi/12.3.1/../../../../arm-none-eabi/lib/thumb/v7e-m+fp/hard\libc_nano.a(libc_a-isattyr.o)
 .ARM.attributes
                0x00000c42       0x34 C:/ST/STM32CubeIDE_1.16.0/STM32CubeIDE/plugins/com.st.stm32cube.ide.mcu.externaltools.gnu-tools-for-stm32.12.3.rel1.win32_1.0.200.202406191623/tools/bin/../lib/gcc/arm-none-eabi/12.3.1/../../../../arm-none-eabi/lib/thumb/v7e-m+fp/hard\libc_nano.a(libc_a-sbrkr.o)
 .ARM.attributes
                0x00000c76       0x1c C:/ST/STM32CubeIDE_1.16.0/STM32CubeIDE/plugins/com.st.stm32cube.ide.mcu.externaltools.gnu-tools-for-stm32.12.3.rel1.win32_1.0.200.202406191623/tools/bin/../lib/gcc/arm-none-eabi/12.3.1/../../../../arm-none-eabi/lib/thumb/v7e-m+fp/hard\libc_nano.a(libc_a-memchr.o)
 .ARM.attributes
                0x00000c92       0x22 C:/ST/STM32CubeIDE_1.16.0/STM32CubeIDE/plugins/com.st.stm32cube.ide.mcu.externaltools.gnu-tools-for-stm32.12.3.rel1.win32_1.0.200.202406191623/tools/bin/../lib/gcc/arm-none-eabi/12.3.1/thumb/v7e-m+fp/hard\libgcc.a(_aeabi_uldivmod.o)
 .ARM.attributes
                0x00000cb4       0x34 C:/ST/STM32CubeIDE_1.16.0/STM32CubeIDE/plugins/com.st.stm32cube.ide.mcu.externaltools.gnu-tools-for-stm32.12.3.rel1.win32_1.0.200.202406191623/tools/bin/../lib/gcc/arm-none-eabi/12.3.1/thumb/v7e-m+fp/hard\libgcc.a(_udivmoddi4.o)
 .ARM.attributes
                0x00000ce8       0x22 C:/ST/STM32CubeIDE_1.16.0/STM32CubeIDE/plugins/com.st.stm32cube.ide.mcu.externaltools.gnu-tools-for-stm32.12.3.rel1.win32_1.0.200.202406191623/tools/bin/../lib/gcc/arm-none-eabi/12.3.1/thumb/v7e-m+fp/hard\libgcc.a(_dvmd_tls.o)
 .ARM.attributes
                0x00000d0a       0x22 C:/ST/STM32CubeIDE_1.16.0/STM32CubeIDE/plugins/com.st.stm32cube.ide.mcu.externaltools.gnu-tools-for-stm32.12.3.rel1.win32_1.0.200.202406191623/tools/bin/../lib/gcc/arm-none-eabi/12.3.1/thumb/v7e-m+fp/hard/crtn.o
OUTPUT(MQTT_PUB.elf elf32-littlearm)
LOAD linker stubs
LOAD C:/ST/STM32CubeIDE_1.16.0/STM32CubeIDE/plugins/com.st.stm32cube.ide.mcu.externaltools.gnu-tools-for-stm32.12.3.rel1.win32_1.0.200.202406191623/tools/bin/../lib/gcc/arm-none-eabi/12.3.1/../../../../arm-none-eabi/lib/thumb/v7e-m+fp/hard\libc.a
LOAD C:/ST/STM32CubeIDE_1.16.0/STM32CubeIDE/plugins/com.st.stm32cube.ide.mcu.externaltools.gnu-tools-for-stm32.12.3.rel1.win32_1.0.200.202406191623/tools/bin/../lib/gcc/arm-none-eabi/12.3.1/../../../../arm-none-eabi/lib/thumb/v7e-m+fp/hard\libm.a
LOAD C:/ST/STM32CubeIDE_1.16.0/STM32CubeIDE/plugins/com.st.stm32cube.ide.mcu.externaltools.gnu-tools-for-stm32.12.3.rel1.win32_1.0.200.202406191623/tools/bin/../lib/gcc/arm-none-eabi/12.3.1/thumb/v7e-m+fp/hard\libgcc.a

.debug_info     0x00000000    0x14c6e
 .debug_info    0x00000000     0x21f0 ./Core/Src/main.o
 .debug_info    0x000021f0     0x10b6 ./Core/Src/stm32g4xx_hal_msp.o