../Core/Src/main.c:91:5:main	16	static
../Core/Src/main.c:152:6:SystemClock_Config	88	static
../Core/Src/main.c:198:13:MX_SPI1_Init	8	static
../Core/Src/main.c:238:13:MX_USART2_UART_Init	8	static
../Core/Src/main.c:286:13:MX_GPIO_Init	40	static
../Core/Src/main.c:312:6:UWriteData	16	static
../Core/Src/main.c:320:5:__io_putchar	16	static
../Core/Src/main.c:326:6:PHYStatusCheck	16	static
../Core/Src/main.c:347:6:PrintPHYConf	16	static
../Core/Src/main.c:390:13:OnDHCPIPAssigned	8	static
../Core/Src/main.c:405:13:DisplayNetworkConfigurations	32	static
../Core/Src/main.c:424:6:Error_Handler	4	static,ignoring_inline_asm
