../Core/Src/main.c:97:5:main	32	static
../Core/Src/main.c:189:6:SystemClock_Config	88	static
../Core/Src/main.c:235:13:MX_SPI1_Init	8	static
../Core/Src/main.c:275:13:MX_USART2_UART_Init	8	static
../Core/Src/main.c:323:13:MX_GPIO_Init	40	static
../Core/Src/main.c:349:6:UWriteData	16	static
../Core/Src/main.c:357:5:__io_putchar	16	static
../Core/Src/main.c:363:6:PHYStatusCheck	16	static
../Core/Src/main.c:384:6:PrintPHYConf	16	static
../Core/Src/main.c:427:13:PrintBrokerIP	16	static
../Core/Src/main.c:438:6:Error_Handler	4	static,ignoring_inline_asm
