../Core/Src/main.c:98:5:main	32	static
../Core/Src/main.c:202:6:SystemClock_Config	88	static
../Core/Src/main.c:248:13:MX_SPI1_Init	8	static
../Core/Src/main.c:288:13:MX_USART2_UART_Init	8	static
../Core/Src/main.c:336:13:MX_GPIO_Init	40	static
../Core/Src/main.c:362:6:UWriteData	16	static
../Core/Src/main.c:370:5:__io_putchar	16	static
../Core/Src/main.c:376:6:PHYStatusCheck	16	static
../Core/Src/main.c:397:6:PrintPHYConf	16	static
../Core/Src/main.c:440:13:PrintBrokerIP	16	static
../Core/Src/main.c:451:6:Error_Handler	4	static,ignoring_inline_asm
