Archive member included to satisfy reference by file (symbol)

C:/ST/STM32CubeIDE_1.16.0/STM32CubeIDE/plugins/com.st.stm32cube.ide.mcu.externaltools.gnu-tools-for-stm32.12.3.rel1.win32_1.0.200.202406191623/tools/bin/../lib/gcc/arm-none-eabi/12.3.1/../../../../arm-none-eabi/lib/thumb/v7e-m+fp/hard\libc_nano.a(libc_a-exit.o)
                              C:/ST/STM32CubeIDE_1.16.0/STM32CubeIDE/plugins/com.st.stm32cube.ide.mcu.externaltools.gnu-tools-for-stm32.12.3.rel1.win32_1.0.200.202406191623/tools/bin/../lib/gcc/arm-none-eabi/12.3.1/../../../../arm-none-eabi/lib/thumb/v7e-m+fp/hard/crt0.o (exit)
C:/ST/STM32CubeIDE_1.16.0/STM32CubeIDE/plugins/com.st.stm32cube.ide.mcu.externaltools.gnu-tools-for-stm32.12.3.rel1.win32_1.0.200.202406191623/tools/bin/../lib/gcc/arm-none-eabi/12.3.1/../../../../arm-none-eabi/lib/thumb/v7e-m+fp/hard\libc_nano.a(libc_a-malloc.o)
                              ./Core/Src/w5500/HTTPServer/httpServer.o (malloc)
C:/ST/STM32CubeIDE_1.16.0/STM32CubeIDE/plugins/com.st.stm32cube.ide.mcu.externaltools.gnu-tools-for-stm32.12.3.rel1.win32_1.0.200.202406191623/tools/bin/../lib/gcc/arm-none-eabi/12.3.1/../../../../arm-none-eabi/lib/thumb/v7e-m+fp/hard\libc_nano.a(libc_a-mallocr.o)
                              C:/ST/STM32CubeIDE_1.16.0/STM32CubeIDE/plugins/com.st.stm32cube.ide.mcu.externaltools.gnu-tools-for-stm32.12.3.rel1.win32_1.0.200.202406191623/tools/bin/../lib/gcc/arm-none-eabi/12.3.1/../../../../arm-none-eabi/lib/thumb/v7e-m+fp/hard\libc_nano.a(libc_a-malloc.o) (_malloc_r)
C:/ST/STM32CubeIDE_1.16.0/STM32CubeIDE/plugins/com.st.stm32cube.ide.mcu.externaltools.gnu-tools-for-stm32.12.3.rel1.win32_1.0.200.202406191623/tools/bin/../lib/gcc/arm-none-eabi/12.3.1/../../../../arm-none-eabi/lib/thumb/v7e-m+fp/hard\libc_nano.a(libc_a-mlock.o)
                              C:/ST/STM32CubeIDE_1.16.0/STM32CubeIDE/plugins/com.st.stm32cube.ide.mcu.externaltools.gnu-tools-for-stm32.12.3.rel1.win32_1.0.200.202406191623/tools/bin/../lib/gcc/arm-none-eabi/12.3.1/../../../../arm-none-eabi/lib/thumb/v7e-m+fp/hard\libc_nano.a(libc_a-mallocr.o) (__malloc_lock)
C:/ST/STM32CubeIDE_1.16.0/STM32CubeIDE/plugins/com.st.stm32cube.ide.mcu.externaltools.gnu-tools-for-stm32.12.3.rel1.win32_1.0.200.202406191623/tools/bin/../lib/gcc/arm-none-eabi/12.3.1/../../../../arm-none-eabi/lib/thumb/v7e-m+fp/hard\libc_nano.a(libc_a-findfp.o)
                              C:/ST/STM32CubeIDE_1.16.0/STM32CubeIDE/plugins/com.st.stm32cube.ide.mcu.externaltools.gnu-tools-for-stm32.12.3.rel1.win32_1.0.200.202406191623/tools/bin/../lib/gcc/arm-none-eabi/12.3.1/../../../../arm-none-eabi/lib/thumb/v7e-m+fp/hard\libc_nano.a(libc_a-exit.o) (__stdio_exit_handler)
C:/ST/STM32CubeIDE_1.16.0/STM32CubeIDE/plugins/com.st.stm32cube.ide.mcu.externaltools.gnu-tools-for-stm32.12.3.rel1.win32_1.0.200.202406191623/tools/bin/../lib/gcc/arm-none-eabi/12.3.1/../../../../arm-none-eabi/lib/thumb/v7e-m+fp/hard\libc_nano.a(libc_a-fwalk.o)
                              C:/ST/STM32CubeIDE_1.16.0/STM32CubeIDE/plugins/com.st.stm32cube.ide.mcu.externaltools.gnu-tools-for-stm32.12.3.rel1.win32_1.0.200.202406191623/tools/bin/../lib/gcc/arm-none-eabi/12.3.1/../../../../arm-none-eabi/lib/thumb/v7e-m+fp/hard\libc_nano.a(libc_a-findfp.o) (_fwalk_sglue)
C:/ST/STM32CubeIDE_1.16.0/STM32CubeIDE/plugins/com.st.stm32cube.ide.mcu.externaltools.gnu-tools-for-stm32.12.3.rel1.win32_1.0.200.202406191623/tools/bin/../lib/gcc/arm-none-eabi/12.3.1/../../../../arm-none-eabi/lib/thumb/v7e-m+fp/hard\libc_nano.a(libc_a-printf.o)
                              ./Core/Src/main.o (printf)
C:/ST/STM32CubeIDE_1.16.0/STM32CubeIDE/plugins/com.st.stm32cube.ide.mcu.externaltools.gnu-tools-for-stm32.12.3.rel1.win32_1.0.200.202406191623/tools/bin/../lib/gcc/arm-none-eabi/12.3.1/../../../../arm-none-eabi/lib/thumb/v7e-m+fp/hard\libc_nano.a(libc_a-puts.o)
                              ./Core/Src/main.o (puts)
C:/ST/STM32CubeIDE_1.16.0/STM32CubeIDE/plugins/com.st.stm32cube.ide.mcu.externaltools.gnu-tools-for-stm32.12.3.rel1.win32_1.0.200.202406191623/tools/bin/../lib/gcc/arm-none-eabi/12.3.1/../../../../arm-none-eabi/lib/thumb/v7e-m+fp/hard\libc_nano.a(libc_a-setbuf.o)
                              ./Core/Src/main.o (setbuf)
C:/ST/STM32CubeIDE_1.16.0/STM32CubeIDE/plugins/com.st.stm32cube.ide.mcu.externaltools.gnu-tools-for-stm32.12.3.rel1.win32_1.0.200.202406191623/tools/bin/../lib/gcc/arm-none-eabi/12.3.1/../../../../arm-none-eabi/lib/thumb/v7e-m+fp/hard\libc_nano.a(libc_a-setvbuf.o)
                              C:/ST/STM32CubeIDE_1.16.0/STM32CubeIDE/plugins/com.st.stm32cube.ide.mcu.externaltools.gnu-tools-for-stm32.12.3.rel1.win32_1.0.200.202406191623/tools/bin/../lib/gcc/arm-none-eabi/12.3.1/../../../../arm-none-eabi/lib/thumb/v7e-m+fp/hard\libc_nano.a(libc_a-setbuf.o) (setvbuf)
[...]
Memory Configuration

Name             Origin             Length             Attributes
RAM              0x20000000         0x00020000         xrw
FLASH            0x08000000         0x00080000         xr
*default*        0x00000000         0xffffffff

Linker script and memory map

LOAD C:/ST/STM32CubeIDE_1.16.0/STM32CubeIDE/plugins/com.st.stm32cube.ide.mcu.externaltools.gnu-tools-for-stm32.12.3.rel1.win32_1.0.200.202406191623/tools/bin/../lib/gcc/arm-none-eabi/12.3.1/thumb/v7e-m+fp/hard/crti.o
LOAD C:/ST/STM32CubeIDE_1.16.0/STM32CubeIDE/plugins/com.st.stm32cube.ide.mcu.externaltools.gnu-tools-for-stm32.12.3.rel1.win32_1.0.200.202406191623/tools/bin/../lib/gcc/arm-none-eabi/12.3.1/thumb/v7e-m+fp/hard/crtbegin.o
LOAD C:/ST/STM32CubeIDE_1.16.0/STM32CubeIDE/plugins/com.st.stm32cube.ide.mcu.externaltools.gnu-tools-for-stm32.12.3.rel1.win32_1.0.200.202406191623/tools/bin/../lib/gcc/arm-none-eabi/12.3.1/../../../../arm-none-eabi/lib/thumb/v7e-m+fp/hard/crt0.o
LOAD ./Core/Src/main.o
LOAD ./Core/Src/stm32g4xx_hal_msp.o
LOAD ./Core/Src/stm32g4xx_it.o
LOAD ./Core/Src/syscalls.o
LOAD ./Core/Src/sysmem.o
LOAD ./Core/Src/system_stm32g4xx.o
LOAD ./Core/Src/w5500/HTTPServer/httpParser.o
LOAD ./Core/Src/w5500/HTTPServer/httpServer.o
LOAD ./Core/Src/w5500/HTTPServer/httpUtil.o
LOAD ./Core/Src/w5500/W5500/w5500.o
LOAD ./Core/Src/w5500/socket.o
LOAD ./Core/Src/w5500/w5500_spi.o
LOAD ./Core/Src/w5500/wizchip_conf.o
LOAD ./Core/Startup/startup_stm32g474retx.o
LOAD ./Drivers/BSP/STM32G4xx_Nucleo/stm32g4xx_nucleo.o
LOAD ./Drivers/STM32G4xx_HAL_Driver/Src/stm32g4xx_hal.o
LOAD ./Drivers/STM32G4xx_HAL_Driver/Src/stm32g4xx_hal_cortex.o
LOAD ./Drivers/STM32G4xx_HAL_Driver/Src/stm32g4xx_hal_dma.o
LOAD ./Drivers/STM32G4xx_HAL_Driver/Src/stm32g4xx_hal_dma_ex.o
LOAD ./Drivers/STM32G4xx_HAL_Driver/Src/stm32g4xx_hal_exti.o
LOAD ./Drivers/STM32G4xx_HAL_Driver/Src/stm32g4xx_hal_flash.o
LOAD ./Drivers/STM32G4xx_HAL_Driver/Src/stm32g4xx_hal_flash_ex.o
LOAD ./Drivers/STM32G4xx_HAL_Driver/Src/stm32g4xx_hal_flash_ramfunc.o
LOAD ./Drivers/STM32G4xx_HAL_Driver/Src/stm32g4xx_hal_gpio.o
LOAD ./Drivers/STM32G4xx_HAL_Driver/Src/stm32g4xx_hal_pwr.o
LOAD ./Drivers/STM32G4xx_HAL_Driver/Src/stm32g4xx_hal_pwr_ex.o
LOAD ./Drivers/STM32G4xx_HAL_Driver/Src/stm32g4xx_hal_rcc.o
LOAD ./Drivers/STM32G4xx_HAL_Driver/Src/stm32g4xx_hal_rcc_ex.o
LOAD ./Drivers/STM32G4xx_HAL_Driver/Src/stm32g4xx_hal_spi.o
LOAD ./Drivers/STM32G4xx_HAL_Driver/Src/stm32g4xx_hal_spi_ex.o
LOAD ./Drivers/STM32G4xx_HAL_Driver/Src/stm32g4xx_hal_tim.o
LOAD ./Drivers/STM32G4xx_HAL_Driver/Src/stm32g4xx_hal_tim_ex.o
LOAD ./Drivers/STM32G4xx_HAL_Driver/Src/stm32g4xx_hal_uart.o
LOAD ./Drivers/STM32G4xx_HAL_Driver/Src/stm32g4xx_hal_uart_ex.o
LOAD ./Drivers/STM32G4xx_HAL_Driver/Src/stm32g4xx_hal_usart.o
LOAD ./Drivers/STM32G4xx_HAL_Driver/Src/stm32g4xx_hal_usart_ex.o
START GROUP
LOAD C:/ST/STM32CubeIDE_1.16.0/STM32CubeIDE/plugins/com.st.stm32cube.ide.mcu.externaltools.gnu-tools-for-stm32.12.3.rel1.win32_1.0.200.202406191623/tools/bin/../lib/gcc/arm-none-eabi/12.3.1/../../../../arm-none-eabi/lib/thumb/v7e-m+fp/hard\libc_nano.a
LOAD C:/ST/STM32CubeIDE_1.16.0/STM32CubeIDE/plugins/com.st.stm32cube.ide.mcu.externaltools.gnu-tools-for-stm32.12.3.rel1.win32_1.0.200.202406191623/tools/bin/../lib/gcc/arm-none-eabi/12.3.1/../../../../arm-none-eabi/lib/thumb/v7e-m+fp/hard\libm.a
END GROUP
START GROUP
LOAD C:/ST/STM32CubeIDE_1.16.0/STM32CubeIDE/plugins/com.st.stm32cube.ide.mcu.externaltools.gnu-tools-for-stm32.12.3.rel1.win32_1.0.200.202406191623/tools/bin/../lib/gcc/arm-none-eabi/12.3.1/thumb/v7e-m+fp/hard\libgcc.a
LOAD C:/ST/STM32CubeIDE_1.16.0/STM32CubeIDE/plugins/com.st.stm32cube.ide.mcu.externaltools.gnu-tools-for-stm32.12.3.rel1.win32_1.0.200.202406191623/tools/bin/../lib/gcc/arm-none-eabi/12.3.1/../../../../arm-none-eabi/lib/thumb/v7e-m+fp/hard\libc_nano.a
END GROUP
START GROUP
LOAD C:/ST/STM32CubeIDE_1.16.0/STM32CubeIDE/plugins/com.st.stm32cube.ide.mcu.externaltools.gnu-tools-for-stm32.12.3.rel1.win32_1.0.200.202406191623/tools/bin/../lib/gcc/arm-none-eabi/12.3.1/thumb/v7e-m+fp/hard\libgcc.a
LOAD C:/ST/STM32CubeIDE_1.16.0/STM32CubeIDE/plugins/com.st.stm32cube.ide.mcu.externaltools.gnu-tools-for-stm32.12.3.rel1.win32_1.0.200.202406191623/tools/bin/../lib/gcc/arm-none-eabi/12.3.1/../../../../arm-none-eabi/lib/thumb/v7e-m+fp/hard\libc_nano.a
LOAD C:/ST/STM32CubeIDE_1.16.0/STM32CubeIDE/plugins/com.st.stm32cube.ide.mcu.externaltools.gnu-tools-for-stm32.12.3.rel1.win32_1.0.200.202406191623/tools/bin/../lib/gcc/arm-none-eabi/12.3.1/../../../../arm-none-eabi/lib/thumb/v7e-m+fp/hard\libnosys.a
END GROUP
START GROUP
LOAD C:/ST/STM32CubeIDE_1.16.0/STM32CubeIDE/plugins/com.st.stm32cube.ide.mcu.externaltools.gnu-tools-for-stm32.12.3.rel1.win32_1.0.200.202406191623/tools/bin/../lib/gcc/arm-none-eabi/12.3.1/thumb/v7e-m+fp/hard\libgcc.a
LOAD C:/ST/STM32CubeIDE_1.16.0/STM32CubeIDE/plugins/com.st.stm32cube.ide.mcu.externaltools.gnu-tools-for-stm32.12.3.rel1.win32_1.0.200.202406191623/tools/bin/../lib/gcc/arm-none-eabi/12.3.1/../../../../arm-none-eabi/lib/thumb/v7e-m+fp/hard\libc_nano.a
LOAD C:/ST/STM32CubeIDE_1.16.0/STM32CubeIDE/plugins/com.st.stm32cube.ide.mcu.externaltools.gnu-tools-for-stm32.12.3.rel1.win32_1.0.200.202406191623/tools/bin/../lib/gcc/arm-none-eabi/12.3.1/../../../../arm-none-eabi/lib/thumb/v7e-m+fp/hard\libnosys.a
END GROUP
LOAD C:/ST/STM32CubeIDE_1.16.0/STM32CubeIDE/plugins/com.st.stm32cube.ide.mcu.externaltools.gnu-tools-for-stm32.12.3.rel1.win32_1.0.200.202406191623/tools/bin/../lib/gcc/arm-none-eabi/12.3.1/thumb/v7e-m+fp/hard/crtend.o
LOAD C:/ST/STM32CubeIDE_1.16.0/STM32CubeIDE/plugins/com.st.stm32cube.ide.mcu.externaltools.gnu-tools-for-stm32.12.3.rel1.win32_1.0.200.202406191623/tools/bin/../lib/gcc/arm-none-eabi/12.3.1/thumb/v7e-m+fp/hard/crtn.o
                0x20020000                        _estack = (ORIGIN (RAM) + LENGTH (RAM))
                0x00000200                        _Min_Heap_Size = 0x200
                0x00000400                        _Min_Stack_Size = 0x400

.isr_vector     0x08000000      0x1d8
                0x08000000                        . = ALIGN (0x4)
 *(.isr_vector)
 .isr_vector    0x08000000      0x1d8 ./Core/Startup/startup_stm32g474retx.o
                0x08000000                g_pfnVectors
                0x080001d8                        . = ALIGN (0x4)

.text           0x080001e0     0x7980
                0x080001e0                        . = ALIGN (0x4)
 *(.text)
 .text          0x080001e0       0x40 C:/ST/STM32CubeIDE_1.16.0/STM32CubeIDE/plugins/com.st.stm32cube.ide.mcu.externaltools.gnu-tools-for-stm32.12.3.rel1.win32_1.0.200.202406191623/tools/bin/../lib/gcc/arm-none-eabi/12.3.1/thumb/v7e-m+fp/hard/crtbegin.o
 .text          0x08000220       0x14 C:/ST/STM32CubeIDE_1.16.0/STM32CubeIDE/plugins/com.st.stm32cube.ide.mcu.externaltools.gnu-tools-for-stm32.12.3.rel1.win32_1.0.200.202406191623/tools/bin/../lib/gcc/arm-none-eabi/12.3.1/../../../../arm-none-eabi/lib/thumb/v7e-m+fp/hard\libc_nano.a(libc_a-strcmp.o)
                0x08000220                strcmp
 .text          0x08000234       0x10 C:/ST/STM32CubeIDE_1.16.0/STM32CubeIDE/plugins/com.st.stm32cube.ide.mcu.externaltools.gnu-tools-for-stm32.12.3.rel1.win32_1.0.200.202406191623/tools/bin/../lib/gcc/arm-none-eabi/12.3.1/../../../../arm-none-eabi/lib/thumb/v7e-m+fp/hard\libc_nano.a(libc_a-strlen.o)
                0x08000234                strlen
 *fill*         0x08000244        0xc 
 .text          0x08000250       0xa0 C:/ST/STM32CubeIDE_1.16.0/STM32CubeIDE/plugins/com.st.stm32cube.ide.mcu.externaltools.gnu-tools-for-stm32.12.3.rel1.win32_1.0.200.202406191623/tools/bin/../lib/gcc/arm-none-eabi/12.3.1/../../../../arm-none-eabi/lib/thumb/v7e-m+fp/hard\libc_nano.a(libc_a-memchr.o)
                0x08000250                memchr
 .text          0x080002f0       0x30 C:/ST/STM32CubeIDE_1.16.0/STM32CubeIDE/plugins/com.st.stm32cube.ide.mcu.externaltools.gnu-tools-for-stm32.12.3.rel1.win32_1.0.200.202406191623/tools/bin/../lib/gcc/arm-none-eabi/12.3.1/thumb/v7e-m+fp/hard\libgcc.a(_aeabi_uldivmod.o)
                0x080002f0                __aeabi_uldivmod
 .text          0x08000320      0x2bc C:/ST/STM32CubeIDE_1.16.0/STM32CubeIDE/plugins/com.st.stm32cube.ide.mcu.externaltools.gnu-tools-for-stm32.12.3.rel1.win32_1.0.200.202406191623/tools/bin/../lib/gcc/arm-none-eabi/12.3.1/thumb/v7e-m+fp/hard\libgcc.a(_udivmoddi4.o)
                0x08000320                __udivmoddi4
 .text          0x080005dc        0x4 C:/ST/STM32CubeIDE_1.16.0/STM32CubeIDE/plugins/com.st.stm32cube.ide.mcu.externaltools.gnu-tools-for-stm32.12.3.rel1.win32_1.0.200.202406191623/tools/bin/../lib/gcc/arm-none-eabi/12.3.1/thumb/v7e-m+fp/hard\libgcc.a(_dvmd_tls.o)
                0x080005dc                __aeabi_idiv0
                0x080005dc                __aeabi_ldiv0
 *(.text*)
 .text.main     0x080005e0       0xb8 ./Core/Src/main.o
                0x080005e0                main
 .text.SystemClock_Config
                0x08000698       0x94 ./Core/Src/main.o
                0x08000698                SystemClock_Config
 .text.MX_SPI1_Init
                0x0800072c       0x8c ./Core/Src/main.o
 .text.MX_USART2_UART_Init
                0x080007b8       0x98 ./Core/Src/main.o
 .text.MX_GPIO_Init
                0x08000850       0x94 ./Core/Src/main.o
 .text.UWriteData
                0x080008e4       0x34 ./Core/Src/main.o
 .text.__io_putchar
                0x08000918       0x1c ./Core/Src/main.o
                0x08000918                __io_putchar
 .text.PHYStatusCheck
                0x08000934       0x4c ./Core/Src/main.o
 .text.PrintPHYConf
                0x08000980       0x88 ./Core/Src/main.o
 .text.Error_Handler
                0x08000a08        0xc ./Core/Src/main.o
                0x08000a08                Error_Handler
 .text.HAL_MspInit
                0x08000a14       0x48 ./Core/Src/stm32g4xx_hal_msp.o
                0x08000a14                HAL_MspInit
 .text.HAL_SPI_MspInit
                0x08000a5c       0xc0 ./Core/Src/stm32g4xx_hal_msp.o
                0x08000a5c                HAL_SPI_MspInit
 .text.HAL_UART_MspInit
                0x08000b1c       0xb0 ./Core/Src/stm32g4xx_hal_msp.o
                0x08000b1c                HAL_UART_MspInit
 .text.NMI_Handler
                0x08000bcc        0x8 ./Core/Src/stm32g4xx_it.o
                0x08000bcc                NMI_Handler
 .text.HardFault_Handler
                0x08000bd4        0x8 ./Core/Src/stm32g4xx_it.o
                0x08000bd4                HardFault_Handler
 .text.MemManage_Handler
                0x08000bdc        0x8 ./Core/Src/stm32g4xx_it.o
                0x08000bdc                MemManage_Handler
 .text.BusFault_Handler
                0x08000be4        0x8 ./Core/Src/stm32g4xx_it.o
                0x08000be4                BusFault_Handler
 .text.UsageFault_Handler
                0x08000bec        0x8 ./Core/Src/stm32g4xx_it.o
                0x08000bec                UsageFault_Handler
 .text.SVC_Handler
                0x08000bf4        0xe ./Core/Src/stm32g4xx_it.o
                0x08000bf4                SVC_Handler
 .text.DebugMon_Handler
                0x08000c02        0xe ./Core/Src/stm32g4xx_it.o
                0x08000c02                DebugMon_Handler
 .text.PendSV_Handler
                0x08000c10        0xe ./Core/Src/stm32g4xx_it.o
                0x08000c10                PendSV_Handler
 .text.SysTick_Handler
                0x08000c1e        0xc ./Core/Src/stm32g4xx_it.o
                0x08000c1e                SysTick_Handler
 .text.EXTI15_10_IRQHandler
                0x08000c2a        0xe ./Core/Src/stm32g4xx_it.o
                0x08000c2a                EXTI15_10_IRQHandler
 .text._getpid  0x08000c38       0x10 ./Core/Src/syscalls.o
                0x08000c38                _getpid
 .text._kill    0x08000c48       0x20 ./Core/Src/syscalls.o
                0x08000c48                _kill
 .text._exit    0x08000c68       0x16 ./Core/Src/syscalls.o
                0x08000c68                _exit
 .text._read    0x08000c7e       0x3a ./Core/Src/syscalls.o
                0x08000c7e                _read
 .text._write   0x08000cb8       0x38 ./Core/Src/syscalls.o
                0x08000cb8                _write
 .text._close   0x08000cf0       0x18 ./Core/Src/syscalls.o
                0x08000cf0                _close
 .text._fstat   0x08000d08       0x20 ./Core/Src/syscalls.o
                0x08000d08                _fstat
 .text._isatty  0x08000d28       0x16 ./Core/Src/syscalls.o
                0x08000d28                _isatty
 .text._lseek   0x08000d3e       0x1a ./Core/Src/syscalls.o
                0x08000d3e                _lseek
 .text._sbrk    0x08000d58       0x6c ./Core/Src/sysmem.o
                0x08000d58                _sbrk
 .text.SystemInit
                0x08000dc4       0x24 ./Core/Src/system_stm32g4xx.o
                0x08000dc4                SystemInit
 .text.make_http_response_head
                0x08000de8      0x16c ./Core/Src/w5500/HTTPServer/httpParser.o
                0x08000de8                make_http_response_head
 .text.find_http_uri_type
                0x08000f54      0x30c ./Core/Src/w5500/HTTPServer/httpParser.o
                0x08000f54                find_http_uri_type
 .text.parse_http_request
                0x08001260       0xf4 ./Core/Src/w5500/HTTPServer/httpParser.o
                0x08001260                parse_http_request
 .text.get_http_uri_name
                0x08001354       0x54 ./Core/Src/w5500/HTTPServer/httpParser.o
                0x08001354                get_http_uri_name
 .text.mid      0x080013a8       0x56 ./Core/Src/w5500/HTTPServer/httpParser.o
                0x080013a8                mid
 .text.default_mcu_reset
                0x080013fe        0xe ./Core/Src/w5500/HTTPServer/httpServer.o
                0x080013fe                default_mcu_reset
 .text.default_wdt_reset
                0x0800140c        0xe ./Core/Src/w5500/HTTPServer/httpServer.o
                0x0800140c                default_wdt_reset
 *fill*         0x0800141a        0x2 
 .text.httpServer_Sockinit
                0x0800141c       0x40 ./Core/Src/w5500/HTTPServer/httpServer.o
                0x0800141c                httpServer_Sockinit
 .text.getHTTPSocketNum
                0x0800145c       0x20 ./Core/Src/w5500/HTTPServer/httpServer.o
 .text.getHTTPSequenceNum
                0x0800147c       0x44 ./Core/Src/w5500/HTTPServer/httpServer.o
 .text.httpServer_init
                0x080014c0       0x38 ./Core/Src/w5500/HTTPServer/httpServer.o
                0x080014c0                httpServer_init
 .text.reg_httpServer_cbfunc
                0x080014f8       0x38 ./Core/Src/w5500/HTTPServer/httpServer.o
                0x080014f8                reg_httpServer_cbfunc
 .text.httpServer_run
                0x08001530      0x3c0 ./Core/Src/w5500/HTTPServer/httpServer.o
                0x08001530                httpServer_run
 .text.send_http_response_header
                0x080018f0      0x108 ./Core/Src/w5500/HTTPServer/httpServer.o
 .text.send_http_response_body
                0x080019f8      0x288 ./Core/Src/w5500/HTTPServer/httpServer.o
 .text.send_http_response_cgi
                0x08001c80       0x68 ./Core/Src/w5500/HTTPServer/httpServer.o
 .text.http_disconnect
                0x08001ce8       0x42 ./Core/Src/w5500/HTTPServer/httpServer.o
 *fill*         0x08001d2a        0x2 
 .text.http_process_handler
                0x08001d2c      0x504 ./Core/Src/w5500/HTTPServer/httpServer.o
 .text.get_httpServer_timecount
                0x08002230       0x18 ./Core/Src/w5500/HTTPServer/httpServer.o
                0x08002230                get_httpServer_timecount
 .text.reg_httpServer_webContent
                0x08002248       0xc4 ./Core/Src/w5500/HTTPServer/httpServer.o
                0x08002248                reg_httpServer_webContent
 .text.find_userReg_webContent
                0x0800230c       0x78 ./Core/Src/w5500/HTTPServer/httpServer.o
                0x0800230c                find_userReg_webContent
 .text.read_userReg_webContent
                0x08002384       0x7c ./Core/Src/w5500/HTTPServer/httpServer.o
                0x08002384                read_userReg_webContent
 .text.http_get_cgi_handler
                0x08002400       0x58 ./Core/Src/w5500/HTTPServer/httpUtil.o
                0x08002400                http_get_cgi_handler
 .text.http_post_cgi_handler
                0x08002458       0x7c ./Core/Src/w5500/HTTPServer/httpUtil.o
                0x08002458                http_post_cgi_handler
 .text.predefined_get_cgi_processor
                0x080024d4       0x1a ./Core/Src/w5500/HTTPServer/httpUtil.o
                0x080024d4                predefined_get_cgi_processor
 .text.predefined_set_cgi_processor
                0x080024ee       0x1c ./Core/Src/w5500/HTTPServer/httpUtil.o
                0x080024ee                predefined_set_cgi_processor
 *fill*         0x0800250a        0x2 
 .text.WIZCHIP_READ
                0x0800250c       0x98 ./Core/Src/w5500/W5500/w5500.o
                0x0800250c                WIZCHIP_READ
 .text.WIZCHIP_WRITE
                0x080025a4       0x9c ./Core/Src/w5500/W5500/w5500.o
                0x080025a4                WIZCHIP_WRITE
 .text.WIZCHIP_READ_BUF
                0x08002640       0xc0 ./Core/Src/w5500/W5500/w5500.o
                0x08002640                WIZCHIP_READ_BUF
 .text.WIZCHIP_WRITE_BUF
                0x08002700       0xc0 ./Core/Src/w5500/W5500/w5500.o
                0x08002700                WIZCHIP_WRITE_BUF
 .text.getSn_TX_FSR
                0x080027c0       0x92 ./Core/Src/w5500/W5500/w5500.o
                0x080027c0                getSn_TX_FSR
 .text.getSn_RX_RSR
                0x08002852       0x92 ./Core/Src/w5500/W5500/w5500.o
                0x08002852                getSn_RX_RSR
 .text.wiz_send_data
                0x080028e4       0xb4 ./Core/Src/w5500/W5500/w5500.o
                0x080028e4                wiz_send_data
 .text.wiz_recv_data
                0x08002998       0xb4 ./Core/Src/w5500/W5500/w5500.o
                0x08002998                wiz_recv_data
 .text.socket   0x08002a4c      0x228 ./Core/Src/w5500/socket.o
                0x08002a4c                socket
 .text.close    0x08002c74       0xdc ./Core/Src/w5500/socket.o
                0x08002c74                close
 .text.listen   0x08002d50       0xb2 ./Core/Src/w5500/socket.o
                0x08002d50                listen
 *fill*         0x08002e02        0x2 
 .text.disconnect
                0x08002e04       0xec ./Core/Src/w5500/socket.o
                0x08002e04                disconnect
 .text.send     0x08002ef0      0x1f0 ./Core/Src/w5500/socket.o
                0x08002ef0                send
 .text.recv     0x080030e0      0x168 ./Core/Src/w5500/socket.o
                0x080030e0                recv
 .text.SPIReadWrite
                0x08003248       0x50 ./Core/Src/w5500/w5500_spi.o
                0x08003248                SPIReadWrite
 .text.wizchip_select
                0x08003298       0x14 ./Core/Src/w5500/w5500_spi.o
                0x08003298                wizchip_select
 .text.wizchip_deselect
                0x080032ac       0x14 ./Core/Src/w5500/w5500_spi.o
                0x080032ac                wizchip_deselect
 .text.wizchip_read
                0x080032c0       0x1a ./Core/Src/w5500/w5500_spi.o
                0x080032c0                wizchip_read
 .text.wizchip_write
                0x080032da       0x1a ./Core/Src/w5500/w5500_spi.o
                0x080032da                wizchip_write
 .text.wizchip_readburst
                0x080032f4       0x3e ./Core/Src/w5500/w5500_spi.o
                0x080032f4                wizchip_readburst
 .text.wizchip_writeburst
                0x08003332       0x3a ./Core/Src/w5500/w5500_spi.o
                0x08003332                wizchip_writeburst
 .text.W5500IOInit
                0x0800336c       0x54 ./Core/Src/w5500/w5500_spi.o
                0x0800336c                W5500IOInit
 .text.W5500Init
                0x080033c0       0xb0 ./Core/Src/w5500/w5500_spi.o
                0x080033c0                W5500Init
 .text.wizchip_cris_enter
                0x08003470        0xe ./Core/Src/w5500/wizchip_conf.o
                0x08003470                wizchip_cris_enter
 .text.wizchip_cris_exit
                0x0800347e        0xe ./Core/Src/w5500/wizchip_conf.o
                0x0800347e                wizchip_cris_exit
 .text.wizchip_cs_select
                0x0800348c        0xe ./Core/Src/w5500/wizchip_conf.o
                0x0800348c                wizchip_cs_select
 .text.wizchip_cs_deselect
                0x0800349a        0xe ./Core/Src/w5500/wizchip_conf.o
                0x0800349a                wizchip_cs_deselect
 .text.wizchip_bus_readdata
                0x080034a8       0x1a ./Core/Src/w5500/wizchip_conf.o
                0x080034a8                wizchip_bus_readdata
 .text.wizchip_bus_writedata
                0x080034c2       0x1e ./Core/Src/w5500/wizchip_conf.o
                0x080034c2                wizchip_bus_writedata
 .text.wizchip_spi_readbyte
                0x080034e0       0x10 ./Core/Src/w5500/wizchip_conf.o
                0x080034e0                wizchip_spi_readbyte
 .text.wizchip_spi_writebyte
                0x080034f0       0x16 ./Core/Src/w5500/wizchip_conf.o
                0x080034f0                wizchip_spi_writebyte
 .text.wizchip_spi_readburst
                0x08003506       0x18 ./Core/Src/w5500/wizchip_conf.o
                0x08003506                wizchip_spi_readburst
 .text.wizchip_spi_writeburst
                0x0800351e       0x18 ./Core/Src/w5500/wizchip_conf.o
                0x0800351e                wizchip_spi_writeburst
 *fill*         0x08003536        0x2 
 .text.reg_wizchip_cs_cbfunc
                0x08003538       0x4c ./Core/Src/w5500/wizchip_conf.o
                0x08003538                reg_wizchip_cs_cbfunc
 .text.reg_wizchip_spi_cbfunc
                0x08003584       0x58 ./Core/Src/w5500/wizchip_conf.o
                0x08003584                reg_wizchip_spi_cbfunc
 .text.reg_wizchip_spiburst_cbfunc
                0x080035dc       0x58 ./Core/Src/w5500/wizchip_conf.o
                0x080035dc                reg_wizchip_spiburst_cbfunc
 .text.ctlwizchip
                0x08003634      0x1c0 ./Core/Src/w5500/wizchip_conf.o
                0x08003634                ctlwizchip
 .text.ctlnetwork
                0x080037f4       0x7c ./Core/Src/w5500/wizchip_conf.o
                0x080037f4                ctlnetwork
 .text.wizchip_sw_reset
                0x08003870       0x98 ./Core/Src/w5500/wizchip_conf.o
                0x08003870                wizchip_sw_reset
 .text.wizchip_init
                0x08003908      0x118 ./Core/Src/w5500/wizchip_conf.o
                0x08003908                wizchip_init
 .text.wizchip_clrinterrupt
                0x08003a20       0x68 ./Core/Src/w5500/wizchip_conf.o
                0x08003a20                wizchip_clrinterrupt
 .text.wizchip_getinterrupt
                0x08003a88       0x4a ./Core/Src/w5500/wizchip_conf.o
                0x08003a88                wizchip_getinterrupt
 .text.wizchip_setinterruptmask
                0x08003ad2       0x36 ./Core/Src/w5500/wizchip_conf.o
                0x08003ad2                wizchip_setinterruptmask
 .text.wizchip_getinterruptmask
                0x08003b08       0x46 ./Core/Src/w5500/wizchip_conf.o
                0x08003b08                wizchip_getinterruptmask
 .text.wizphy_getphylink
                0x08003b4e       0x2c ./Core/Src/w5500/wizchip_conf.o
                0x08003b4e                wizphy_getphylink
 .text.wizphy_getphypmode
                0x08003b7a       0x32 ./Core/Src/w5500/wizchip_conf.o
                0x08003b7a                wizphy_getphypmode
 .text.wizphy_reset
                0x08003bac       0x4e ./Core/Src/w5500/wizchip_conf.o
                0x08003bac                wizphy_reset
 .text.wizphy_setphyconf
                0x08003bfa       0x84 ./Core/Src/w5500/wizchip_conf.o
                0x08003bfa                wizphy_setphyconf
 *fill*         0x08003c7e        0x2 
 .text.wizphy_getphyconf
                0x08003c80       0xd4 ./Core/Src/w5500/wizchip_conf.o
                0x08003c80                wizphy_getphyconf
 .text.wizphy_setphypmode
                0x08003d54       0x94 ./Core/Src/w5500/wizchip_conf.o
                0x08003d54                wizphy_setphypmode
 .text.wizchip_setnetinfo
                0x08003de8       0x80 ./Core/Src/w5500/wizchip_conf.o
                0x08003de8                wizchip_setnetinfo
 .text.wizchip_getnetinfo
                0x08003e68       0x80 ./Core/Src/w5500/wizchip_conf.o
                0x08003e68                wizchip_getnetinfo
 .text.wizchip_setnetmode
                0x08003ee8       0x44 ./Core/Src/w5500/wizchip_conf.o
                0x08003ee8                wizchip_setnetmode
 .text.wizchip_getnetmode
                0x08003f2c       0x10 ./Core/Src/w5500/wizchip_conf.o
                0x08003f2c                wizchip_getnetmode
 .text.wizchip_settimeout
                0x08003f3c       0x42 ./Core/Src/w5500/wizchip_conf.o
                0x08003f3c                wizchip_settimeout
 .text.wizchip_gettimeout
                0x08003f7e       0x40 ./Core/Src/w5500/wizchip_conf.o
                0x08003f7e                wizchip_gettimeout
 *fill*         0x08003fbe        0x2 
 .text.Reset_Handler
                0x08003fc0       0x50 ./Core/Startup/startup_stm32g474retx.o
                0x08003fc0                Reset_Handler
 .text.Default_Handler
                0x08004010        0x2 ./Core/Startup/startup_stm32g474retx.o
                0x08004010                RTC_Alarm_IRQHandler
                0x08004010                EXTI2_IRQHandler
                0x08004010                TIM8_TRG_COM_IRQHandler
                0x08004010                TIM8_CC_IRQHandler
                0x08004010                HRTIM1_Master_IRQHandler
                0x08004010                SPI4_IRQHandler
                0x08004010                FDCAN3_IT0_IRQHandler
                0x08004010                TIM1_CC_IRQHandler
                0x08004010                HRTIM1_FLT_IRQHandler
                0x08004010                HRTIM1_TIMF_IRQHandler
                0x08004010                USB_HP_IRQHandler
                0x08004010                CORDIC_IRQHandler
                0x08004010                HRTIM1_TIMD_IRQHandler
                0x08004010                DMA2_Channel8_IRQHandler
                0x08004010                EXTI3_IRQHandler
                0x08004010                I2C3_ER_IRQHandler
                0x08004010                EXTI0_IRQHandler
                0x08004010                I2C2_EV_IRQHandler
                0x08004010                FPU_IRQHandler
                0x08004010                FDCAN1_IT1_IRQHandler
                0x08004010                TIM1_UP_TIM16_IRQHandler
                0x08004010                ADC1_2_IRQHandler
                0x08004010                HRTIM1_TIME_IRQHandler
                0x08004010                SPI1_IRQHandler
                0x08004010                TIM6_DAC_IRQHandler
                0x08004010                HRTIM1_TIMC_IRQHandler
                0x08004010                TIM8_UP_IRQHandler
                0x08004010                DMA2_Channel2_IRQHandler
                0x08004010                DMA1_Channel4_IRQHandler
                0x08004010                TIM20_TRG_COM_IRQHandler
                0x08004010                USART3_IRQHandler
                0x08004010                DMA1_Channel7_IRQHandler
                0x08004010                UART5_IRQHandler
                0x08004010                ADC3_IRQHandler
                0x08004010                TIM4_IRQHandler
                0x08004010                DMA2_Channel1_IRQHandler
                0x08004010                QUADSPI_IRQHandler
                0x08004010                I2C1_EV_IRQHandler
                0x08004010                DMA1_Channel6_IRQHandler
                0x08004010                UART4_IRQHandler
                0x08004010                DMA2_Channel4_IRQHandler
                0x08004010                TIM3_IRQHandler
                0x08004010                RCC_IRQHandler
                0x08004010                TIM20_UP_IRQHandler
                0x08004010                DMA1_Channel1_IRQHandler
                0x08004010                Default_Handler
                0x08004010                DMA2_Channel7_IRQHandler
                0x08004010                RTC_TAMP_LSECSS_IRQHandler
                0x08004010                FMAC_IRQHandler
                0x08004010                DMA1_Channel8_IRQHandler
                0x08004010                HRTIM1_TIMA_IRQHandler
                0x08004010                TIM7_DAC_IRQHandler
                0x08004010                FDCAN3_IT1_IRQHandler
                0x08004010                TIM5_IRQHandler
                0x08004010                UCPD1_IRQHandler
                0x08004010                I2C3_EV_IRQHandler
                0x08004010                EXTI9_5_IRQHandler
                0x08004010                RTC_WKUP_IRQHandler
                0x08004010                PVD_PVM_IRQHandler
                0x08004010                SPI2_IRQHandler
                0x08004010                ADC5_IRQHandler
                0x08004010                DMA2_Channel5_IRQHandler
                0x08004010                CRS_IRQHandler
                0x08004010                DMA1_Channel5_IRQHandler
                0x08004010                USB_LP_IRQHandler
                0x08004010                EXTI4_IRQHandler
                0x08004010                RNG_IRQHandler
                0x08004010                HRTIM1_TIMB_IRQHandler
                0x08004010                TIM1_TRG_COM_TIM17_IRQHandler
                0x08004010                FDCAN2_IT1_IRQHandler
                0x08004010                DMA1_Channel3_IRQHandler
                0x08004010                ADC4_IRQHandler
                0x08004010                WWDG_IRQHandler
                0x08004010                I2C4_EV_IRQHandler
                0x08004010                FDCAN2_IT0_IRQHandler
                0x08004010                LPUART1_IRQHandler
                0x08004010                DMA2_Channel6_IRQHandler
                0x08004010                FDCAN1_IT0_IRQHandler
                0x08004010                TIM2_IRQHandler
                0x08004010                COMP7_IRQHandler
                0x08004010                COMP1_2_3_IRQHandler
                0x08004010                EXTI1_IRQHandler
                0x08004010                USART2_IRQHandler
                0x08004010                COMP4_5_6_IRQHandler
                0x08004010                TIM20_BRK_IRQHandler
                0x08004010                I2C2_ER_IRQHandler
                0x08004010                DMA1_Channel2_IRQHandler
                0x08004010                TIM8_BRK_IRQHandler
                0x08004010                FLASH_IRQHandler
                0x08004010                TIM20_CC_IRQHandler
                0x08004010                USART1_IRQHandler
                0x08004010                SPI3_IRQHandler
                0x08004010                I2C1_ER_IRQHandler
                0x08004010                FMC_IRQHandler
                0x08004010                LPTIM1_IRQHandler
                0x08004010                DMAMUX_OVR_IRQHandler
                0x08004010                I2C4_ER_IRQHandler
                0x08004010                USBWakeUp_IRQHandler
                0x08004010                SAI1_IRQHandler
                0x08004010                DMA2_Channel3_IRQHandler
                0x08004010                TIM1_BRK_TIM15_IRQHandler
 .text.HAL_Init
                0x08004012       0x30 ./Drivers/STM32G4xx_HAL_Driver/Src/stm32g4xx_hal.o
                0x08004012                HAL_Init
 *fill*         0x08004042        0x2 
 .text.HAL_InitTick
                0x08004044       0x74 ./Drivers/STM32G4xx_HAL_Driver/Src/stm32g4xx_hal.o
                0x08004044                HAL_InitTick
 .text.HAL_IncTick
                0x080040b8       0x24 ./Drivers/STM32G4xx_HAL_Driver/Src/stm32g4xx_hal.o
                0x080040b8                HAL_IncTick
 .text.HAL_GetTick
                0x080040dc       0x18 ./Drivers/STM32G4xx_HAL_Driver/Src/stm32g4xx_hal.o
                0x080040dc                HAL_GetTick
 .text.HAL_Delay
                0x080040f4       0x44 ./Drivers/STM32G4xx_HAL_Driver/Src/stm32g4xx_hal.o
                0x080040f4                HAL_Delay
 .text.__NVIC_SetPriorityGrouping
                0x08004138       0x48 ./Drivers/STM32G4xx_HAL_Driver/Src/stm32g4xx_hal_cortex.o
 .text.__NVIC_GetPriorityGrouping
                0x08004180       0x1c ./Drivers/STM32G4xx_HAL_Driver/Src/stm32g4xx_hal_cortex.o
 .text.__NVIC_SetPriority
                0x0800419c       0x54 ./Drivers/STM32G4xx_HAL_Driver/Src/stm32g4xx_hal_cortex.o
 .text.NVIC_EncodePriority
                0x080041f0       0x66 ./Drivers/STM32G4xx_HAL_Driver/Src/stm32g4xx_hal_cortex.o
 *fill*         0x08004256        0x2 
 .text.SysTick_Config
                0x08004258       0x44 ./Drivers/STM32G4xx_HAL_Driver/Src/stm32g4xx_hal_cortex.o
 .text.HAL_NVIC_SetPriorityGrouping
                0x0800429c       0x16 ./Drivers/STM32G4xx_HAL_Driver/Src/stm32g4xx_hal_cortex.o
                0x0800429c                HAL_NVIC_SetPriorityGrouping
 .text.HAL_NVIC_SetPriority
                0x080042b2       0x34 ./Drivers/STM32G4xx_HAL_Driver/Src/stm32g4xx_hal_cortex.o
                0x080042b2                HAL_NVIC_SetPriority
 .text.HAL_SYSTICK_Config
                0x080042e6       0x18 ./Drivers/STM32G4xx_HAL_Driver/Src/stm32g4xx_hal_cortex.o
                0x080042e6                HAL_SYSTICK_Config
 *fill*         0x080042fe        0x2 
 .text.HAL_GPIO_Init
                0x08004300      0x304 ./Drivers/STM32G4xx_HAL_Driver/Src/stm32g4xx_hal_gpio.o
                0x08004300                HAL_GPIO_Init
 .text.HAL_GPIO_WritePin
                0x08004604       0x30 ./Drivers/STM32G4xx_HAL_Driver/Src/stm32g4xx_hal_gpio.o
                0x08004604                HAL_GPIO_WritePin
 .text.HAL_PWREx_ControlVoltageScaling
                0x08004634      0x148 ./Drivers/STM32G4xx_HAL_Driver/Src/stm32g4xx_hal_pwr_ex.o
                0x08004634                HAL_PWREx_ControlVoltageScaling
 .text.HAL_PWREx_DisableUCPDDeadBattery
                0x0800477c       0x20 ./Drivers/STM32G4xx_HAL_Driver/Src/stm32g4xx_hal_pwr_ex.o
                0x0800477c                HAL_PWREx_DisableUCPDDeadBattery
 .text.HAL_RCC_OscConfig
                0x0800479c      0x624 ./Drivers/STM32G4xx_HAL_Driver/Src/stm32g4xx_hal_rcc.o
                0x0800479c                HAL_RCC_OscConfig
 .text.HAL_RCC_ClockConfig
                0x08004dc0      0x278 ./Drivers/STM32G4xx_HAL_Driver/Src/stm32g4xx_hal_rcc.o
                0x08004dc0                HAL_RCC_ClockConfig
 .text.HAL_RCC_GetSysClockFreq
                0x08005038       0xc4 ./Drivers/STM32G4xx_HAL_Driver/Src/stm32g4xx_hal_rcc.o
                0x08005038                HAL_RCC_GetSysClockFreq
 .text.HAL_RCC_GetHCLKFreq
                0x080050fc       0x18 ./Drivers/STM32G4xx_HAL_Driver/Src/stm32g4xx_hal_rcc.o
                0x080050fc                HAL_RCC_GetHCLKFreq
 .text.HAL_RCC_GetPCLK1Freq
                0x08005114       0x2c ./Drivers/STM32G4xx_HAL_Driver/Src/stm32g4xx_hal_rcc.o
                0x08005114                HAL_RCC_GetPCLK1Freq
 .text.HAL_RCC_GetPCLK2Freq
                0x08005140       0x2c ./Drivers/STM32G4xx_HAL_Driver/Src/stm32g4xx_hal_rcc.o
                0x08005140                HAL_RCC_GetPCLK2Freq
 .text.RCC_GetSysClockFreqFromPLLSource
                0x0800516c       0x8c ./Drivers/STM32G4xx_HAL_Driver/Src/stm32g4xx_hal_rcc.o
 .text.HAL_RCCEx_PeriphCLKConfig
                0x080051f8      0x49c ./Drivers/STM32G4xx_HAL_Driver/Src/stm32g4xx_hal_rcc_ex.o
                0x080051f8                HAL_RCCEx_PeriphCLKConfig
 .text.HAL_SPI_Init
                0x08005694      0x156 ./Drivers/STM32G4xx_HAL_Driver/Src/stm32g4xx_hal_spi.o
                0x08005694                HAL_SPI_Init
 .text.HAL_UART_Init
                0x080057ea       0xa0 ./Drivers/STM32G4xx_HAL_Driver/Src/stm32g4xx_hal_uart.o
                0x080057ea                HAL_UART_Init
 *fill*         0x0800588a        0x2 
 .text.UART_SetConfig
                0x0800588c      0x5f8 ./Drivers/STM32G4xx_HAL_Driver/Src/stm32g4xx_hal_uart.o
                0x0800588c                UART_SetConfig
 .text.UART_AdvFeatureConfig
                0x08005e84      0x144 ./Drivers/STM32G4xx_HAL_Driver/Src/stm32g4xx_hal_uart.o
                0x08005e84                UART_AdvFeatureConfig
 .text.UART_CheckIdleState
                0x08005fc8      0x154 ./Drivers/STM32G4xx_HAL_Driver/Src/stm32g4xx_hal_uart.o
                0x08005fc8                UART_CheckIdleState
 .text.UART_WaitOnFlagUntilTimeout
                0x0800611c       0xda ./Drivers/STM32G4xx_HAL_Driver/Src/stm32g4xx_hal_uart.o
                0x0800611c                UART_WaitOnFlagUntilTimeout
 .text.UART_EndRxTransfer
                0x080061f6       0xcc ./Drivers/STM32G4xx_HAL_Driver/Src/stm32g4xx_hal_uart.o
 .text.HAL_UARTEx_DisableFifoMode
                0x080062c2       0x72 ./Drivers/STM32G4xx_HAL_Driver/Src/stm32g4xx_hal_uart_ex.o
                0x080062c2                HAL_UARTEx_DisableFifoMode
 .text.HAL_UARTEx_SetTxFifoThreshold
                0x08006334       0x7c ./Drivers/STM32G4xx_HAL_Driver/Src/stm32g4xx_hal_uart_ex.o
                0x08006334                HAL_UARTEx_SetTxFifoThreshold
 .text.HAL_UARTEx_SetRxFifoThreshold
                0x080063b0       0x7c ./Drivers/STM32G4xx_HAL_Driver/Src/stm32g4xx_hal_uart_ex.o
                0x080063b0                HAL_UARTEx_SetRxFifoThreshold
 .text.UARTEx_SetNbDataToProcess
                0x0800642c       0x9c ./Drivers/STM32G4xx_HAL_Driver/Src/stm32g4xx_hal_uart_ex.o
 .text.malloc   0x080064c8       0x10 C:/ST/STM32CubeIDE_1.16.0/STM32CubeIDE/plugins/com.st.stm32cube.ide.mcu.externaltools.gnu-tools-for-stm32.12.3.rel1.win32_1.0.200.202406191623/tools/bin/../lib/gcc/arm-none-eabi/12.3.1/../../../../arm-none-eabi/lib/thumb/v7e-m+fp/hard\libc_nano.a(libc_a-malloc.o)
                0x080064c8                malloc
 .text.sbrk_aligned
                0x080064d8       0x44 C:/ST/STM32CubeIDE_1.16.0/STM32CubeIDE/plugins/com.st.stm32cube.ide.mcu.externaltools.gnu-tools-for-stm32.12.3.rel1.win32_1.0.200.202406191623/tools/bin/../lib/gcc/arm-none-eabi/12.3.1/../../../../arm-none-eabi/lib/thumb/v7e-m+fp/hard\libc_nano.a(libc_a-mallocr.o)
 .text._malloc_r
                0x0800651c      0x100 C:/ST/STM32CubeIDE_1.16.0/STM32CubeIDE/plugins/com.st.stm32cube.ide.mcu.externaltools.gnu-tools-for-stm32.12.3.rel1.win32_1.0.200.202406191623/tools/bin/../lib/gcc/arm-none-eabi/12.3.1/../../../../arm-none-eabi/lib/thumb/v7e-m+fp/hard\libc_nano.a(libc_a-mallocr.o)
                0x0800651c                _malloc_r
 .text.__malloc_lock
                0x0800661c        0xc C:/ST/STM32CubeIDE_1.16.0/STM32CubeIDE/plugins/com.st.stm32cube.ide.mcu.externaltools.gnu-tools-for-stm32.12.3.rel1.win32_1.0.200.202406191623/tools/bin/../lib/gcc/arm-none-eabi/12.3.1/../../../../arm-none-eabi/lib/thumb/v7e-m+fp/hard\libc_nano.a(libc_a-mlock.o)
                0x0800661c                __malloc_lock
 .text.__malloc_unlock
                0x08006628        0xc C:/ST/STM32CubeIDE_1.16.0/STM32CubeIDE/plugins/com.st.stm32cube.ide.mcu.externaltools.gnu-tools-for-stm32.12.3.rel1.win32_1.0.200.202406191623/tools/bin/../lib/gcc/arm-none-eabi/12.3.1/../../../../arm-none-eabi/lib/thumb/v7e-m+fp/hard\libc_nano.a(libc_a-mlock.o)
                0x08006628                __malloc_unlock
 .text.std      0x08006634       0x6c C:/ST/STM32CubeIDE_1.16.0/STM32CubeIDE/plugins/com.st.stm32cube.ide.mcu.externaltools.gnu-tools-for-stm32.12.3.rel1.win32_1.0.200.202406191623/tools/bin/../lib/gcc/arm-none-eabi/12.3.1/../../../../arm-none-eabi/lib/thumb/v7e-m+fp/hard\libc_nano.a(libc_a-findfp.o)
 .text.stdio_exit_handler
                0x080066a0       0x18 C:/ST/STM32CubeIDE_1.16.0/STM32CubeIDE/plugins/com.st.stm32cube.ide.mcu.externaltools.gnu-tools-for-stm32.12.3.rel1.win32_1.0.200.202406191623/tools/bin/../lib/gcc/arm-none-eabi/12.3.1/../../../../arm-none-eabi/lib/thumb/v7e-m+fp/hard\libc_nano.a(libc_a-findfp.o)
 .text.cleanup_stdio
                0x080066b8       0x40 C:/ST/STM32CubeIDE_1.16.0/STM32CubeIDE/plugins/com.st.stm32cube.ide.mcu.externaltools.gnu-tools-for-stm32.12.3.rel1.win32_1.0.200.202406191623/tools/bin/../lib/gcc/arm-none-eabi/12.3.1/../../../../arm-none-eabi/lib/thumb/v7e-m+fp/hard\libc_nano.a(libc_a-findfp.o)
 .text.global_stdio_init.part.0
                0x080066f8       0x3c C:/ST/STM32CubeIDE_1.16.0/STM32CubeIDE/plugins/com.st.stm32cube.ide.mcu.externaltools.gnu-tools-for-stm32.12.3.rel1.win32_1.0.200.202406191623/tools/bin/../lib/gcc/arm-none-eabi/12.3.1/../../../../arm-none-eabi/lib/thumb/v7e-m+fp/hard\libc_nano.a(libc_a-findfp.o)
 .text.__sfp_lock_acquire
                0x08006734        0xc C:/ST/STM32CubeIDE_1.16.0/STM32CubeIDE/plugins/com.st.stm32cube.ide.mcu.externaltools.gnu-tools-for-stm32.12.3.rel1.win32_1.0.200.202406191623/tools/bin/../lib/gcc/arm-none-eabi/12.3.1/../../../../arm-none-eabi/lib/thumb/v7e-m+fp/hard\libc_nano.a(libc_a-findfp.o)
                0x08006734                __sfp_lock_acquire
 .text.__sfp_lock_release
                0x08006740        0xc C:/ST/STM32CubeIDE_1.16.0/STM32CubeIDE/plugins/com.st.stm32cube.ide.mcu.externaltools.gnu-tools-for-stm32.12.3.rel1.win32_1.0.200.202406191623/tools/bin/../lib/gcc/arm-none-eabi/12.3.1/../../../../arm-none-eabi/lib/thumb/v7e-m+fp/hard\libc_nano.a(libc_a-findfp.o)
                0x08006740                __sfp_lock_release
 .text.__sinit  0x0800674c       0x30 C:/ST/STM32CubeIDE_1.16.0/STM32CubeIDE/plugins/com.st.stm32cube.ide.mcu.externaltools.gnu-tools-for-stm32.12.3.rel1.win32_1.0.200.202406191623/tools/bin/../lib/gcc/arm-none-eabi/12.3.1/../../../../arm-none-eabi/lib/thumb/v7e-m+fp/hard\libc_nano.a(libc_a-findfp.o)
                0x0800674c                __sinit
 .text._fwalk_sglue
                0x0800677c       0x3c C:/ST/STM32CubeIDE_1.16.0/STM32CubeIDE/plugins/com.st.stm32cube.ide.mcu.externaltools.gnu-tools-for-stm32.12.3.rel1.win32_1.0.200.202406191623/tools/bin/../lib/gcc/arm-none-eabi/12.3.1/../../../../arm-none-eabi/lib/thumb/v7e-m+fp/hard\libc_nano.a(libc_a-fwalk.o)
                0x0800677c                _fwalk_sglue
 .text.printf   0x080067b8       0x24 C:/ST/STM32CubeIDE_1.16.0/STM32CubeIDE/plugins/com.st.stm32cube.ide.mcu.externaltools.gnu-tools-for-stm32.12.3.rel1.win32_1.0.200.202406191623/tools/bin/../lib/gcc/arm-none-eabi/12.3.1/../../../../arm-none-eabi/lib/thumb/v7e-m+fp/hard\libc_nano.a(libc_a-printf.o)
                0x080067b8                iprintf
                0x080067b8                printf
 .text._puts_r  0x080067dc       0xaa C:/ST/STM32CubeIDE_1.16.0/STM32CubeIDE/plugins/com.st.stm32cube.ide.mcu.externaltools.gnu-tools-for-stm32.12.3.rel1.win32_1.0.200.202406191623/tools/bin/../lib/gcc/arm-none-eabi/12.3.1/../../../../arm-none-eabi/lib/thumb/v7e-m+fp/hard\libc_nano.a(libc_a-puts.o)
                0x080067dc                _puts_r
 *fill*         0x08006886        0x2 
 .text.puts     0x08006888       0x10 C:/ST/STM32CubeIDE_1.16.0/STM32CubeIDE/plugins/com.st.stm32cube.ide.mcu.externaltools.gnu-tools-for-stm32.12.3.rel1.win32_1.0.200.202406191623/tools/bin/../lib/gcc/arm-none-eabi/12.3.1/../../../../arm-none-eabi/lib/thumb/v7e-m+fp/hard\libc_nano.a(libc_a-puts.o)
                0x08006888                puts
 .text.setbuf   0x08006898       0x10 C:/ST/STM32CubeIDE_1.16.0/STM32CubeIDE/plugins/com.st.stm32cube.ide.mcu.externaltools.gnu-tools-for-stm32.12.3.rel1.win32_1.0.200.202406191623/tools/bin/../lib/gcc/arm-none-eabi/12.3.1/../../../../arm-none-eabi/lib/thumb/v7e-m+fp/hard\libc_nano.a(libc_a-setbuf.o)
                0x08006898                setbuf
 .text.setvbuf  0x080068a8      0x168 C:/ST/STM32CubeIDE_1.16.0/STM32CubeIDE/plugins/com.st.stm32cube.ide.mcu.externaltools.gnu-tools-for-stm32.12.3.rel1.win32_1.0.200.202406191623/tools/bin/../lib/gcc/arm-none-eabi/12.3.1/../../../../arm-none-eabi/lib/thumb/v7e-m+fp/hard\libc_nano.a(libc_a-setvbuf.o)
                0x080068a8                setvbuf
 .text.sprintf  0x08006a10       0x40 C:/ST/STM32CubeIDE_1.16.0/STM32CubeIDE/plugins/com.st.stm32cube.ide.mcu.externaltools.gnu-tools-for-stm32.12.3.rel1.win32_1.0.200.202406191623/tools/bin/../lib/gcc/arm-none-eabi/12.3.1/../../../../arm-none-eabi/lib/thumb/v7e-m+fp/hard\libc_nano.a(libc_a-sprintf.o)
                0x08006a10                siprintf
                0x08006a10                sprintf
 .text.__sread  0x08006a50       0x22 C:/ST/STM32CubeIDE_1.16.0/STM32CubeIDE/plugins/com.st.stm32cube.ide.mcu.externaltools.gnu-tools-for-stm32.12.3.rel1.win32_1.0.200.202406191623/tools/bin/../lib/gcc/arm-none-eabi/12.3.1/../../../../arm-none-eabi/lib/thumb/v7e-m+fp/hard\libc_nano.a(libc_a-stdio.o)
                0x08006a50                __sread
 .text.__swrite
                0x08006a72       0x38 C:/ST/STM32CubeIDE_1.16.0/STM32CubeIDE/plugins/com.st.stm32cube.ide.mcu.externaltools.gnu-tools-for-stm32.12.3.rel1.win32_1.0.200.202406191623/tools/bin/../lib/gcc/arm-none-eabi/12.3.1/../../../../arm-none-eabi/lib/thumb/v7e-m+fp/hard\libc_nano.a(libc_a-stdio.o)
                0x08006a72                __swrite
 .text.__sseek  0x08006aaa       0x24 C:/ST/STM32CubeIDE_1.16.0/STM32CubeIDE/plugins/com.st.stm32cube.ide.mcu.externaltools.gnu-tools-for-stm32.12.3.rel1.win32_1.0.200.202406191623/tools/bin/../lib/gcc/arm-none-eabi/12.3.1/../../../../arm-none-eabi/lib/thumb/v7e-m+fp/hard\libc_nano.a(libc_a-stdio.o)
                0x08006aaa                __sseek
 .text.__sclose
                0x08006ace        0x8 C:/ST/STM32CubeIDE_1.16.0/STM32CubeIDE/plugins/com.st.stm32cube.ide.mcu.externaltools.gnu-tools-for-stm32.12.3.rel1.win32_1.0.200.202406191623/tools/bin/../lib/gcc/arm-none-eabi/12.3.1/../../../../arm-none-eabi/lib/thumb/v7e-m+fp/hard\libc_nano.a(libc_a-stdio.o)
                0x08006ace                __sclose
 .text.__swbuf_r
                0x08006ad6       0x7c C:/ST/STM32CubeIDE_1.16.0/STM32CubeIDE/plugins/com.st.stm32cube.ide.mcu.externaltools.gnu-tools-for-stm32.12.3.rel1.win32_1.0.200.202406191623/tools/bin/../lib/gcc/arm-none-eabi/12.3.1/../../../../arm-none-eabi/lib/thumb/v7e-m+fp/hard\libc_nano.a(libc_a-wbuf.o)
                0x08006ad6                __swbuf_r
 *fill*         0x08006b52        0x2 
 .text.__swsetup_r
                0x08006b54       0xac C:/ST/STM32CubeIDE_1.16.0/STM32CubeIDE/plugins/com.st.stm32cube.ide.mcu.externaltools.gnu-tools-for-stm32.12.3.rel1.win32_1.0.200.202406191623/tools/bin/../lib/gcc/arm-none-eabi/12.3.1/../../../../arm-none-eabi/lib/thumb/v7e-m+fp/hard\libc_nano.a(libc_a-wsetup.o)
                0x08006b54                __swsetup_r
 .text.memset   0x08006c00       0x10 C:/ST/STM32CubeIDE_1.16.0/STM32CubeIDE/plugins/com.st.stm32cube.ide.mcu.externaltools.gnu-tools-for-stm32.12.3.rel1.win32_1.0.200.202406191623/tools/bin/../lib/gcc/arm-none-eabi/12.3.1/../../../../arm-none-eabi/lib/thumb/v7e-m+fp/hard\libc_nano.a(libc_a-memset.o)
                0x08006c00                memset
 .text.strcat   0x08006c10       0x1e C:/ST/STM32CubeIDE_1.16.0/STM32CubeIDE/plugins/com.st.stm32cube.ide.mcu.externaltools.gnu-tools-for-stm32.12.3.rel1.win32_1.0.200.202406191623/tools/bin/../lib/gcc/arm-none-eabi/12.3.1/../../../../arm-none-eabi/lib/thumb/v7e-m+fp/hard\libc_nano.a(libc_a-strcat.o)
                0x08006c10                strcat
 .text.strncpy  0x08006c2e       0x26 C:/ST/STM32CubeIDE_1.16.0/STM32CubeIDE/plugins/com.st.stm32cube.ide.mcu.externaltools.gnu-tools-for-stm32.12.3.rel1.win32_1.0.200.202406191623/tools/bin/../lib/gcc/arm-none-eabi/12.3.1/../../../../arm-none-eabi/lib/thumb/v7e-m+fp/hard\libc_nano.a(libc_a-strncpy.o)
                0x08006c2e                strncpy
 .text.strtok   0x08006c54       0x68 C:/ST/STM32CubeIDE_1.16.0/STM32CubeIDE/plugins/com.st.stm32cube.ide.mcu.externaltools.gnu-tools-for-stm32.12.3.rel1.win32_1.0.200.202406191623/tools/bin/../lib/gcc/arm-none-eabi/12.3.1/../../../../arm-none-eabi/lib/thumb/v7e-m+fp/hard\libc_nano.a(libc_a-strtok.o)
                0x08006c54                strtok
 .text.__strtok_r
                0x08006cbc       0x50 C:/ST/STM32CubeIDE_1.16.0/STM32CubeIDE/plugins/com.st.stm32cube.ide.mcu.externaltools.gnu-tools-for-stm32.12.3.rel1.win32_1.0.200.202406191623/tools/bin/../lib/gcc/arm-none-eabi/12.3.1/../../../../arm-none-eabi/lib/thumb/v7e-m+fp/hard\libc_nano.a(libc_a-strtok_r.o)
                0x08006cbc                __strtok_r
 .text.strstr   0x08006d0c       0x2c C:/ST/STM32CubeIDE_1.16.0/STM32CubeIDE/plugins/com.st.stm32cube.ide.mcu.externaltools.gnu-tools-for-stm32.12.3.rel1.win32_1.0.200.202406191623/tools/bin/../lib/gcc/arm-none-eabi/12.3.1/../../../../arm-none-eabi/lib/thumb/v7e-m+fp/hard\libc_nano.a(libc_a-strstr.o)
                0x08006d0c                strstr
 .text._close_r
                0x08006d38       0x20 C:/ST/STM32CubeIDE_1.16.0/STM32CubeIDE/plugins/com.st.stm32cube.ide.mcu.externaltools.gnu-tools-for-stm32.12.3.rel1.win32_1.0.200.202406191623/tools/bin/../lib/gcc/arm-none-eabi/12.3.1/../../../../arm-none-eabi/lib/thumb/v7e-m+fp/hard\libc_nano.a(libc_a-closer.o)
                0x08006d38                _close_r
 .text._lseek_r
                0x08006d58       0x24 C:/ST/STM32CubeIDE_1.16.0/STM32CubeIDE/plugins/com.st.stm32cube.ide.mcu.externaltools.gnu-tools-for-stm32.12.3.rel1.win32_1.0.200.202406191623/tools/bin/../lib/gcc/arm-none-eabi/12.3.1/../../../../arm-none-eabi/lib/thumb/v7e-m+fp/hard\libc_nano.a(libc_a-lseekr.o)
                0x08006d58                _lseek_r
 .text._read_r  0x08006d7c       0x24 C:/ST/STM32CubeIDE_1.16.0/STM32CubeIDE/plugins/com.st.stm32cube.ide.mcu.externaltools.gnu-tools-for-stm32.12.3.rel1.win32_1.0.200.202406191623/tools/bin/../lib/gcc/arm-none-eabi/12.3.1/../../../../arm-none-eabi/lib/thumb/v7e-m+fp/hard\libc_nano.a(libc_a-readr.o)
                0x08006d7c                _read_r
 .text._sbrk_r  0x08006da0       0x20 C:/ST/STM32CubeIDE_1.16.0/STM32CubeIDE/plugins/com.st.stm32cube.ide.mcu.externaltools.gnu-tools-for-stm32.12.3.rel1.win32_1.0.200.202406191623/tools/bin/../lib/gcc/arm-none-eabi/12.3.1/../../../../arm-none-eabi/lib/thumb/v7e-m+fp/hard\libc_nano.a(libc_a-sbrkr.o)
                0x08006da0                _sbrk_r
 .text._write_r
                0x08006dc0       0x24 C:/ST/STM32CubeIDE_1.16.0/STM32CubeIDE/plugins/com.st.stm32cube.ide.mcu.externaltools.gnu-tools-for-stm32.12.3.rel1.win32_1.0.200.202406191623/tools/bin/../lib/gcc/arm-none-eabi/12.3.1/../../../../arm-none-eabi/lib/thumb/v7e-m+fp/hard\libc_nano.a(libc_a-writer.o)
                0x08006dc0                _write_r
 .text.__errno  0x08006de4        0xc C:/ST/STM32CubeIDE_1.16.0/STM32CubeIDE/plugins/com.st.stm32cube.ide.mcu.externaltools.gnu-tools-for-stm32.12.3.rel1.win32_1.0.200.202406191623/tools/bin/../lib/gcc/arm-none-eabi/12.3.1/../../../../arm-none-eabi/lib/thumb/v7e-m+fp/hard\libc_nano.a(libc_a-errno.o)
                0x08006de4                __errno
 .text.__libc_init_array
                0x08006df0       0x48 C:/ST/STM32CubeIDE_1.16.0/STM32CubeIDE/plugins/com.st.stm32cube.ide.mcu.externaltools.gnu-tools-for-stm32.12.3.rel1.win32_1.0.200.202406191623/tools/bin/../lib/gcc/arm-none-eabi/12.3.1/../../../../arm-none-eabi/lib/thumb/v7e-m+fp/hard\libc_nano.a(libc_a-init.o)
                0x08006df0                __libc_init_array
 .text.__retarget_lock_init_recursive
                0x08006e38        0x2 C:/ST/STM32CubeIDE_1.16.0/STM32CubeIDE/plugins/com.st.stm32cube.ide.mcu.externaltools.gnu-tools-for-stm32.12.3.rel1.win32_1.0.200.202406191623/tools/bin/../lib/gcc/arm-none-eabi/12.3.1/../../../../arm-none-eabi/lib/thumb/v7e-m+fp/hard\libc_nano.a(libc_a-lock.o)
                0x08006e38                __retarget_lock_init_recursive
 .text.__retarget_lock_acquire_recursive
                0x08006e3a        0x2 C:/ST/STM32CubeIDE_1.16.0/STM32CubeIDE/plugins/com.st.stm32cube.ide.mcu.externaltools.gnu-tools-for-stm32.12.3.rel1.win32_1.0.200.202406191623/tools/bin/../lib/gcc/arm-none-eabi/12.3.1/../../../../arm-none-eabi/lib/thumb/v7e-m+fp/hard\libc_nano.a(libc_a-lock.o)
                0x08006e3a                __retarget_lock_acquire_recursive
 .text.__retarget_lock_release_recursive
                0x08006e3c        0x2 C:/ST/STM32CubeIDE_1.16.0/STM32CubeIDE/plugins/com.st.stm32cube.ide.mcu.externaltools.gnu-tools-for-stm32.12.3.rel1.win32_1.0.200.202406191623/tools/bin/../lib/gcc/arm-none-eabi/12.3.1/../../../../arm-none-eabi/lib/thumb/v7e-m+fp/hard\libc_nano.a(libc_a-lock.o)
                0x08006e3c                __retarget_lock_release_recursive
 .text.strcpy   0x08006e3e       0x10 C:/ST/STM32CubeIDE_1.16.0/STM32CubeIDE/plugins/com.st.stm32cube.ide.mcu.externaltools.gnu-tools-for-stm32.12.3.rel1.win32_1.0.200.202406191623/tools/bin/../lib/gcc/arm-none-eabi/12.3.1/../../../../arm-none-eabi/lib/thumb/v7e-m+fp/hard\libc_nano.a(libc_a-strcpy.o)
                0x08006e3e                strcpy
 .text.memcpy   0x08006e4e       0x1c C:/ST/STM32CubeIDE_1.16.0/STM32CubeIDE/plugins/com.st.stm32cube.ide.mcu.externaltools.gnu-tools-for-stm32.12.3.rel1.win32_1.0.200.202406191623/tools/bin/../lib/gcc/arm-none-eabi/12.3.1/../../../../arm-none-eabi/lib/thumb/v7e-m+fp/hard\libc_nano.a(libc_a-memcpy-stub.o)
                0x08006e4e                memcpy
 *fill*         0x08006e6a        0x2 
 .text.__assert_func
                0x08006e6c       0x3c C:/ST/STM32CubeIDE_1.16.0/STM32CubeIDE/plugins/com.st.stm32cube.ide.mcu.externaltools.gnu-tools-for-stm32.12.3.rel1.win32_1.0.200.202406191623/tools/bin/../lib/gcc/arm-none-eabi/12.3.1/../../../../arm-none-eabi/lib/thumb/v7e-m+fp/hard\libc_nano.a(libc_a-assert.o)
                0x08006e6c                __assert_func
 .text._free_r  0x08006ea8       0x94 C:/ST/STM32CubeIDE_1.16.0/STM32CubeIDE/plugins/com.st.stm32cube.ide.mcu.externaltools.gnu-tools-for-stm32.12.3.rel1.win32_1.0.200.202406191623/tools/bin/../lib/gcc/arm-none-eabi/12.3.1/../../../../arm-none-eabi/lib/thumb/v7e-m+fp/hard\libc_nano.a(libc_a-freer.o)
                0x08006ea8                _free_r
 .text.__ssputs_r
                0x08006f3c       0xb6 C:/ST/STM32CubeIDE_1.16.0/STM32CubeIDE/plugins/com.st.stm32cube.ide.mcu.externaltools.gnu-tools-for-stm32.12.3.rel1.win32_1.0.200.202406191623/tools/bin/../lib/gcc/arm-none-eabi/12.3.1/../../../../arm-none-eabi/lib/thumb/v7e-m+fp/hard\libc_nano.a(libc_a-nano-svfprintf.o)
                0x08006f3c                __ssputs_r
 *fill*         0x08006ff2        0x2 
 .text._svfprintf_r
                0x08006ff4      0x1f8 C:/ST/STM32CubeIDE_1.16.0/STM32CubeIDE/plugins/com.st.stm32cube.ide.mcu.externaltools.gnu-tools-for-stm32.12.3.rel1.win32_1.0.200.202406191623/tools/bin/../lib/gcc/arm-none-eabi/12.3.1/../../../../arm-none-eabi/lib/thumb/v7e-m+fp/hard\libc_nano.a(libc_a-nano-svfprintf.o)
                0x08006ff4                _svfiprintf_r
                0x08006ff4                _svfprintf_r
 .text.__sfputc_r
                0x080071ec       0x2e C:/ST/STM32CubeIDE_1.16.0/STM32CubeIDE/plugins/com.st.stm32cube.ide.mcu.externaltools.gnu-tools-for-stm32.12.3.rel1.win32_1.0.200.202406191623/tools/bin/../lib/gcc/arm-none-eabi/12.3.1/../../../../arm-none-eabi/lib/thumb/v7e-m+fp/hard\libc_nano.a(libc_a-nano-vfprintf.o)
 .text.__sfputs_r
                0x0800721a       0x24 C:/ST/STM32CubeIDE_1.16.0/STM32CubeIDE/plugins/com.st.stm32cube.ide.mcu.externaltools.gnu-tools-for-stm32.12.3.rel1.win32_1.0.200.202406191623/tools/bin/../lib/gcc/arm-none-eabi/12.3.1/../../../../arm-none-eabi/lib/thumb/v7e-m+fp/hard\libc_nano.a(libc_a-nano-vfprintf.o)
                0x0800721a                __sfputs_r
 *fill*         0x0800723e        0x2 
 .text._vfprintf_r
                0x08007240      0x230 C:/ST/STM32CubeIDE_1.16.0/STM32CubeIDE/plugins/com.st.stm32cube.ide.mcu.externaltools.gnu-tools-for-stm32.12.3.rel1.win32_1.0.200.202406191623/tools/bin/../lib/gcc/arm-none-eabi/12.3.1/../../../../arm-none-eabi/lib/thumb/v7e-m+fp/hard\libc_nano.a(libc_a-nano-vfprintf.o)
                0x08007240                _vfprintf_r
                0x08007240                _vfiprintf_r
 .text._printf_common
                0x08007470       0xda C:/ST/STM32CubeIDE_1.16.0/STM32CubeIDE/plugins/com.st.stm32cube.ide.mcu.externaltools.gnu-tools-for-stm32.12.3.rel1.win32_1.0.200.202406191623/tools/bin/../lib/gcc/arm-none-eabi/12.3.1/../../../../arm-none-eabi/lib/thumb/v7e-m+fp/hard\libc_nano.a(libc_a-nano-vfprintf_i.o)
                0x08007470                _printf_common
 *fill*         0x0800754a        0x2 
 .text._printf_i
                0x0800754c      0x240 C:/ST/STM32CubeIDE_1.16.0/STM32CubeIDE/plugins/com.st.stm32cube.ide.mcu.externaltools.gnu-tools-for-stm32.12.3.rel1.win32_1.0.200.202406191623/tools/bin/../lib/gcc/arm-none-eabi/12.3.1/../../../../arm-none-eabi/lib/thumb/v7e-m+fp/hard\libc_nano.a(libc_a-nano-vfprintf_i.o)
                0x0800754c                _printf_i
 .text.__sflush_r
                0x0800778c      0x108 C:/ST/STM32CubeIDE_1.16.0/STM32CubeIDE/plugins/com.st.stm32cube.ide.mcu.externaltools.gnu-tools-for-stm32.12.3.rel1.win32_1.0.200.202406191623/tools/bin/../lib/gcc/arm-none-eabi/12.3.1/../../../../arm-none-eabi/lib/thumb/v7e-m+fp/hard\libc_nano.a(libc_a-fflush.o)
                0x0800778c                __sflush_r
 .text._fflush_r
                0x08007894       0x50 C:/ST/STM32CubeIDE_1.16.0/STM32CubeIDE/plugins/com.st.stm32cube.ide.mcu.externaltools.gnu-tools-for-stm32.12.3.rel1.win32_1.0.200.202406191623/tools/bin/../lib/gcc/arm-none-eabi/12.3.1/../../../../arm-none-eabi/lib/thumb/v7e-m+fp/hard\libc_nano.a(libc_a-fflush.o)
                0x08007894                _fflush_r
 .text.fprintf  0x080078e4       0x24 C:/ST/STM32CubeIDE_1.16.0/STM32CubeIDE/plugins/com.st.stm32cube.ide.mcu.externaltools.gnu-tools-for-stm32.12.3.rel1.win32_1.0.200.202406191623/tools/bin/../lib/gcc/arm-none-eabi/12.3.1/../../../../arm-none-eabi/lib/thumb/v7e-m+fp/hard\libc_nano.a(libc_a-fprintf.o)
                0x080078e4                fiprintf
                0x080078e4                fprintf
 .text.__swhatbuf_r
                0x08007908       0x4c C:/ST/STM32CubeIDE_1.16.0/STM32CubeIDE/plugins/com.st.stm32cube.ide.mcu.externaltools.gnu-tools-for-stm32.12.3.rel1.win32_1.0.200.202406191623/tools/bin/../lib/gcc/arm-none-eabi/12.3.1/../../../../arm-none-eabi/lib/thumb/v7e-m+fp/hard\libc_nano.a(libc_a-makebuf.o)
                0x08007908                __swhatbuf_r
 .text.__smakebuf_r
                0x08007954       0x78 C:/ST/STM32CubeIDE_1.16.0/STM32CubeIDE/plugins/com.st.stm32cube.ide.mcu.externaltools.gnu-tools-for-stm32.12.3.rel1.win32_1.0.200.202406191623/tools/bin/../lib/gcc/arm-none-eabi/12.3.1/../../../../arm-none-eabi/lib/thumb/v7e-m+fp/hard\libc_nano.a(libc_a-makebuf.o)
                0x08007954                __smakebuf_r
 .text.memmove  0x080079cc       0x34 C:/ST/STM32CubeIDE_1.16.0/STM32CubeIDE/plugins/com.st.stm32cube.ide.mcu.externaltools.gnu-tools-for-stm32.12.3.rel1.win32_1.0.200.202406191623/tools/bin/../lib/gcc/arm-none-eabi/12.3.1/../../../../arm-none-eabi/lib/thumb/v7e-m+fp/hard\libc_nano.a(libc_a-memmove.o)
                0x080079cc                memmove
 .text._fstat_r
                0x08007a00       0x24 C:/ST/STM32CubeIDE_1.16.0/STM32CubeIDE/plugins/com.st.stm32cube.ide.mcu.externaltools.gnu-tools-for-stm32.12.3.rel1.win32_1.0.200.202406191623/tools/bin/../lib/gcc/arm-none-eabi/12.3.1/../../../../arm-none-eabi/lib/thumb/v7e-m+fp/hard\libc_nano.a(libc_a-fstatr.o)
                0x08007a00                _fstat_r
 .text._isatty_r
                0x08007a24       0x20 C:/ST/STM32CubeIDE_1.16.0/STM32CubeIDE/plugins/com.st.stm32cube.ide.mcu.externaltools.gnu-tools-for-stm32.12.3.rel1.win32_1.0.200.202406191623/tools/bin/../lib/gcc/arm-none-eabi/12.3.1/../../../../arm-none-eabi/lib/thumb/v7e-m+fp/hard\libc_nano.a(libc_a-isattyr.o)
                0x08007a24                _isatty_r
 .text.abort    0x08007a44        0xe C:/ST/STM32CubeIDE_1.16.0/STM32CubeIDE/plugins/com.st.stm32cube.ide.mcu.externaltools.gnu-tools-for-stm32.12.3.rel1.win32_1.0.200.202406191623/tools/bin/../lib/gcc/arm-none-eabi/12.3.1/../../../../arm-none-eabi/lib/thumb/v7e-m+fp/hard\libc_nano.a(libc_a-abort.o)
                0x08007a44                abort
 .text._realloc_r
                0x08007a52       0x5c C:/ST/STM32CubeIDE_1.16.0/STM32CubeIDE/plugins/com.st.stm32cube.ide.mcu.externaltools.gnu-tools-for-stm32.12.3.rel1.win32_1.0.200.202406191623/tools/bin/../lib/gcc/arm-none-eabi/12.3.1/../../../../arm-none-eabi/lib/thumb/v7e-m+fp/hard\libc_nano.a(libc_a-reallocr.o)
                0x08007a52                _realloc_r
 .text._raise_r
                0x08007aae       0x50 C:/ST/STM32CubeIDE_1.16.0/STM32CubeIDE/plugins/com.st.stm32cube.ide.mcu.externaltools.gnu-tools-for-stm32.12.3.rel1.win32_1.0.200.202406191623/tools/bin/../lib/gcc/arm-none-eabi/12.3.1/../../../../arm-none-eabi/lib/thumb/v7e-m+fp/hard\libc_nano.a(libc_a-signal.o)
                0x08007aae                _raise_r
 *fill*         0x08007afe        0x2 
 .text.raise    0x08007b00       0x10 C:/ST/STM32CubeIDE_1.16.0/STM32CubeIDE/plugins/com.st.stm32cube.ide.mcu.externaltools.gnu-tools-for-stm32.12.3.rel1.win32_1.0.200.202406191623/tools/bin/../lib/gcc/arm-none-eabi/12.3.1/../../../../arm-none-eabi/lib/thumb/v7e-m+fp/hard\libc_nano.a(libc_a-signal.o)
                0x08007b00                raise
 .text._kill_r  0x08007b10       0x24 C:/ST/STM32CubeIDE_1.16.0/STM32CubeIDE/plugins/com.st.stm32cube.ide.mcu.externaltools.gnu-tools-for-stm32.12.3.rel1.win32_1.0.200.202406191623/tools/bin/../lib/gcc/arm-none-eabi/12.3.1/../../../../arm-none-eabi/lib/thumb/v7e-m+fp/hard\libc_nano.a(libc_a-signalr.o)
                0x08007b10                _kill_r
 .text._getpid_r
                0x08007b34        0x4 C:/ST/STM32CubeIDE_1.16.0/STM32CubeIDE/plugins/com.st.stm32cube.ide.mcu.externaltools.gnu-tools-for-stm32.12.3.rel1.win32_1.0.200.202406191623/tools/bin/../lib/gcc/arm-none-eabi/12.3.1/../../../../arm-none-eabi/lib/thumb/v7e-m+fp/hard\libc_nano.a(libc_a-signalr.o)
                0x08007b34                _getpid_r
 .text._malloc_usable_size_r
                0x08007b38       0x10 C:/ST/STM32CubeIDE_1.16.0/STM32CubeIDE/plugins/com.st.stm32cube.ide.mcu.externaltools.gnu-tools-for-stm32.12.3.rel1.win32_1.0.200.202406191623/tools/bin/../lib/gcc/arm-none-eabi/12.3.1/../../../../arm-none-eabi/lib/thumb/v7e-m+fp/hard\libc_nano.a(libc_a-msizer.o)
                0x08007b38                _malloc_usable_size_r
 *(.glue_7)
 .glue_7        0x08007b48        0x0 linker stubs
 *(.glue_7t)
 .glue_7t       0x08007b48        0x0 linker stubs
 *(.eh_frame)
 .eh_frame      0x08007b48        0x0 C:/ST/STM32CubeIDE_1.16.0/STM32CubeIDE/plugins/com.st.stm32cube.ide.mcu.externaltools.gnu-tools-for-stm32.12.3.rel1.win32_1.0.200.202406191623/tools/bin/../lib/gcc/arm-none-eabi/12.3.1/thumb/v7e-m+fp/hard/crtbegin.o
 *(.init)
 .init          0x08007b48        0x4 C:/ST/STM32CubeIDE_1.16.0/STM32CubeIDE/plugins/com.st.stm32cube.ide.mcu.externaltools.gnu-tools-for-stm32.12.3.rel1.win32_1.0.200.202406191623/tools/bin/../lib/gcc/arm-none-eabi/12.3.1/thumb/v7e-m+fp/hard/crti.o
                0x08007b48                _init
 .init          0x08007b4c        0x8 C:/ST/STM32CubeIDE_1.16.0/STM32CubeIDE/plugins/com.st.stm32cube.ide.mcu.externaltools.gnu-tools-for-stm32.12.3.rel1.win32_1.0.200.202406191623/tools/bin/../lib/gcc/arm-none-eabi/12.3.1/thumb/v7e-m+fp/hard/crtn.o
 *(.fini)
 .fini          0x08007b54        0x4 C:/ST/STM32CubeIDE_1.16.0/STM32CubeIDE/plugins/com.st.stm32cube.ide.mcu.externaltools.gnu-tools-for-stm32.12.3.rel1.win32_1.0.200.202406191623/tools/bin/../lib/gcc/arm-none-eabi/12.3.1/thumb/v7e-m+fp/hard/crti.o
                0x08007b54                _fini
 .fini          0x08007b58        0x8 C:/ST/STM32CubeIDE_1.16.0/STM32CubeIDE/plugins/com.st.stm32cube.ide.mcu.externaltools.gnu-tools-for-stm32.12.3.rel1.win32_1.0.200.202406191623/tools/bin/../lib/gcc/arm-none-eabi/12.3.1/thumb/v7e-m+fp/hard/crtn.o
                0x08007b60                        . = ALIGN (0x4)
                0x08007b60                        _etext = .

.vfp11_veneer   0x08007b60        0x0
 .vfp11_veneer  0x08007b60        0x0 linker stubs

.v4_bx          0x08007b60        0x0
 .v4_bx         0x08007b60        0x0 linker stubs

.iplt           0x08007b60        0x0
 .iplt          0x08007b60        0x0 C:/ST/STM32CubeIDE_1.16.0/STM32CubeIDE/plugins/com.st.stm32cube.ide.mcu.externaltools.gnu-tools-for-stm32.12.3.rel1.win32_1.0.200.202406191623/tools/bin/../lib/gcc/arm-none-eabi/12.3.1/thumb/v7e-m+fp/hard/crtbegin.o

.rodata         0x08007b60     0x12c8
                0x08007b60                        . = ALIGN (0x4)
 *(.rodata)
 .rodata        0x08007b60      0x261 ./Core/Src/main.o
 *fill*         0x08007dc1        0x3 
 .rodata        0x08007dc4      0x5fa ./Core/Src/w5500/HTTPServer/httpParser.o
 *fill*         0x080083be        0x2 
 .rodata        0x080083c0      0x7cd ./Core/Src/w5500/HTTPServer/httpServer.o
 *fill*         0x08008b8d        0x3 
 .rodata        0x08008b90        0xf ./Core/Src/w5500/HTTPServer/httpUtil.o
 *fill*         0x08008b9f        0x1 
 .rodata        0x08008ba0       0x54 ./Core/Src/w5500/w5500_spi.o
 *(.rodata*)
 .rodata.AHBPrescTable
                0x08008bf4       0x10 ./Core/Src/system_stm32g4xx.o
                0x08008bf4                AHBPrescTable
 .rodata.APBPrescTable
                0x08008c04        0x8 ./Core/Src/system_stm32g4xx.o
                0x08008c04                APBPrescTable
 .rodata.ERROR_HTML_PAGE
                0x08008c0c       0x99 ./Core/Src/w5500/HTTPServer/httpServer.o
 *fill*         0x08008ca5        0x3 
 .rodata.ERROR_REQUEST_PAGE
                0x08008ca8       0x76 ./Core/Src/w5500/HTTPServer/httpServer.o
 *fill*         0x08008d1e        0x2 
 .rodata.UARTPrescTable
                0x08008d20       0x18 ./Drivers/STM32G4xx_HAL_Driver/Src/stm32g4xx_hal_uart.o
                0x08008d20                UARTPrescTable
 .rodata.numerator.1
                0x08008d38        0x8 ./Drivers/STM32G4xx_HAL_Driver/Src/stm32g4xx_hal_uart_ex.o
 .rodata.denominator.0
                0x08008d40        0x8 ./Drivers/STM32G4xx_HAL_Driver/Src/stm32g4xx_hal_uart_ex.o
 .rodata.strtok.str1.1
                0x08008d48       0x71 C:/ST/STM32CubeIDE_1.16.0/STM32CubeIDE/plugins/com.st.stm32cube.ide.mcu.externaltools.gnu-tools-for-stm32.12.3.rel1.win32_1.0.200.202406191623/tools/bin/../lib/gcc/arm-none-eabi/12.3.1/../../../../arm-none-eabi/lib/thumb/v7e-m+fp/hard\libc_nano.a(libc_a-strtok.o)
 .rodata.__assert_func.str1.1
                0x08008db9       0x3c C:/ST/STM32CubeIDE_1.16.0/STM32CubeIDE/plugins/com.st.stm32cube.ide.mcu.externaltools.gnu-tools-for-stm32.12.3.rel1.win32_1.0.200.202406191623/tools/bin/../lib/gcc/arm-none-eabi/12.3.1/../../../../arm-none-eabi/lib/thumb/v7e-m+fp/hard\libc_nano.a(libc_a-assert.o)
                                 0x3d (size before relaxing)
 .rodata._svfprintf_r.str1.1
                0x08008df5       0x11 C:/ST/STM32CubeIDE_1.16.0/STM32CubeIDE/plugins/com.st.stm32cube.ide.mcu.externaltools.gnu-tools-for-stm32.12.3.rel1.win32_1.0.200.202406191623/tools/bin/../lib/gcc/arm-none-eabi/12.3.1/../../../../arm-none-eabi/lib/thumb/v7e-m+fp/hard\libc_nano.a(libc_a-nano-svfprintf.o)
 .rodata._vfprintf_r.str1.1
                0x08008e06       0x11 C:/ST/STM32CubeIDE_1.16.0/STM32CubeIDE/plugins/com.st.stm32cube.ide.mcu.externaltools.gnu-tools-for-stm32.12.3.rel1.win32_1.0.200.202406191623/tools/bin/../lib/gcc/arm-none-eabi/12.3.1/../../../../arm-none-eabi/lib/thumb/v7e-m+fp/hard\libc_nano.a(libc_a-nano-vfprintf.o)
 .rodata._printf_i.str1.1
                0x08008e06       0x22 C:/ST/STM32CubeIDE_1.16.0/STM32CubeIDE/plugins/com.st.stm32cube.ide.mcu.externaltools.gnu-tools-for-stm32.12.3.rel1.win32_1.0.200.202406191623/tools/bin/../lib/gcc/arm-none-eabi/12.3.1/../../../../arm-none-eabi/lib/thumb/v7e-m+fp/hard\libc_nano.a(libc_a-nano-vfprintf_i.o)
                0x08008e28                        . = ALIGN (0x4)

.ARM.extab      0x08008e28        0x0
                0x08008e28                        . = ALIGN (0x4)
 *(.ARM.extab* .gnu.linkonce.armextab.*)
                0x08008e28                        . = ALIGN (0x4)

.ARM            0x08008e28        0x8
                0x08008e28                        . = ALIGN (0x4)
                0x08008e28                        __exidx_start = .
 *(.ARM.exidx*)
 .ARM.exidx     0x08008e28        0x8 C:/ST/STM32CubeIDE_1.16.0/STM32CubeIDE/plugins/com.st.stm32cube.ide.mcu.externaltools.gnu-tools-for-stm32.12.3.rel1.win32_1.0.200.202406191623/tools/bin/../lib/gcc/arm-none-eabi/12.3.1/../../../../arm-none-eabi/lib/thumb/v7e-m+fp/hard\libc_nano.a(libc_a-strcmp.o)
 .ARM.exidx     0x08008e30        0x0 C:/ST/STM32CubeIDE_1.16.0/STM32CubeIDE/plugins/com.st.stm32cube.ide.mcu.externaltools.gnu-tools-for-stm32.12.3.rel1.win32_1.0.200.202406191623/tools/bin/../lib/gcc/arm-none-eabi/12.3.1/../../../../arm-none-eabi/lib/thumb/v7e-m+fp/hard\libc_nano.a(libc_a-strlen.o)
                                  0x8 (size before relaxing)
 .ARM.exidx     0x08008e30        0x0 C:/ST/STM32CubeIDE_1.16.0/STM32CubeIDE/plugins/com.st.stm32cube.ide.mcu.externaltools.gnu-tools-for-stm32.12.3.rel1.win32_1.0.200.202406191623/tools/bin/../lib/gcc/arm-none-eabi/12.3.1/../../../../arm-none-eabi/lib/thumb/v7e-m+fp/hard\libc_nano.a(libc_a-memchr.o)
                                  0x8 (size before relaxing)
 .ARM.exidx     0x08008e30        0x0 C:/ST/STM32CubeIDE_1.16.0/STM32CubeIDE/plugins/com.st.stm32cube.ide.mcu.externaltools.gnu-tools-for-stm32.12.3.rel1.win32_1.0.200.202406191623/tools/bin/../lib/gcc/arm-none-eabi/12.3.1/thumb/v7e-m+fp/hard\libgcc.a(_udivmoddi4.o)
                                  0x8 (size before relaxing)
                0x08008e30                        __exidx_end = .
                0x08008e30                        . = ALIGN (0x4)

.preinit_array  0x08008e30        0x0
                0x08008e30                        . = ALIGN (0x4)
                0x08008e30                        PROVIDE (__preinit_array_start = .)
 *(.preinit_array*)
                0x08008e30                        PROVIDE (__preinit_array_end = .)
                0x08008e30                        . = ALIGN (0x4)

.init_array     0x08008e30        0x4
                0x08008e30                        . = ALIGN (0x4)
                0x08008e30                        PROVIDE (__init_array_start = .)
 *(SORT_BY_NAME(.init_array.*))
 *(.init_array*)
 .init_array    0x08008e30        0x4 C:/ST/STM32CubeIDE_1.16.0/STM32CubeIDE/plugins/com.st.stm32cube.ide.mcu.externaltools.gnu-tools-for-stm32.12.3.rel1.win32_1.0.200.202406191623/tools/bin/../lib/gcc/arm-none-eabi/12.3.1/thumb/v7e-m+fp/hard/crtbegin.o
                0x08008e34                        PROVIDE (__init_array_end = .)
                0x08008e34                        . = ALIGN (0x4)

.fini_array     0x08008e34        0x4
                0x08008e34                        . = ALIGN (0x4)
                [!provide]                        PROVIDE (__fini_array_start = .)
 *(SORT_BY_NAME(.fini_array.*))
 *(.fini_array*)
 .fini_array    0x08008e34        0x4 C:/ST/STM32CubeIDE_1.16.0/STM32CubeIDE/plugins/com.st.stm32cube.ide.mcu.externaltools.gnu-tools-for-stm32.12.3.rel1.win32_1.0.200.202406191623/tools/bin/../lib/gcc/arm-none-eabi/12.3.1/thumb/v7e-m+fp/hard/crtbegin.o
                [!provide]                        PROVIDE (__fini_array_end = .)
                0x08008e38                        . = ALIGN (0x4)
                0x08008e38                        _sidata = LOADADDR (.data)

.rel.dyn        0x08008e38        0x0
 .rel.iplt      0x08008e38        0x0 C:/ST/STM32CubeIDE_1.16.0/STM32CubeIDE/plugins/com.st.stm32cube.ide.mcu.externaltools.gnu-tools-for-stm32.12.3.rel1.win32_1.0.200.202406191623/tools/bin/../lib/gcc/arm-none-eabi/12.3.1/thumb/v7e-m+fp/hard/crtbegin.o

.data           0x20000000       0xc0 load address 0x08008e38
                0x20000000                        . = ALIGN (0x4)
                0x20000000                        _sdata = .
 *(.data)
 *(.data*)
 .data.gWIZNETINFO2
                0x20000000       0x17 ./Core/Src/main.o
                0x20000000                gWIZNETINFO2
 *fill*         0x20000017        0x1 
 .data.socknumlist
                0x20000018        0x6 ./Core/Src/main.o
                0x20000018                socknumlist
 *fill*         0x2000001e        0x2 
 .data.SystemCoreClock
                0x20000020        0x4 ./Core/Src/system_stm32g4xx.o
                0x20000020                SystemCoreClock
 .data.HTTPServer_ReStart
                0x20000024        0x4 ./Core/Src/w5500/HTTPServer/httpServer.o
                0x20000024                HTTPServer_ReStart
 .data.HTTPServer_WDT_Reset
                0x20000028        0x4 ./Core/Src/w5500/HTTPServer/httpServer.o
                0x20000028                HTTPServer_WDT_Reset
 .data.sock_any_port
                0x2000002c        0x2 ./Core/Src/w5500/socket.o
 *fill*         0x2000002e        0x2 
 .data.WIZCHIP  0x20000030       0x2c ./Core/Src/w5500/wizchip_conf.o
                0x20000030                WIZCHIP
 .data.uwTickPrio
                0x2000005c        0x4 ./Drivers/STM32G4xx_HAL_Driver/Src/stm32g4xx_hal.o
                0x2000005c                uwTickPrio
 .data.uwTickFreq
                0x20000060        0x4 ./Drivers/STM32G4xx_HAL_Driver/Src/stm32g4xx_hal.o
                0x20000060                uwTickFreq
 .data.__sglue  0x20000064        0xc C:/ST/STM32CubeIDE_1.16.0/STM32CubeIDE/plugins/com.st.stm32cube.ide.mcu.externaltools.gnu-tools-for-stm32.12.3.rel1.win32_1.0.200.202406191623/tools/bin/../lib/gcc/arm-none-eabi/12.3.1/../../../../arm-none-eabi/lib/thumb/v7e-m+fp/hard\libc_nano.a(libc_a-findfp.o)
                0x20000064                __sglue
 .data._impure_ptr
                0x20000070        0x4 C:/ST/STM32CubeIDE_1.16.0/STM32CubeIDE/plugins/com.st.stm32cube.ide.mcu.externaltools.gnu-tools-for-stm32.12.3.rel1.win32_1.0.200.202406191623/tools/bin/../lib/gcc/arm-none-eabi/12.3.1/../../../../arm-none-eabi/lib/thumb/v7e-m+fp/hard\libc_nano.a(libc_a-impure.o)
                0x20000070                _impure_ptr
 .data._impure_data
                0x20000074       0x4c C:/ST/STM32CubeIDE_1.16.0/STM32CubeIDE/plugins/com.st.stm32cube.ide.mcu.externaltools.gnu-tools-for-stm32.12.3.rel1.win32_1.0.200.202406191623/tools/bin/../lib/gcc/arm-none-eabi/12.3.1/../../../../arm-none-eabi/lib/thumb/v7e-m+fp/hard\libc_nano.a(libc_a-impure.o)
                0x20000074                _impure_data
 *(.RamFunc)
 *(.RamFunc*)
                0x200000c0                        . = ALIGN (0x4)
                0x200000c0                        _edata = .

.igot.plt       0x200000c0        0x0 load address 0x08008ef8
 .igot.plt      0x200000c0        0x0 C:/ST/STM32CubeIDE_1.16.0/STM32CubeIDE/plugins/com.st.stm32cube.ide.mcu.externaltools.gnu-tools-for-stm32.12.3.rel1.win32_1.0.200.202406191623/tools/bin/../lib/gcc/arm-none-eabi/12.3.1/thumb/v7e-m+fp/hard/crtbegin.o
                0x200000c0                        . = ALIGN (0x4)

.bss            0x200000c0     0x1040 load address 0x08008ef8
                0x200000c0                        _sbss = .
                0x200000c0                        __bss_start__ = _sbss
 *(.bss)
 .bss           0x200000c0       0x1c C:/ST/STM32CubeIDE_1.16.0/STM32CubeIDE/plugins/com.st.stm32cube.ide.mcu.externaltools.gnu-tools-for-stm32.12.3.rel1.win32_1.0.200.202406191623/tools/bin/../lib/gcc/arm-none-eabi/12.3.1/thumb/v7e-m+fp/hard/crtbegin.o
 *(.bss*)
 .bss.hspi1     0x200000dc       0x64 ./Core/Src/main.o
                0x200000dc                hspi1
 .bss.huart2    0x20000140       0x94 ./Core/Src/main.o
                0x20000140                huart2
 .bss.http_rx_buff
                0x200001d4      0x400 ./Core/Src/main.o
                0x200001d4                http_rx_buff
 .bss.http_tx_buff
                0x200005d4      0x400 ./Core/Src/main.o
                0x200005d4                http_tx_buff
 .bss.__sbrk_heap_end
                0x200009d4        0x4 ./Core/Src/sysmem.o
 .bss.HTTPSock_Num
                0x200009d8        0x8 ./Core/Src/w5500/HTTPServer/httpServer.o
 .bss.http_request
                0x200009e0        0x4 ./Core/Src/w5500/HTTPServer/httpServer.o
 .bss.parsed_http_request
                0x200009e4        0x4 ./Core/Src/w5500/HTTPServer/httpServer.o
 .bss.http_response
                0x200009e8        0x4 ./Core/Src/w5500/HTTPServer/httpServer.o
 .bss.total_content_cnt
                0x200009ec        0x2 ./Core/Src/w5500/HTTPServer/httpServer.o
 *fill*         0x200009ee        0x2 
 .bss.pHTTP_TX  0x200009f0        0x4 ./Core/Src/w5500/HTTPServer/httpServer.o
                0x200009f0                pHTTP_TX
 .bss.pHTTP_RX  0x200009f4        0x4 ./Core/Src/w5500/HTTPServer/httpServer.o
                0x200009f4                pHTTP_RX
 .bss.httpServer_tick_1s
                0x200009f8        0x4 ./Core/Src/w5500/HTTPServer/httpServer.o
                0x200009f8                httpServer_tick_1s
 .bss.HTTPSock_Status
                0x200009fc      0x4a0 ./Core/Src/w5500/HTTPServer/httpServer.o
                0x200009fc                HTTPSock_Status
 .bss.web_content
                0x20000e9c       0xf0 ./Core/Src/w5500/HTTPServer/httpServer.o
                0x20000e9c                web_content
 .bss.sock_io_mode
                0x20000f8c        0x2 ./Core/Src/w5500/socket.o
 .bss.sock_is_sending
                0x20000f8e        0x2 ./Core/Src/w5500/socket.o
 .bss.sock_remained_size
                0x20000f90       0x10 ./Core/Src/w5500/socket.o
 .bss.sock_pack_info
                0x20000fa0        0x8 ./Core/Src/w5500/socket.o
                0x20000fa0                sock_pack_info
 .bss._DNS_     0x20000fa8        0x4 ./Core/Src/w5500/wizchip_conf.o
 .bss._DHCP_    0x20000fac        0x1 ./Core/Src/w5500/wizchip_conf.o
 *fill*         0x20000fad        0x3 
 .bss.uwTick    0x20000fb0        0x4 ./Drivers/STM32G4xx_HAL_Driver/Src/stm32g4xx_hal.o
                0x20000fb0                uwTick
 .bss.__malloc_sbrk_start
                0x20000fb4        0x4 C:/ST/STM32CubeIDE_1.16.0/STM32CubeIDE/plugins/com.st.stm32cube.ide.mcu.externaltools.gnu-tools-for-stm32.12.3.rel1.win32_1.0.200.202406191623/tools/bin/../lib/gcc/arm-none-eabi/12.3.1/../../../../arm-none-eabi/lib/thumb/v7e-m+fp/hard\libc_nano.a(libc_a-mallocr.o)
                0x20000fb4                __malloc_sbrk_start
 .bss.__malloc_free_list
                0x20000fb8        0x4 C:/ST/STM32CubeIDE_1.16.0/STM32CubeIDE/plugins/com.st.stm32cube.ide.mcu.externaltools.gnu-tools-for-stm32.12.3.rel1.win32_1.0.200.202406191623/tools/bin/../lib/gcc/arm-none-eabi/12.3.1/../../../../arm-none-eabi/lib/thumb/v7e-m+fp/hard\libc_nano.a(libc_a-mallocr.o)
                0x20000fb8                __malloc_free_list
 .bss.__sf      0x20000fbc      0x138 C:/ST/STM32CubeIDE_1.16.0/STM32CubeIDE/plugins/com.st.stm32cube.ide.mcu.externaltools.gnu-tools-for-stm32.12.3.rel1.win32_1.0.200.202406191623/tools/bin/../lib/gcc/arm-none-eabi/12.3.1/../../../../arm-none-eabi/lib/thumb/v7e-m+fp/hard\libc_nano.a(libc_a-findfp.o)
                0x20000fbc                __sf
 .bss.__stdio_exit_handler
                0x200010f4        0x4 C:/ST/STM32CubeIDE_1.16.0/STM32CubeIDE/plugins/com.st.stm32cube.ide.mcu.externaltools.gnu-tools-for-stm32.12.3.rel1.win32_1.0.200.202406191623/tools/bin/../lib/gcc/arm-none-eabi/12.3.1/../../../../arm-none-eabi/lib/thumb/v7e-m+fp/hard\libc_nano.a(libc_a-findfp.o)
                0x200010f4                __stdio_exit_handler
 .bss.errno     0x200010f8        0x4 C:/ST/STM32CubeIDE_1.16.0/STM32CubeIDE/plugins/com.st.stm32cube.ide.mcu.externaltools.gnu-tools-for-stm32.12.3.rel1.win32_1.0.200.202406191623/tools/bin/../lib/gcc/arm-none-eabi/12.3.1/../../../../arm-none-eabi/lib/thumb/v7e-m+fp/hard\libc_nano.a(libc_a-reent.o)
                0x200010f8                errno
 .bss.__lock___malloc_recursive_mutex
                0x200010fc        0x1 C:/ST/STM32CubeIDE_1.16.0/STM32CubeIDE/plugins/com.st.stm32cube.ide.mcu.externaltools.gnu-tools-for-stm32.12.3.rel1.win32_1.0.200.202406191623/tools/bin/../lib/gcc/arm-none-eabi/12.3.1/../../../../arm-none-eabi/lib/thumb/v7e-m+fp/hard\libc_nano.a(libc_a-lock.o)
                0x200010fc                __lock___malloc_recursive_mutex
 .bss.__lock___sfp_recursive_mutex
                0x200010fd        0x1 C:/ST/STM32CubeIDE_1.16.0/STM32CubeIDE/plugins/com.st.stm32cube.ide.mcu.externaltools.gnu-tools-for-stm32.12.3.rel1.win32_1.0.200.202406191623/tools/bin/../lib/gcc/arm-none-eabi/12.3.1/../../../../arm-none-eabi/lib/thumb/v7e-m+fp/hard\libc_nano.a(libc_a-lock.o)
                0x200010fd                __lock___sfp_recursive_mutex
 *(COMMON)
                0x20001100                        . = ALIGN (0x4)
 *fill*         0x200010fe        0x2 
                0x20001100                        _ebss = .
                0x20001100                        __bss_end__ = _ebss

._user_heap_stack
                0x20001100      0x600 load address 0x08008ef8
                0x20001100                        . = ALIGN (0x8)
                [!provide]                        PROVIDE (end = .)
                0x20001100                        PROVIDE (_end = .)
                0x20001300                        . = (. + _Min_Heap_Size)
 *fill*         0x20001100      0x200 
                0x20001700                        . = (. + _Min_Stack_Size)
 *fill*         0x20001300      0x400 
                0x20001700                        . = ALIGN (0x8)

/DISCARD/
 libc.a(*)
 libm.a(*)
 libgcc.a(*)

.ARM.attributes
                0x00000000       0x30
 *(.ARM.attributes)
 .ARM.attributes
                0x00000000       0x22 C:/ST/STM32CubeIDE_1.16.0/STM32CubeIDE/plugins/com.st.stm32cube.ide.mcu.externaltools.gnu-tools-for-stm32.12.3.rel1.win32_1.0.200.202406191623/tools/bin/../lib/gcc/arm-none-eabi/12.3.1/thumb/v7e-m+fp/hard/crti.o
 .ARM.attributes
                0x00000022       0x34 C:/ST/STM32CubeIDE_1.16.0/STM32CubeIDE/plugins/com.st.stm32cube.ide.mcu.externaltools.gnu-tools-for-stm32.12.3.rel1.win32_1.0.200.202406191623/tools/bin/../lib/gcc/arm-none-eabi/12.3.1/thumb/v7e-m+fp/hard/crtbegin.o
 .ARM.attributes
                0x00000056       0x34 ./Core/Src/main.o
 .ARM.attributes
                0x0000008a       0x34 ./Core/Src/stm32g4xx_hal_msp.o
 .ARM.attributes
                0x000000be       0x34 ./Core/Src/stm32g4xx_it.o
 .ARM.attributes
                0x000000f2       0x34 ./Core/Src/syscalls.o
 .ARM.attributes
                0x00000126       0x34 ./Core/Src/sysmem.o
 .ARM.attributes
                0x0000015a       0x34 ./Core/Src/system_stm32g4xx.o
 .ARM.attributes
                0x0000018e       0x34 ./Core/Src/w5500/HTTPServer/httpParser.o
 .ARM.attributes
                0x000001c2       0x34 ./Core/Src/w5500/HTTPServer/httpServer.o
 .ARM.attributes
                0x000001f6       0x34 ./Core/Src/w5500/HTTPServer/httpUtil.o
 .ARM.attributes
                0x0000022a       0x34 ./Core/Src/w5500/W5500/w5500.o
 .ARM.attributes
                0x0000025e       0x34 ./Core/Src/w5500/socket.o
 .ARM.attributes
                0x00000292       0x34 ./Core/Src/w5500/w5500_spi.o
 .ARM.attributes
                0x000002c6       0x34 ./Core/Src/w5500/wizchip_conf.o
 .ARM.attributes
                0x000002fa       0x21 ./Core/Startup/startup_stm32g474retx.o
 .ARM.attributes
                0x0000031b       0x34 ./Drivers/STM32G4xx_HAL_Driver/Src/stm32g4xx_hal.o
 .ARM.attributes
                0x0000034f       0x34 ./Drivers/STM32G4xx_HAL_Driver/Src/stm32g4xx_hal_cortex.o
 .ARM.attributes
                0x00000383       0x34 ./Drivers/STM32G4xx_HAL_Driver/Src/stm32g4xx_hal_gpio.o
 .ARM.attributes
                0x000003b7       0x34 ./Drivers/STM32G4xx_HAL_Driver/Src/stm32g4xx_hal_pwr_ex.o
 .ARM.attributes
                0x000003eb       0x34 ./Drivers/STM32G4xx_HAL_Driver/Src/stm32g4xx_hal_rcc.o
 .ARM.attributes
                0x0000041f       0x34 ./Drivers/STM32G4xx_HAL_Driver/Src/stm32g4xx_hal_rcc_ex.o
 .ARM.attributes
                0x00000453       0x34 ./Drivers/STM32G4xx_HAL_Driver/Src/stm32g4xx_hal_spi.o
 .ARM.attributes
                0x00000487       0x34 ./Drivers/STM32G4xx_HAL_Driver/Src/stm32g4xx_hal_uart.o
 .ARM.attributes
                0x000004bb       0x34 ./Drivers/STM32G4xx_HAL_Driver/Src/stm32g4xx_hal_uart_ex.o
 .ARM.attributes
                0x000004ef       0x34 C:/ST/STM32CubeIDE_1.16.0/STM32CubeIDE/plugins/com.st.stm32cube.ide.mcu.externaltools.gnu-tools-for-stm32.12.3.rel1.win32_1.0.200.202406191623/tools/bin/../lib/gcc/arm-none-eabi/12.3.1/../../../../arm-none-eabi/lib/thumb/v7e-m+fp/hard\libc_nano.a(libc_a-malloc.o)
 .ARM.attributes
                0x00000523       0x34 C:/ST/STM32CubeIDE_1.16.0/STM32CubeIDE/plugins/com.st.stm32cube.ide.mcu.externaltools.gnu-tools-for-stm32.12.3.rel1.win32_1.0.200.202406191623/tools/bin/../lib/gcc/arm-none-eabi/12.3.1/../../../../arm-none-eabi/lib/thumb/v7e-m+fp/hard\libc_nano.a(libc_a-mallocr.o)
 .ARM.attributes
                0x00000557       0x34 C:/ST/STM32CubeIDE_1.16.0/STM32CubeIDE/plugins/com.st.stm32cube.ide.mcu.externaltools.gnu-tools-for-stm32.12.3.rel1.win32_1.0.200.202406191623/tools/bin/../lib/gcc/arm-none-eabi/12.3.1/../../../../arm-none-eabi/lib/thumb/v7e-m+fp/hard\libc_nano.a(libc_a-mlock.o)
 .ARM.attributes
                0x0000058b       0x34 C:/ST/STM32CubeIDE_1.16.0/STM32CubeIDE/plugins/com.st.stm32cube.ide.mcu.externaltools.gnu-tools-for-stm32.12.3.rel1.win32_1.0.200.202406191623/tools/bin/../lib/gcc/arm-none-eabi/12.3.1/../../../../arm-none-eabi/lib/thumb/v7e-m+fp/hard\libc_nano.a(libc_a-findfp.o)
 .ARM.attributes
                0x000005bf       0x34 C:/ST/STM32CubeIDE_1.16.0/STM32CubeIDE/plugins/com.st.stm32cube.ide.mcu.externaltools.gnu-tools-for-stm32.12.3.rel1.win32_1.0.200.202406191623/tools/bin/../lib/gcc/arm-none-eabi/12.3.1/../../../../arm-none-eabi/lib/thumb/v7e-m+fp/hard\libc_nano.a(libc_a-fwalk.o)
 .ARM.attributes
                0x000005f3       0x34 C:/ST/STM32CubeIDE_1.16.0/STM32CubeIDE/plugins/com.st.stm32cube.ide.mcu.externaltools.gnu-tools-for-stm32.12.3.rel1.win32_1.0.200.202406191623/tools/bin/../lib/gcc/arm-none-eabi/12.3.1/../../../../arm-none-eabi/lib/thumb/v7e-m+fp/hard\libc_nano.a(libc_a-printf.o)
 .ARM.attributes
                0x00000627       0x34 C:/ST/STM32CubeIDE_1.16.0/STM32CubeIDE/plugins/com.st.stm32cube.ide.mcu.externaltools.gnu-tools-for-stm32.12.3.rel1.win32_1.0.200.202406191623/tools/bin/../lib/gcc/arm-none-eabi/12.3.1/../../../../arm-none-eabi/lib/thumb/v7e-m+fp/hard\libc_nano.a(libc_a-puts.o)
 .ARM.attributes
                0x0000065b       0x34 C:/ST/STM32CubeIDE_1.16.0/STM32CubeIDE/plugins/com.st.stm32cube.ide.mcu.externaltools.gnu-tools-for-stm32.12.3.rel1.win32_1.0.200.202406191623/tools/bin/../lib/gcc/arm-none-eabi/12.3.1/../../../../arm-none-eabi/lib/thumb/v7e-m+fp/hard\libc_nano.a(libc_a-setbuf.o)
 .ARM.attributes
                0x0000068f       0x34 C:/ST/STM32CubeIDE_1.16.0/STM32CubeIDE/plugins/com.st.stm32cube.ide.mcu.externaltools.gnu-tools-for-stm32.12.3.rel1.win32_1.0.200.202406191623/tools/bin/../lib/gcc/arm-none-eabi/12.3.1/../../../../arm-none-eabi/lib/thumb/v7e-m+fp/hard\libc_nano.a(libc_a-setvbuf.o)
 .ARM.attributes
                0x000006c3       0x34 C:/ST/STM32CubeIDE_1.16.0/STM32CubeIDE/plugins/com.st.stm32cube.ide.mcu.externaltools.gnu-tools-for-stm32.12.3.rel1.win32_1.0.200.202406191623/tools/bin/../lib/gcc/arm-none-eabi/12.3.1/../../../../arm-none-eabi/lib/thumb/v7e-m+fp/hard\libc_nano.a(libc_a-sprintf.o)
 .ARM.attributes
                0x000006f7       0x34 C:/ST/STM32CubeIDE_1.16.0/STM32CubeIDE/plugins/com.st.stm32cube.ide.mcu.externaltools.gnu-tools-for-stm32.12.3.rel1.win32_1.0.200.202406191623/tools/bin/../lib/gcc/arm-none-eabi/12.3.1/../../../../arm-none-eabi/lib/thumb/v7e-m+fp/hard\libc_nano.a(libc_a-stdio.o)
 .ARM.attributes
                0x0000072b       0x34 C:/ST/STM32CubeIDE_1.16.0/STM32CubeIDE/plugins/com.st.stm32cube.ide.mcu.externaltools.gnu-tools-for-stm32.12.3.rel1.win32_1.0.200.202406191623/tools/bin/../lib/gcc/arm-none-eabi/12.3.1/../../../../arm-none-eabi/lib/thumb/v7e-m+fp/hard\libc_nano.a(libc_a-wbuf.o)
 .ARM.attributes
                0x0000075f       0x34 C:/ST/STM32CubeIDE_1.16.0/STM32CubeIDE/plugins/com.st.stm32cube.ide.mcu.externaltools.gnu-tools-for-stm32.12.3.rel1.win32_1.0.200.202406191623/tools/bin/../lib/gcc/arm-none-eabi/12.3.1/../../../../arm-none-eabi/lib/thumb/v7e-m+fp/hard\libc_nano.a(libc_a-wsetup.o)
 .ARM.attributes
                0x00000793       0x34 C:/ST/STM32CubeIDE_1.16.0/STM32CubeIDE/plugins/com.st.stm32cube.ide.mcu.externaltools.gnu-tools-for-stm32.12.3.rel1.win32_1.0.200.202406191623/tools/bin/../lib/gcc/arm-none-eabi/12.3.1/../../../../arm-none-eabi/lib/thumb/v7e-m+fp/hard\libc_nano.a(libc_a-memset.o)
 .ARM.attributes
                0x000007c7       0x34 C:/ST/STM32CubeIDE_1.16.0/STM32CubeIDE/plugins/com.st.stm32cube.ide.mcu.externaltools.gnu-tools-for-stm32.12.3.rel1.win32_1.0.200.202406191623/tools/bin/../lib/gcc/arm-none-eabi/12.3.1/../../../../arm-none-eabi/lib/thumb/v7e-m+fp/hard\libc_nano.a(libc_a-strcat.o)
 .ARM.attributes
                0x000007fb       0x34 C:/ST/STM32CubeIDE_1.16.0/STM32CubeIDE/plugins/com.st.stm32cube.ide.mcu.externaltools.gnu-tools-for-stm32.12.3.rel1.win32_1.0.200.202406191623/tools/bin/../lib/gcc/arm-none-eabi/12.3.1/../../../../arm-none-eabi/lib/thumb/v7e-m+fp/hard\libc_nano.a(libc_a-strncpy.o)
 .ARM.attributes
                0x0000082f       0x34 C:/ST/STM32CubeIDE_1.16.0/STM32CubeIDE/plugins/com.st.stm32cube.ide.mcu.externaltools.gnu-tools-for-stm32.12.3.rel1.win32_1.0.200.202406191623/tools/bin/../lib/gcc/arm-none-eabi/12.3.1/../../../../arm-none-eabi/lib/thumb/v7e-m+fp/hard\libc_nano.a(libc_a-strtok.o)
 .ARM.attributes
                0x00000863       0x34 C:/ST/STM32CubeIDE_1.16.0/STM32CubeIDE/plugins/com.st.stm32cube.ide.mcu.externaltools.gnu-tools-for-stm32.12.3.rel1.win32_1.0.200.202406191623/tools/bin/../lib/gcc/arm-none-eabi/12.3.1/../../../../arm-none-eabi/lib/thumb/v7e-m+fp/hard\libc_nano.a(libc_a-strtok_r.o)
 .ARM.attributes
                0x00000897       0x34 C:/ST/STM32CubeIDE_1.16.0/STM32CubeIDE/plugins/com.st.stm32cube.ide.mcu.externaltools.gnu-tools-for-stm32.12.3.rel1.win32_1.0.200.202406191623/tools/bin/../lib/gcc/arm-none-eabi/12.3.1/../../../../arm-none-eabi/lib/thumb/v7e-m+fp/hard\libc_nano.a(libc_a-strstr.o)
 .ARM.attributes
                0x000008cb       0x34 C:/ST/STM32CubeIDE_1.16.0/STM32CubeIDE/plugins/com.st.stm32cube.ide.mcu.externaltools.gnu-tools-for-stm32.12.3.rel1.win32_1.0.200.202406191623/tools/bin/../lib/gcc/arm-none-eabi/12.3.1/../../../../arm-none-eabi/lib/thumb/v7e-m+fp/hard\libc_nano.a(libc_a-closer.o)
 .ARM.attributes
                0x000008ff       0x34 C:/ST/STM32CubeIDE_1.16.0/STM32CubeIDE/plugins/com.st.stm32cube.ide.mcu.externaltools.gnu-tools-for-stm32.12.3.rel1.win32_1.0.200.202406191623/tools/bin/../lib/gcc/arm-none-eabi/12.3.1/../../../../arm-none-eabi/lib/thumb/v7e-m+fp/hard\libc_nano.a(libc_a-reent.o)
 .ARM.attributes
                0x00000933       0x34 C:/ST/STM32CubeIDE_1.16.0/STM32CubeIDE/plugins/com.st.stm32cube.ide.mcu.externaltools.gnu-tools-for-stm32.12.3.rel1.win32_1.0.200.202406191623/tools/bin/../lib/gcc/arm-none-eabi/12.3.1/../../../../arm-none-eabi/lib/thumb/v7e-m+fp/hard\libc_nano.a(libc_a-impure.o)
 .ARM.attributes
                0x00000967       0x34 C:/ST/STM32CubeIDE_1.16.0/STM32CubeIDE/plugins/com.st.stm32cube.ide.mcu.externaltools.gnu-tools-for-stm32.12.3.rel1.win32_1.0.200.202406191623/tools/bin/../lib/gcc/arm-none-eabi/12.3.1/../../../../arm-none-eabi/lib/thumb/v7e-m+fp/hard\libc_nano.a(libc_a-lseekr.o)
 .ARM.attributes
                0x0000099b       0x34 C:/ST/STM32CubeIDE_1.16.0/STM32CubeIDE/plugins/com.st.stm32cube.ide.mcu.externaltools.gnu-tools-for-stm32.12.3.rel1.win32_1.0.200.202406191623/tools/bin/../lib/gcc/arm-none-eabi/12.3.1/../../../../arm-none-eabi/lib/thumb/v7e-m+fp/hard\libc_nano.a(libc_a-readr.o)
 .ARM.attributes
                0x000009cf       0x34 C:/ST/STM32CubeIDE_1.16.0/STM32CubeIDE/plugins/com.st.stm32cube.ide.mcu.externaltools.gnu-tools-for-stm32.12.3.rel1.win32_1.0.200.202406191623/tools/bin/../lib/gcc/arm-none-eabi/12.3.1/../../../../arm-none-eabi/lib/thumb/v7e-m+fp/hard\libc_nano.a(libc_a-sbrkr.o)
 .ARM.attributes
                0x00000a03       0x34 C:/ST/STM32CubeIDE_1.16.0/STM32CubeIDE/plugins/com.st.stm32cube.ide.mcu.externaltools.gnu-tools-for-stm32.12.3.rel1.win32_1.0.200.202406191623/tools/bin/../lib/gcc/arm-none-eabi/12.3.1/../../../../arm-none-eabi/lib/thumb/v7e-m+fp/hard\libc_nano.a(libc_a-writer.o)
 .ARM.attributes
                0x00000a37       0x34 C:/ST/STM32CubeIDE_1.16.0/STM32CubeIDE/plugins/com.st.stm32cube.ide.mcu.externaltools.gnu-tools-for-stm32.12.3.rel1.win32_1.0.200.202406191623/tools/bin/../lib/gcc/arm-none-eabi/12.3.1/../../../../arm-none-eabi/lib/thumb/v7e-m+fp/hard\libc_nano.a(libc_a-errno.o)
 .ARM.attributes
                0x00000a6b       0x34 C:/ST/STM32CubeIDE_1.16.0/STM32CubeIDE/plugins/com.st.stm32cube.ide.mcu.externaltools.gnu-tools-for-stm32.12.3.rel1.win32_1.0.200.202406191623/tools/bin/../lib/gcc/arm-none-eabi/12.3.1/../../../../arm-none-eabi/lib/thumb/v7e-m+fp/hard\libc_nano.a(libc_a-init.o)
 .ARM.attributes
                0x00000a9f       0x34 C:/ST/STM32CubeIDE_1.16.0/STM32CubeIDE/plugins/com.st.stm32cube.ide.mcu.externaltools.gnu-tools-for-stm32.12.3.rel1.win32_1.0.200.202406191623/tools/bin/../lib/gcc/arm-none-eabi/12.3.1/../../../../arm-none-eabi/lib/thumb/v7e-m+fp/hard\libc_nano.a(libc_a-lock.o)
 .ARM.attributes
                0x00000ad3       0x20 C:/ST/STM32CubeIDE_1.16.0/STM32CubeIDE/plugins/com.st.stm32cube.ide.mcu.externaltools.gnu-tools-for-stm32.12.3.rel1.win32_1.0.200.202406191623/tools/bin/../lib/gcc/arm-none-eabi/12.3.1/../../../../arm-none-eabi/lib/thumb/v7e-m+fp/hard\libc_nano.a(libc_a-strcmp.o)
 .ARM.attributes