12:51:05 **** Incremental Build of configuration Debug for project DHCP_TRIAl ****
make -j16 all 
arm-none-eabi-gcc "../Core/Src/main.c" -mcpu=cortex-m4 -std=gnu11 -g3 -DDEBUG -DUSE_NUCLEO_64 -DUSE_HAL_DRIVER -DSTM32G474xx -c -I../Core/Inc -I../Core/Src/w5500/DHCP -I../Core/Src/w5500 -I../Core/Src/w5500/MQTTC -I../Core/Src/w5500/MQTTC/MQTTPacket -I../Core/Src/w5500/W5500 -I../Drivers/STM32G4xx_HAL_Driver/Inc -I../Drivers/STM32G4xx_HAL_Driver/Inc/Legacy -I../Drivers/BSP/STM32G4xx_Nucleo -I../Drivers/CMSIS/Device/ST/STM32G4xx/Include -I../Drivers/CMSIS/Include -O0 -ffunction-sections -fdata-sections -Wall -fstack-usage -fcyclomatic-complexity -MMD -MP -MF"Core/Src/main.d" -MT"Core/Src/main.o" --specs=nano.specs -mfpu=fpv4-sp-d16 -mfloat-abi=hard -mthumb -o "Core/Src/main.o"
arm-none-eabi-gcc -o "DHCP_TRIAl.elf" @"objects.list"   -mcpu=cortex-m4 -T"C:\Users\Korisnik\STM32CubeIDE\workspace_1.16.0\W5500_Repo\DHCP_TRIAl\STM32G474RETX_FLASH.ld" --specs=nosys.specs -Wl,-Map="DHCP_TRIAl.map" -Wl,--gc-sections -static --specs=nano.specs -mfpu=fpv4-sp-d16 -mfloat-abi=hard -mthumb -Wl,--start-group -lc -lm -Wl,--end-group
Finished building target: DHCP_TRIAl.elf
 
arm-none-eabi-size  DHCP_TRIAl.elf 
arm-none-eabi-objdump -h -S DHCP_TRIAl.elf  > "DHCP_TRIAl.list"
   text	   data	    bss	    dec	    hex	filename
  31800	    204	   4300	  36304	   8dd0	DHCP_TRIAl.elf
Finished building: default.size.stdout
 
Finished building: DHCP_TRIAl.list
 

12:51:06 Build Finished. 0 errors, 0 warnings. (took 995ms)

