08:43:54 **** Incremental Build of configuration Debug for project MQTT_PUB ****
make -j16 all 
arm-none-eabi-gcc "../Core/Src/main.c" -mcpu=cortex-m4 -std=gnu11 -g3 -DDEBUG -DUSE_NUCLEO_64 -DUSE_HAL_DRIVER -DSTM32G474xx -c -I../Core/Inc -I../Core/Src/w5500 -I../Core/Src/w5500/MQTTC -I../Core/Src/w5500/MQTTC/MQTTPacket -I../Core/Src/w5500/W5500 -I../Drivers/STM32G4xx_HAL_Driver/Inc -I../Drivers/STM32G4xx_HAL_Driver/Inc/Legacy -I../Drivers/BSP/STM32G4xx_Nucleo -I../Drivers/CMSIS/Device/ST/STM32G4xx/Include -I../Drivers/CMSIS/Include -O0 -ffunction-sections -fdata-sections -Wall -fstack-usage -fcyclomatic-complexity -MMD -MP -MF"Core/Src/main.d" -MT"Core/Src/main.o" --specs=nano.specs -mfpu=fpv4-sp-d16 -mfloat-abi=hard -mthumb -o "Core/Src/main.o"
../Core/Src/main.c:452:13: warning: 'publishClientExample' defined but not used [-Wunused-function]
  452 | static void publishClientExample()
      |             ^~~~~~~~~~~~~~~~~~~~
arm-none-eabi-gcc -o "MQTT_PUB.elf" @"objects.list"   -mcpu=cortex-m4 -T"C:\Users\Korisnik\STM32CubeIDE\workspace_1.16.0\W5500_Repo\MQTT_PUB\STM32G474RETX_FLASH.ld" --specs=nosys.specs -Wl,-Map="MQTT_PUB.map" -Wl,--gc-sections -static --specs=nano.specs -mfpu=fpv4-sp-d16 -mfloat-abi=hard -mthumb -Wl,--start-group -lc -lm -Wl,--end-group
Finished building target: MQTT_PUB.elf
 
arm-none-eabi-size  MQTT_PUB.elf 
arm-none-eabi-objdump -h -S MQTT_PUB.elf  > "MQTT_PUB.list"
   text	   data	    bss	    dec	    hex	filename
  32464	    272	   2832	  35568	   8af0	MQTT_PUB.elf
Finished building: default.size.stdout
 
Finished building: MQTT_PUB.list
 
08:50:01 **** Incremental Build of configuration Debug for project MQTT_PUB ****
make -j16 all 
arm-none-eabi-size  MQTT_PUB.elf 
   text	   data	    bss	    dec	    hex	filename
  32464	    272	   2832	  35568	   8af0	MQTT_PUB.elf
Finished building: default.size.stdout
 
08:58:10 **** Incremental Build of configuration Debug for project MQTT_PUB ****
make -j16 all 
arm-none-eabi-size  MQTT_PUB.elf 
   text	   data	    bss	    dec	    hex	filename
  32464	    272	   2832	  35568	   8af0	MQTT_PUB.elf
Finished building: default.size.stdout
 
